
AVRASM ver. 2.1.30  C:\Users\User\Documents\#UNSRI7\A&P\Pro 7 Embarcadero\Debug\List\Kirim data string.asm Wed Oct 09 14:14:58 2019

                 
                 
                 ;CodeVisionAVR C Compiler V3.12 Advanced
                 ;(C) Copyright 1998-2014 Pavel Haiduc, HP InfoTech s.r.l.
                 ;http://www.hpinfotech.com
                 
                 ;Build configuration    : Debug
                 ;Chip type              : ATmega8535
                 ;Program type           : Application
                 ;Clock frequency        : 8,000000 MHz
                 ;Memory model           : Small
                 ;Optimize for           : Size
                 ;(s)printf features     : int, width
                 ;(s)scanf features      : int, width
                 ;External RAM size      : 0
                 ;Data Stack size        : 128 byte(s)
                 ;Heap size              : 0 byte(s)
                 ;Promote 'char' to 'int': Yes
                 ;'char' is unsigned     : Yes
                 ;8 bit enums            : Yes
                 ;Global 'const' stored in FLASH: Yes
                 ;Enhanced function parameter passing: Yes
                 ;Enhanced core instructions: On
                 ;Automatic register allocation for global variables: On
                 ;Smart register allocation: On
                 
                 	#define _MODEL_SMALL_
                 
                 	#pragma AVRPART ADMIN PART_NAME ATmega8535
                 	#pragma AVRPART MEMORY PROG_FLASH 8192
                 	#pragma AVRPART MEMORY EEPROM 512
                 	#pragma AVRPART MEMORY INT_SRAM SIZE 512
                 	#pragma AVRPART MEMORY INT_SRAM START_ADDR 0x60
                 
                 	.LISTMAC
                 	.EQU UDRE=0x5
                 	.EQU RXC=0x7
                 	.EQU USR=0xB
                 	.EQU UDR=0xC
                 	.EQU SPSR=0xE
                 	.EQU SPDR=0xF
                 	.EQU EERE=0x0
                 	.EQU EEWE=0x1
                 	.EQU EEMWE=0x2
                 	.EQU EECR=0x1C
                 	.EQU EEDR=0x1D
                 	.EQU EEARL=0x1E
                 	.EQU EEARH=0x1F
                 	.EQU WDTCR=0x21
                 	.EQU MCUCR=0x35
                 	.EQU GICR=0x3B
                 	.EQU SPL=0x3D
                 	.EQU SPH=0x3E
                 	.EQU SREG=0x3F
                 
                 	.DEF R0X0=R0
                 	.DEF R0X1=R1
                 	.DEF R0X2=R2
                 	.DEF R0X3=R3
                 	.DEF R0X4=R4
                 	.DEF R0X5=R5
                 	.DEF R0X6=R6
                 	.DEF R0X7=R7
                 	.DEF R0X8=R8
                 	.DEF R0X9=R9
                 	.DEF R0XA=R10
                 	.DEF R0XB=R11
                 	.DEF R0XC=R12
                 	.DEF R0XD=R13
                 	.DEF R0XE=R14
                 	.DEF R0XF=R15
                 	.DEF R0X10=R16
                 	.DEF R0X11=R17
                 	.DEF R0X12=R18
                 	.DEF R0X13=R19
                 	.DEF R0X14=R20
                 	.DEF R0X15=R21
                 	.DEF R0X16=R22
                 	.DEF R0X17=R23
                 	.DEF R0X18=R24
                 	.DEF R0X19=R25
                 	.DEF R0X1A=R26
                 	.DEF R0X1B=R27
                 	.DEF R0X1C=R28
                 	.DEF R0X1D=R29
                 	.DEF R0X1E=R30
                 	.DEF R0X1F=R31
                 
                 	.EQU __SRAM_START=0x0060
                 	.EQU __SRAM_END=0x025F
                 	.EQU __DSTACK_SIZE=0x0080
                 	.EQU __HEAP_SIZE=0x0000
                 	.EQU __CLEAR_SRAM_SIZE=__SRAM_END-__SRAM_START+1
                 
                 	.MACRO __CPD1N
                 	CPI  R30,LOW(@0)
                 	LDI  R26,HIGH(@0)
                 	CPC  R31,R26
                 	LDI  R26,BYTE3(@0)
                 	CPC  R22,R26
                 	LDI  R26,BYTE4(@0)
                 	CPC  R23,R26
                 	.ENDM
                 
                 	.MACRO __CPD2N
                 	CPI  R26,LOW(@0)
                 	LDI  R30,HIGH(@0)
                 	CPC  R27,R30
                 	LDI  R30,BYTE3(@0)
                 	CPC  R24,R30
                 	LDI  R30,BYTE4(@0)
                 	CPC  R25,R30
                 	.ENDM
                 
                 	.MACRO __CPWRR
                 	CP   R@0,R@2
                 	CPC  R@1,R@3
                 	.ENDM
                 
                 	.MACRO __CPWRN
                 	CPI  R@0,LOW(@2)
                 	LDI  R30,HIGH(@2)
                 	CPC  R@1,R30
                 	.ENDM
                 
                 	.MACRO __ADDB1MN
                 	SUBI R30,LOW(-@0-(@1))
                 	.ENDM
                 
                 	.MACRO __ADDB2MN
                 	SUBI R26,LOW(-@0-(@1))
                 	.ENDM
                 
                 	.MACRO __ADDW1MN
                 	SUBI R30,LOW(-@0-(@1))
                 	SBCI R31,HIGH(-@0-(@1))
                 	.ENDM
                 
                 	.MACRO __ADDW2MN
                 	SUBI R26,LOW(-@0-(@1))
                 	SBCI R27,HIGH(-@0-(@1))
                 	.ENDM
                 
                 	.MACRO __ADDW1FN
                 	SUBI R30,LOW(-2*@0-(@1))
                 	SBCI R31,HIGH(-2*@0-(@1))
                 	.ENDM
                 
                 	.MACRO __ADDD1FN
                 	SUBI R30,LOW(-2*@0-(@1))
                 	SBCI R31,HIGH(-2*@0-(@1))
                 	SBCI R22,BYTE3(-2*@0-(@1))
                 	.ENDM
                 
                 	.MACRO __ADDD1N
                 	SUBI R30,LOW(-@0)
                 	SBCI R31,HIGH(-@0)
                 	SBCI R22,BYTE3(-@0)
                 	SBCI R23,BYTE4(-@0)
                 	.ENDM
                 
                 	.MACRO __ADDD2N
                 	SUBI R26,LOW(-@0)
                 	SBCI R27,HIGH(-@0)
                 	SBCI R24,BYTE3(-@0)
                 	SBCI R25,BYTE4(-@0)
                 	.ENDM
                 
                 	.MACRO __SUBD1N
                 	SUBI R30,LOW(@0)
                 	SBCI R31,HIGH(@0)
                 	SBCI R22,BYTE3(@0)
                 	SBCI R23,BYTE4(@0)
                 	.ENDM
                 
                 	.MACRO __SUBD2N
                 	SUBI R26,LOW(@0)
                 	SBCI R27,HIGH(@0)
                 	SBCI R24,BYTE3(@0)
                 	SBCI R25,BYTE4(@0)
                 	.ENDM
                 
                 	.MACRO __ANDBMNN
                 	LDS  R30,@0+(@1)
                 	ANDI R30,LOW(@2)
                 	STS  @0+(@1),R30
                 	.ENDM
                 
                 	.MACRO __ANDWMNN
                 	LDS  R30,@0+(@1)
                 	ANDI R30,LOW(@2)
                 	STS  @0+(@1),R30
                 	LDS  R30,@0+(@1)+1
                 	ANDI R30,HIGH(@2)
                 	STS  @0+(@1)+1,R30
                 	.ENDM
                 
                 	.MACRO __ANDD1N
                 	ANDI R30,LOW(@0)
                 	ANDI R31,HIGH(@0)
                 	ANDI R22,BYTE3(@0)
                 	ANDI R23,BYTE4(@0)
                 	.ENDM
                 
                 	.MACRO __ANDD2N
                 	ANDI R26,LOW(@0)
                 	ANDI R27,HIGH(@0)
                 	ANDI R24,BYTE3(@0)
                 	ANDI R25,BYTE4(@0)
                 	.ENDM
                 
                 	.MACRO __ORBMNN
                 	LDS  R30,@0+(@1)
                 	ORI  R30,LOW(@2)
                 	STS  @0+(@1),R30
                 	.ENDM
                 
                 	.MACRO __ORWMNN
                 	LDS  R30,@0+(@1)
                 	ORI  R30,LOW(@2)
                 	STS  @0+(@1),R30
                 	LDS  R30,@0+(@1)+1
                 	ORI  R30,HIGH(@2)
                 	STS  @0+(@1)+1,R30
                 	.ENDM
                 
                 	.MACRO __ORD1N
                 	ORI  R30,LOW(@0)
                 	ORI  R31,HIGH(@0)
                 	ORI  R22,BYTE3(@0)
                 	ORI  R23,BYTE4(@0)
                 	.ENDM
                 
                 	.MACRO __ORD2N
                 	ORI  R26,LOW(@0)
                 	ORI  R27,HIGH(@0)
                 	ORI  R24,BYTE3(@0)
                 	ORI  R25,BYTE4(@0)
                 	.ENDM
                 
                 	.MACRO __DELAY_USB
                 	LDI  R24,LOW(@0)
                 __DELAY_USB_LOOP:
                 	DEC  R24
                 	BRNE __DELAY_USB_LOOP
                 	.ENDM
                 
                 	.MACRO __DELAY_USW
                 	LDI  R24,LOW(@0)
                 	LDI  R25,HIGH(@0)
                 __DELAY_USW_LOOP:
                 	SBIW R24,1
                 	BRNE __DELAY_USW_LOOP
                 	.ENDM
                 
                 	.MACRO __GETD1S
                 	LDD  R30,Y+@0
                 	LDD  R31,Y+@0+1
                 	LDD  R22,Y+@0+2
                 	LDD  R23,Y+@0+3
                 	.ENDM
                 
                 	.MACRO __GETD2S
                 	LDD  R26,Y+@0
                 	LDD  R27,Y+@0+1
                 	LDD  R24,Y+@0+2
                 	LDD  R25,Y+@0+3
                 	.ENDM
                 
                 	.MACRO __PUTD1S
                 	STD  Y+@0,R30
                 	STD  Y+@0+1,R31
                 	STD  Y+@0+2,R22
                 	STD  Y+@0+3,R23
                 	.ENDM
                 
                 	.MACRO __PUTD2S
                 	STD  Y+@0,R26
                 	STD  Y+@0+1,R27
                 	STD  Y+@0+2,R24
                 	STD  Y+@0+3,R25
                 	.ENDM
                 
                 	.MACRO __PUTDZ2
                 	STD  Z+@0,R26
                 	STD  Z+@0+1,R27
                 	STD  Z+@0+2,R24
                 	STD  Z+@0+3,R25
                 	.ENDM
                 
                 	.MACRO __CLRD1S
                 	STD  Y+@0,R30
                 	STD  Y+@0+1,R30
                 	STD  Y+@0+2,R30
                 	STD  Y+@0+3,R30
                 	.ENDM
                 
                 	.MACRO __POINTB1MN
                 	LDI  R30,LOW(@0+(@1))
                 	.ENDM
                 
                 	.MACRO __POINTW1MN
                 	LDI  R30,LOW(@0+(@1))
                 	LDI  R31,HIGH(@0+(@1))
                 	.ENDM
                 
                 	.MACRO __POINTD1M
                 	LDI  R30,LOW(@0)
                 	LDI  R31,HIGH(@0)
                 	LDI  R22,BYTE3(@0)
                 	LDI  R23,BYTE4(@0)
                 	.ENDM
                 
                 	.MACRO __POINTW1FN
                 	LDI  R30,LOW(2*@0+(@1))
                 	LDI  R31,HIGH(2*@0+(@1))
                 	.ENDM
                 
                 	.MACRO __POINTD1FN
                 	LDI  R30,LOW(2*@0+(@1))
                 	LDI  R31,HIGH(2*@0+(@1))
                 	LDI  R22,BYTE3(2*@0+(@1))
                 	LDI  R23,BYTE4(2*@0+(@1))
                 	.ENDM
                 
                 	.MACRO __POINTB2MN
                 	LDI  R26,LOW(@0+(@1))
                 	.ENDM
                 
                 	.MACRO __POINTW2MN
                 	LDI  R26,LOW(@0+(@1))
                 	LDI  R27,HIGH(@0+(@1))
                 	.ENDM
                 
                 	.MACRO __POINTW2FN
                 	LDI  R26,LOW(2*@0+(@1))
                 	LDI  R27,HIGH(2*@0+(@1))
                 	.ENDM
                 
                 	.MACRO __POINTD2FN
                 	LDI  R26,LOW(2*@0+(@1))
                 	LDI  R27,HIGH(2*@0+(@1))
                 	LDI  R24,BYTE3(2*@0+(@1))
                 	LDI  R25,BYTE4(2*@0+(@1))
                 	.ENDM
                 
                 	.MACRO __POINTBRM
                 	LDI  R@0,LOW(@1)
                 	.ENDM
                 
                 	.MACRO __POINTWRM
                 	LDI  R@0,LOW(@2)
                 	LDI  R@1,HIGH(@2)
                 	.ENDM
                 
                 	.MACRO __POINTBRMN
                 	LDI  R@0,LOW(@1+(@2))
                 	.ENDM
                 
                 	.MACRO __POINTWRMN
                 	LDI  R@0,LOW(@2+(@3))
                 	LDI  R@1,HIGH(@2+(@3))
                 	.ENDM
                 
                 	.MACRO __POINTWRFN
                 	LDI  R@0,LOW(@2*2+(@3))
                 	LDI  R@1,HIGH(@2*2+(@3))
                 	.ENDM
                 
                 	.MACRO __GETD1N
                 	LDI  R30,LOW(@0)
                 	LDI  R31,HIGH(@0)
                 	LDI  R22,BYTE3(@0)
                 	LDI  R23,BYTE4(@0)
                 	.ENDM
                 
                 	.MACRO __GETD2N
                 	LDI  R26,LOW(@0)
                 	LDI  R27,HIGH(@0)
                 	LDI  R24,BYTE3(@0)
                 	LDI  R25,BYTE4(@0)
                 	.ENDM
                 
                 	.MACRO __GETB1MN
                 	LDS  R30,@0+(@1)
                 	.ENDM
                 
                 	.MACRO __GETB1HMN
                 	LDS  R31,@0+(@1)
                 	.ENDM
                 
                 	.MACRO __GETW1MN
                 	LDS  R30,@0+(@1)
                 	LDS  R31,@0+(@1)+1
                 	.ENDM
                 
                 	.MACRO __GETD1MN
                 	LDS  R30,@0+(@1)
                 	LDS  R31,@0+(@1)+1
                 	LDS  R22,@0+(@1)+2
                 	LDS  R23,@0+(@1)+3
                 	.ENDM
                 
                 	.MACRO __GETBRMN
                 	LDS  R@0,@1+(@2)
                 	.ENDM
                 
                 	.MACRO __GETWRMN
                 	LDS  R@0,@2+(@3)
                 	LDS  R@1,@2+(@3)+1
                 	.ENDM
                 
                 	.MACRO __GETWRZ
                 	LDD  R@0,Z+@2
                 	LDD  R@1,Z+@2+1
                 	.ENDM
                 
                 	.MACRO __GETD2Z
                 	LDD  R26,Z+@0
                 	LDD  R27,Z+@0+1
                 	LDD  R24,Z+@0+2
                 	LDD  R25,Z+@0+3
                 	.ENDM
                 
                 	.MACRO __GETB2MN
                 	LDS  R26,@0+(@1)
                 	.ENDM
                 
                 	.MACRO __GETW2MN
                 	LDS  R26,@0+(@1)
                 	LDS  R27,@0+(@1)+1
                 	.ENDM
                 
                 	.MACRO __GETD2MN
                 	LDS  R26,@0+(@1)
                 	LDS  R27,@0+(@1)+1
                 	LDS  R24,@0+(@1)+2
                 	LDS  R25,@0+(@1)+3
                 	.ENDM
                 
                 	.MACRO __PUTB1MN
                 	STS  @0+(@1),R30
                 	.ENDM
                 
                 	.MACRO __PUTW1MN
                 	STS  @0+(@1),R30
                 	STS  @0+(@1)+1,R31
                 	.ENDM
                 
                 	.MACRO __PUTD1MN
                 	STS  @0+(@1),R30
                 	STS  @0+(@1)+1,R31
                 	STS  @0+(@1)+2,R22
                 	STS  @0+(@1)+3,R23
                 	.ENDM
                 
                 	.MACRO __PUTB1EN
                 	LDI  R26,LOW(@0+(@1))
                 	LDI  R27,HIGH(@0+(@1))
                 	RCALL __EEPROMWRB
                 	.ENDM
                 
                 	.MACRO __PUTW1EN
                 	LDI  R26,LOW(@0+(@1))
                 	LDI  R27,HIGH(@0+(@1))
                 	RCALL __EEPROMWRW
                 	.ENDM
                 
                 	.MACRO __PUTD1EN
                 	LDI  R26,LOW(@0+(@1))
                 	LDI  R27,HIGH(@0+(@1))
                 	RCALL __EEPROMWRD
                 	.ENDM
                 
                 	.MACRO __PUTBR0MN
                 	STS  @0+(@1),R0
                 	.ENDM
                 
                 	.MACRO __PUTBMRN
                 	STS  @0+(@1),R@2
                 	.ENDM
                 
                 	.MACRO __PUTWMRN
                 	STS  @0+(@1),R@2
                 	STS  @0+(@1)+1,R@3
                 	.ENDM
                 
                 	.MACRO __PUTBZR
                 	STD  Z+@1,R@0
                 	.ENDM
                 
                 	.MACRO __PUTWZR
                 	STD  Z+@2,R@0
                 	STD  Z+@2+1,R@1
                 	.ENDM
                 
                 	.MACRO __GETW1R
                 	MOV  R30,R@0
                 	MOV  R31,R@1
                 	.ENDM
                 
                 	.MACRO __GETW2R
                 	MOV  R26,R@0
                 	MOV  R27,R@1
                 	.ENDM
                 
                 	.MACRO __GETWRN
                 	LDI  R@0,LOW(@2)
                 	LDI  R@1,HIGH(@2)
                 	.ENDM
                 
                 	.MACRO __PUTW1R
                 	MOV  R@0,R30
                 	MOV  R@1,R31
                 	.ENDM
                 
                 	.MACRO __PUTW2R
                 	MOV  R@0,R26
                 	MOV  R@1,R27
                 	.ENDM
                 
                 	.MACRO __ADDWRN
                 	SUBI R@0,LOW(-@2)
                 	SBCI R@1,HIGH(-@2)
                 	.ENDM
                 
                 	.MACRO __ADDWRR
                 	ADD  R@0,R@2
                 	ADC  R@1,R@3
                 	.ENDM
                 
                 	.MACRO __SUBWRN
                 	SUBI R@0,LOW(@2)
                 	SBCI R@1,HIGH(@2)
                 	.ENDM
                 
                 	.MACRO __SUBWRR
                 	SUB  R@0,R@2
                 	SBC  R@1,R@3
                 	.ENDM
                 
                 	.MACRO __ANDWRN
                 	ANDI R@0,LOW(@2)
                 	ANDI R@1,HIGH(@2)
                 	.ENDM
                 
                 	.MACRO __ANDWRR
                 	AND  R@0,R@2
                 	AND  R@1,R@3
                 	.ENDM
                 
                 	.MACRO __ORWRN
                 	ORI  R@0,LOW(@2)
                 	ORI  R@1,HIGH(@2)
                 	.ENDM
                 
                 	.MACRO __ORWRR
                 	OR   R@0,R@2
                 	OR   R@1,R@3
                 	.ENDM
                 
                 	.MACRO __EORWRR
                 	EOR  R@0,R@2
                 	EOR  R@1,R@3
                 	.ENDM
                 
                 	.MACRO __GETWRS
                 	LDD  R@0,Y+@2
                 	LDD  R@1,Y+@2+1
                 	.ENDM
                 
                 	.MACRO __PUTBSR
                 	STD  Y+@1,R@0
                 	.ENDM
                 
                 	.MACRO __PUTWSR
                 	STD  Y+@2,R@0
                 	STD  Y+@2+1,R@1
                 	.ENDM
                 
                 	.MACRO __MOVEWRR
                 	MOV  R@0,R@2
                 	MOV  R@1,R@3
                 	.ENDM
                 
                 	.MACRO __INWR
                 	IN   R@0,@2
                 	IN   R@1,@2+1
                 	.ENDM
                 
                 	.MACRO __OUTWR
                 	OUT  @2+1,R@1
                 	OUT  @2,R@0
                 	.ENDM
                 
                 	.MACRO __CALL1MN
                 	LDS  R30,@0+(@1)
                 	LDS  R31,@0+(@1)+1
                 	ICALL
                 	.ENDM
                 
                 	.MACRO __CALL1FN
                 	LDI  R30,LOW(2*@0+(@1))
                 	LDI  R31,HIGH(2*@0+(@1))
                 	RCALL __GETW1PF
                 	ICALL
                 	.ENDM
                 
                 	.MACRO __CALL2EN
                 	PUSH R26
                 	PUSH R27
                 	LDI  R26,LOW(@0+(@1))
                 	LDI  R27,HIGH(@0+(@1))
                 	RCALL __EEPROMRDW
                 	POP  R27
                 	POP  R26
                 	ICALL
                 	.ENDM
                 
                 	.MACRO __CALL2EX
                 	SUBI R26,LOW(-@0)
                 	SBCI R27,HIGH(-@0)
                 	RCALL __EEPROMRDD
                 	ICALL
                 	.ENDM
                 
                 	.MACRO __GETW1STACK
                 	IN   R30,SPL
                 	IN   R31,SPH
                 	ADIW R30,@0+1
                 	LD   R0,Z+
                 	LD   R31,Z
                 	MOV  R30,R0
                 	.ENDM
                 
                 	.MACRO __GETD1STACK
                 	IN   R30,SPL
                 	IN   R31,SPH
                 	ADIW R30,@0+1
                 	LD   R0,Z+
                 	LD   R1,Z+
                 	LD   R22,Z
                 	MOVW R30,R0
                 	.ENDM
                 
                 	.MACRO __NBST
                 	BST  R@0,@1
                 	IN   R30,SREG
                 	LDI  R31,0x40
                 	EOR  R30,R31
                 	OUT  SREG,R30
                 	.ENDM
                 
                 
                 	.MACRO __PUTB1SN
                 	LDD  R26,Y+@0
                 	LDD  R27,Y+@0+1
                 	SUBI R26,LOW(-@1)
                 	SBCI R27,HIGH(-@1)
                 	ST   X,R30
                 	.ENDM
                 
                 	.MACRO __PUTW1SN
                 	LDD  R26,Y+@0
                 	LDD  R27,Y+@0+1
                 	SUBI R26,LOW(-@1)
                 	SBCI R27,HIGH(-@1)
                 	ST   X+,R30
                 	ST   X,R31
                 	.ENDM
                 
                 	.MACRO __PUTD1SN
                 	LDD  R26,Y+@0
                 	LDD  R27,Y+@0+1
                 	SUBI R26,LOW(-@1)
                 	SBCI R27,HIGH(-@1)
                 	RCALL __PUTDP1
                 	.ENDM
                 
                 	.MACRO __PUTB1SNS
                 	LDD  R26,Y+@0
                 	LDD  R27,Y+@0+1
                 	ADIW R26,@1
                 	ST   X,R30
                 	.ENDM
                 
                 	.MACRO __PUTW1SNS
                 	LDD  R26,Y+@0
                 	LDD  R27,Y+@0+1
                 	ADIW R26,@1
                 	ST   X+,R30
                 	ST   X,R31
                 	.ENDM
                 
                 	.MACRO __PUTD1SNS
                 	LDD  R26,Y+@0
                 	LDD  R27,Y+@0+1
                 	ADIW R26,@1
                 	RCALL __PUTDP1
                 	.ENDM
                 
                 	.MACRO __PUTB1PMN
                 	LDS  R26,@0
                 	LDS  R27,@0+1
                 	SUBI R26,LOW(-@1)
                 	SBCI R27,HIGH(-@1)
                 	ST   X,R30
                 	.ENDM
                 
                 	.MACRO __PUTW1PMN
                 	LDS  R26,@0
                 	LDS  R27,@0+1
                 	SUBI R26,LOW(-@1)
                 	SBCI R27,HIGH(-@1)
                 	ST   X+,R30
                 	ST   X,R31
                 	.ENDM
                 
                 	.MACRO __PUTD1PMN
                 	LDS  R26,@0
                 	LDS  R27,@0+1
                 	SUBI R26,LOW(-@1)
                 	SBCI R27,HIGH(-@1)
                 	RCALL __PUTDP1
                 	.ENDM
                 
                 	.MACRO __PUTB1PMNS
                 	LDS  R26,@0
                 	LDS  R27,@0+1
                 	ADIW R26,@1
                 	ST   X,R30
                 	.ENDM
                 
                 	.MACRO __PUTW1PMNS
                 	LDS  R26,@0
                 	LDS  R27,@0+1
                 	ADIW R26,@1
                 	ST   X+,R30
                 	ST   X,R31
                 	.ENDM
                 
                 	.MACRO __PUTD1PMNS
                 	LDS  R26,@0
                 	LDS  R27,@0+1
                 	ADIW R26,@1
                 	RCALL __PUTDP1
                 	.ENDM
                 
                 	.MACRO __PUTB1RN
                 	MOVW R26,R@0
                 	SUBI R26,LOW(-@1)
                 	SBCI R27,HIGH(-@1)
                 	ST   X,R30
                 	.ENDM
                 
                 	.MACRO __PUTW1RN
                 	MOVW R26,R@0
                 	SUBI R26,LOW(-@1)
                 	SBCI R27,HIGH(-@1)
                 	ST   X+,R30
                 	ST   X,R31
                 	.ENDM
                 
                 	.MACRO __PUTD1RN
                 	MOVW R26,R@0
                 	SUBI R26,LOW(-@1)
                 	SBCI R27,HIGH(-@1)
                 	RCALL __PUTDP1
                 	.ENDM
                 
                 	.MACRO __PUTB1RNS
                 	MOVW R26,R@0
                 	ADIW R26,@1
                 	ST   X,R30
                 	.ENDM
                 
                 	.MACRO __PUTW1RNS
                 	MOVW R26,R@0
                 	ADIW R26,@1
                 	ST   X+,R30
                 	ST   X,R31
                 	.ENDM
                 
                 	.MACRO __PUTD1RNS
                 	MOVW R26,R@0
                 	ADIW R26,@1
                 	RCALL __PUTDP1
                 	.ENDM
                 
                 	.MACRO __PUTB1RON
                 	MOV  R26,R@0
                 	MOV  R27,R@1
                 	SUBI R26,LOW(-@2)
                 	SBCI R27,HIGH(-@2)
                 	ST   X,R30
                 	.ENDM
                 
                 	.MACRO __PUTW1RON
                 	MOV  R26,R@0
                 	MOV  R27,R@1
                 	SUBI R26,LOW(-@2)
                 	SBCI R27,HIGH(-@2)
                 	ST   X+,R30
                 	ST   X,R31
                 	.ENDM
                 
                 	.MACRO __PUTD1RON
                 	MOV  R26,R@0
                 	MOV  R27,R@1
                 	SUBI R26,LOW(-@2)
                 	SBCI R27,HIGH(-@2)
                 	RCALL __PUTDP1
                 	.ENDM
                 
                 	.MACRO __PUTB1RONS
                 	MOV  R26,R@0
                 	MOV  R27,R@1
                 	ADIW R26,@2
                 	ST   X,R30
                 	.ENDM
                 
                 	.MACRO __PUTW1RONS
                 	MOV  R26,R@0
                 	MOV  R27,R@1
                 	ADIW R26,@2
                 	ST   X+,R30
                 	ST   X,R31
                 	.ENDM
                 
                 	.MACRO __PUTD1RONS
                 	MOV  R26,R@0
                 	MOV  R27,R@1
                 	ADIW R26,@2
                 	RCALL __PUTDP1
                 	.ENDM
                 
                 
                 	.MACRO __GETB1SX
                 	MOVW R30,R28
                 	SUBI R30,LOW(-@0)
                 	SBCI R31,HIGH(-@0)
                 	LD   R30,Z
                 	.ENDM
                 
                 	.MACRO __GETB1HSX
                 	MOVW R30,R28
                 	SUBI R30,LOW(-@0)
                 	SBCI R31,HIGH(-@0)
                 	LD   R31,Z
                 	.ENDM
                 
                 	.MACRO __GETW1SX
                 	MOVW R30,R28
                 	SUBI R30,LOW(-@0)
                 	SBCI R31,HIGH(-@0)
                 	LD   R0,Z+
                 	LD   R31,Z
                 	MOV  R30,R0
                 	.ENDM
                 
                 	.MACRO __GETD1SX
                 	MOVW R30,R28
                 	SUBI R30,LOW(-@0)
                 	SBCI R31,HIGH(-@0)
                 	LD   R0,Z+
                 	LD   R1,Z+
                 	LD   R22,Z+
                 	LD   R23,Z
                 	MOVW R30,R0
                 	.ENDM
                 
                 	.MACRO __GETB2SX
                 	MOVW R26,R28
                 	SUBI R26,LOW(-@0)
                 	SBCI R27,HIGH(-@0)
                 	LD   R26,X
                 	.ENDM
                 
                 	.MACRO __GETW2SX
                 	MOVW R26,R28
                 	SUBI R26,LOW(-@0)
                 	SBCI R27,HIGH(-@0)
                 	LD   R0,X+
                 	LD   R27,X
                 	MOV  R26,R0
                 	.ENDM
                 
                 	.MACRO __GETD2SX
                 	MOVW R26,R28
                 	SUBI R26,LOW(-@0)
                 	SBCI R27,HIGH(-@0)
                 	LD   R0,X+
                 	LD   R1,X+
                 	LD   R24,X+
                 	LD   R25,X
                 	MOVW R26,R0
                 	.ENDM
                 
                 	.MACRO __GETBRSX
                 	MOVW R30,R28
                 	SUBI R30,LOW(-@1)
                 	SBCI R31,HIGH(-@1)
                 	LD   R@0,Z
                 	.ENDM
                 
                 	.MACRO __GETWRSX
                 	MOVW R30,R28
                 	SUBI R30,LOW(-@2)
                 	SBCI R31,HIGH(-@2)
                 	LD   R@0,Z+
                 	LD   R@1,Z
                 	.ENDM
                 
                 	.MACRO __GETBRSX2
                 	MOVW R26,R28
                 	SUBI R26,LOW(-@1)
                 	SBCI R27,HIGH(-@1)
                 	LD   R@0,X
                 	.ENDM
                 
                 	.MACRO __GETWRSX2
                 	MOVW R26,R28
                 	SUBI R26,LOW(-@2)
                 	SBCI R27,HIGH(-@2)
                 	LD   R@0,X+
                 	LD   R@1,X
                 	.ENDM
                 
                 	.MACRO __LSLW8SX
                 	MOVW R30,R28
                 	SUBI R30,LOW(-@0)
                 	SBCI R31,HIGH(-@0)
                 	LD   R31,Z
                 	CLR  R30
                 	.ENDM
                 
                 	.MACRO __PUTB1SX
                 	MOVW R26,R28
                 	SUBI R26,LOW(-@0)
                 	SBCI R27,HIGH(-@0)
                 	ST   X,R30
                 	.ENDM
                 
                 	.MACRO __PUTW1SX
                 	MOVW R26,R28
                 	SUBI R26,LOW(-@0)
                 	SBCI R27,HIGH(-@0)
                 	ST   X+,R30
                 	ST   X,R31
                 	.ENDM
                 
                 	.MACRO __PUTD1SX
                 	MOVW R26,R28
                 	SUBI R26,LOW(-@0)
                 	SBCI R27,HIGH(-@0)
                 	ST   X+,R30
                 	ST   X+,R31
                 	ST   X+,R22
                 	ST   X,R23
                 	.ENDM
                 
                 	.MACRO __CLRW1SX
                 	MOVW R26,R28
                 	SUBI R26,LOW(-@0)
                 	SBCI R27,HIGH(-@0)
                 	ST   X+,R30
                 	ST   X,R30
                 	.ENDM
                 
                 	.MACRO __CLRD1SX
                 	MOVW R26,R28
                 	SUBI R26,LOW(-@0)
                 	SBCI R27,HIGH(-@0)
                 	ST   X+,R30
                 	ST   X+,R30
                 	ST   X+,R30
                 	ST   X,R30
                 	.ENDM
                 
                 	.MACRO __PUTB2SX
                 	MOVW R30,R28
                 	SUBI R30,LOW(-@0)
                 	SBCI R31,HIGH(-@0)
                 	ST   Z,R26
                 	.ENDM
                 
                 	.MACRO __PUTW2SX
                 	MOVW R30,R28
                 	SUBI R30,LOW(-@0)
                 	SBCI R31,HIGH(-@0)
                 	ST   Z+,R26
                 	ST   Z,R27
                 	.ENDM
                 
                 	.MACRO __PUTD2SX
                 	MOVW R30,R28
                 	SUBI R30,LOW(-@0)
                 	SBCI R31,HIGH(-@0)
                 	ST   Z+,R26
                 	ST   Z+,R27
                 	ST   Z+,R24
                 	ST   Z,R25
                 	.ENDM
                 
                 	.MACRO __PUTBSRX
                 	MOVW R30,R28
                 	SUBI R30,LOW(-@1)
                 	SBCI R31,HIGH(-@1)
                 	ST   Z,R@0
                 	.ENDM
                 
                 	.MACRO __PUTWSRX
                 	MOVW R30,R28
                 	SUBI R30,LOW(-@2)
                 	SBCI R31,HIGH(-@2)
                 	ST   Z+,R@0
                 	ST   Z,R@1
                 	.ENDM
                 
                 	.MACRO __PUTB1SNX
                 	MOVW R26,R28
                 	SUBI R26,LOW(-@0)
                 	SBCI R27,HIGH(-@0)
                 	LD   R0,X+
                 	LD   R27,X
                 	MOV  R26,R0
                 	SUBI R26,LOW(-@1)
                 	SBCI R27,HIGH(-@1)
                 	ST   X,R30
                 	.ENDM
                 
                 	.MACRO __PUTW1SNX
                 	MOVW R26,R28
                 	SUBI R26,LOW(-@0)
                 	SBCI R27,HIGH(-@0)
                 	LD   R0,X+
                 	LD   R27,X
                 	MOV  R26,R0
                 	SUBI R26,LOW(-@1)
                 	SBCI R27,HIGH(-@1)
                 	ST   X+,R30
                 	ST   X,R31
                 	.ENDM
                 
                 	.MACRO __PUTD1SNX
                 	MOVW R26,R28
                 	SUBI R26,LOW(-@0)
                 	SBCI R27,HIGH(-@0)
                 	LD   R0,X+
                 	LD   R27,X
                 	MOV  R26,R0
                 	SUBI R26,LOW(-@1)
                 	SBCI R27,HIGH(-@1)
                 	ST   X+,R30
                 	ST   X+,R31
                 	ST   X+,R22
                 	ST   X,R23
                 	.ENDM
                 
                 	.MACRO __MULBRR
                 	MULS R@0,R@1
                 	MOVW R30,R0
                 	.ENDM
                 
                 	.MACRO __MULBRRU
                 	MUL  R@0,R@1
                 	MOVW R30,R0
                 	.ENDM
                 
                 	.MACRO __MULBRR0
                 	MULS R@0,R@1
                 	.ENDM
                 
                 	.MACRO __MULBRRU0
                 	MUL  R@0,R@1
                 	.ENDM
                 
                 	.MACRO __MULBNWRU
                 	LDI  R26,@2
                 	MUL  R26,R@0
                 	MOVW R30,R0
                 	MUL  R26,R@1
                 	ADD  R31,R0
                 	.ENDM
                 
                 	.CSEG
                 	.ORG 0x00
                 
                 ;START OF CODE MARKER
                 __START_OF_CODE:
                 
                 ;INTERRUPT VECTORS
000000 c020      	RJMP __RESET
000001 cffe      	RJMP 0x00
000002 cffd      	RJMP 0x00
000003 cffc      	RJMP 0x00
000004 cffb      	RJMP 0x00
000005 cffa      	RJMP 0x00
000006 cff9      	RJMP 0x00
000007 cff8      	RJMP 0x00
000008 cff7      	RJMP 0x00
000009 cff6      	RJMP 0x00
00000a cff5      	RJMP 0x00
00000b cff4      	RJMP 0x00
00000c cff3      	RJMP 0x00
00000d cff2      	RJMP 0x00
00000e cff1      	RJMP 0x00
00000f cff0      	RJMP 0x00
000010 cfef      	RJMP 0x00
000011 cfee      	RJMP 0x00
000012 cfed      	RJMP 0x00
000013 cfec      	RJMP 0x00
000014 cfeb      	RJMP 0x00
                 
                 _tbl10_G100:
000015 2710
000016 03e8
000017 0064
000018 000a      	.DB  0x10,0x27,0xE8,0x3,0x64,0x0,0xA,0x0
000019 0001      	.DB  0x1,0x0
                 _tbl16_G100:
00001a 1000
00001b 0100
00001c 0010
00001d 0001      	.DB  0x0,0x10,0x0,0x1,0x10,0x0,0x1,0x0
                 
                 _0x0:
00001e 6425
00001f 6425
C:\Users\User\Documents\#UNSRI7\A&P\Pro 7 Embarcadero\Debug\List\Kirim data string.asm(1121): warning: .cseg .db misalignment - padding zero byte
000020 0000      	.DB  0x25,0x64,0x25,0x64,0x0
                 __RESET:
000021 94f8      	CLI
000022 27ee      	CLR  R30
000023 bbec      	OUT  EECR,R30
                 
                 ;INTERRUPT VECTORS ARE PLACED
                 ;AT THE START OF FLASH
000024 e0f1      	LDI  R31,1
000025 bffb      	OUT  GICR,R31
000026 bfeb      	OUT  GICR,R30
000027 bfe5      	OUT  MCUCR,R30
                 
                 ;CLEAR R2-R14
000028 e08d      	LDI  R24,(14-2)+1
000029 e0a2      	LDI  R26,2
00002a 27bb      	CLR  R27
                 __CLEAR_REG:
00002b 93ed      	ST   X+,R30
00002c 958a      	DEC  R24
00002d f7e9      	BRNE __CLEAR_REG
                 
                 ;CLEAR SRAM
00002e e080      	LDI  R24,LOW(__CLEAR_SRAM_SIZE)
00002f e092      	LDI  R25,HIGH(__CLEAR_SRAM_SIZE)
000030 e6a0      	LDI  R26,__SRAM_START
                 __CLEAR_SRAM:
000031 93ed      	ST   X+,R30
000032 9701      	SBIW R24,1
000033 f7e9      	BRNE __CLEAR_SRAM
                 
                 ;HARDWARE STACK POINTER INITIALIZATION
000034 e5ef      	LDI  R30,LOW(__SRAM_END-__HEAP_SIZE)
000035 bfed      	OUT  SPL,R30
000036 e0e2      	LDI  R30,HIGH(__SRAM_END-__HEAP_SIZE)
000037 bfee      	OUT  SPH,R30
                 
                 ;DATA STACK POINTER INITIALIZATION
000038 eec0      	LDI  R28,LOW(__SRAM_START+__DSTACK_SIZE)
000039 e0d0      	LDI  R29,HIGH(__SRAM_START+__DSTACK_SIZE)
                 
00003a c000      	RJMP _main
                 
                 	.ESEG
                 	.ORG 0
                 
                 	.DSEG
                 	.ORG 0xE0
                 
                 	.CSEG
                 ;/*******************************************************
                 ;This program was created by the
                 ;CodeWizardAVR V3.12 Advanced
                 ;Automatic Program Generator
                 ;© Copyright 1998-2014 Pavel Haiduc, HP InfoTech s.r.l.
                 ;http://www.hpinfotech.com
                 ;
                 ;Project :
                 ;Version :
                 ;Date    : 09/10/2019
                 ;Author  :
                 ;Company :
                 ;Comments:
                 ;
                 ;
                 ;Chip type               : ATmega8535
                 ;Program type            : Application
                 ;AVR Core Clock frequency: 8,000000 MHz
                 ;Memory model            : Small
                 ;External RAM size       : 0
                 ;Data Stack size         : 128
                 ;*******************************************************/
                 ;
                 ;#include <mega8535.h>
                 	#ifndef __SLEEP_DEFINED__
                 	#define __SLEEP_DEFINED__
                 	.EQU __se_bit=0x40
                 	.EQU __sm_mask=0xB0
                 	.EQU __sm_powerdown=0x20
                 	.EQU __sm_powersave=0x30
                 	.EQU __sm_standby=0xA0
                 	.EQU __sm_ext_standby=0xB0
                 	.EQU __sm_adc_noise_red=0x10
                 	.SET power_ctrl_reg=mcucr
                 	#endif
                 ;#include <delay.h>
                 ;
                 ;// Declare your global variables here
                 ;
                 ;// Standard Input/Output functions
                 ;#include <stdio.h>
                 ;
                 ;void main(void)
                 ; 0000 0021 {
                 
                 	.CSEG
                 _main:
                 ; .FSTART _main
                 ; 0000 0022 // Declare your local variables here
                 ; 0000 0023 int a,b;
                 ; 0000 0024 // Input/Output Ports initialization
                 ; 0000 0025 // Port A initialization
                 ; 0000 0026 // Function: Bit7=In Bit6=In Bit5=In Bit4=In Bit3=In Bit2=In Bit1=In Bit0=In
                 ; 0000 0027 DDRA=(0<<DDA7) | (0<<DDA6) | (0<<DDA5) | (0<<DDA4) | (0<<DDA3) | (0<<DDA2) | (0<<DDA1) | (0<<DDA0);
                 ;	a -> R16,R17
                 ;	b -> R18,R19
00003b e0e0      	LDI  R30,LOW(0)
00003c bbea      	OUT  0x1A,R30
                 ; 0000 0028 // State: Bit7=T Bit6=T Bit5=T Bit4=T Bit3=T Bit2=T Bit1=T Bit0=T
                 ; 0000 0029 PORTA=(0<<PORTA7) | (0<<PORTA6) | (0<<PORTA5) | (0<<PORTA4) | (0<<PORTA3) | (0<<PORTA2) | (0<<PORTA1) | (0<<PORTA0);
00003d bbeb      	OUT  0x1B,R30
                 ; 0000 002A 
                 ; 0000 002B // Port B initialization
                 ; 0000 002C // Function: Bit7=In Bit6=In Bit5=In Bit4=In Bit3=In Bit2=In Bit1=In Bit0=In
                 ; 0000 002D DDRB=(0<<DDB7) | (0<<DDB6) | (0<<DDB5) | (0<<DDB4) | (0<<DDB3) | (0<<DDB2) | (0<<DDB1) | (0<<DDB0);
00003e bbe7      	OUT  0x17,R30
                 ; 0000 002E // State: Bit7=T Bit6=T Bit5=T Bit4=T Bit3=T Bit2=T Bit1=T Bit0=T
                 ; 0000 002F PORTB=(0<<PORTB7) | (0<<PORTB6) | (0<<PORTB5) | (0<<PORTB4) | (0<<PORTB3) | (0<<PORTB2) | (0<<PORTB1) | (0<<PORTB0);
00003f bbe8      	OUT  0x18,R30
                 ; 0000 0030 
                 ; 0000 0031 // Port C initialization
                 ; 0000 0032 // Function: Bit7=In Bit6=In Bit5=In Bit4=In Bit3=In Bit2=In Bit1=In Bit0=In
                 ; 0000 0033 DDRC=(0<<DDC7) | (0<<DDC6) | (0<<DDC5) | (0<<DDC4) | (0<<DDC3) | (0<<DDC2) | (0<<DDC1) | (0<<DDC0);
000040 bbe4      	OUT  0x14,R30
                 ; 0000 0034 // State: Bit7=T Bit6=T Bit5=T Bit4=T Bit3=T Bit2=T Bit1=T Bit0=T
                 ; 0000 0035 PORTC=(0<<PORTC7) | (0<<PORTC6) | (0<<PORTC5) | (0<<PORTC4) | (0<<PORTC3) | (0<<PORTC2) | (0<<PORTC1) | (0<<PORTC0);
000041 bbe5      	OUT  0x15,R30
                 ; 0000 0036 
                 ; 0000 0037 // Port D initialization
                 ; 0000 0038 // Function: Bit7=In Bit6=In Bit5=In Bit4=In Bit3=In Bit2=In Bit1=In Bit0=In
                 ; 0000 0039 DDRD=(0<<DDD7) | (0<<DDD6) | (0<<DDD5) | (0<<DDD4) | (0<<DDD3) | (0<<DDD2) | (0<<DDD1) | (0<<DDD0);
000042 bbe1      	OUT  0x11,R30
                 ; 0000 003A // State: Bit7=T Bit6=T Bit5=T Bit4=T Bit3=T Bit2=T Bit1=T Bit0=T
                 ; 0000 003B PORTD=(0<<PORTD7) | (0<<PORTD6) | (0<<PORTD5) | (0<<PORTD4) | (0<<PORTD3) | (0<<PORTD2) | (0<<PORTD1) | (0<<PORTD0);
000043 bbe2      	OUT  0x12,R30
                 ; 0000 003C 
                 ; 0000 003D // Timer/Counter 0 initialization
                 ; 0000 003E // Clock source: System Clock
                 ; 0000 003F // Clock value: Timer 0 Stopped
                 ; 0000 0040 // Mode: Normal top=0xFF
                 ; 0000 0041 // OC0 output: Disconnected
                 ; 0000 0042 TCCR0=(0<<WGM00) | (0<<COM01) | (0<<COM00) | (0<<WGM01) | (0<<CS02) | (0<<CS01) | (0<<CS00);
000044 bfe3      	OUT  0x33,R30
                 ; 0000 0043 TCNT0=0x00;
000045 bfe2      	OUT  0x32,R30
                 ; 0000 0044 OCR0=0x00;
000046 bfec      	OUT  0x3C,R30
                 ; 0000 0045 
                 ; 0000 0046 // Timer/Counter 1 initialization
                 ; 0000 0047 // Clock source: System Clock
                 ; 0000 0048 // Clock value: Timer1 Stopped
                 ; 0000 0049 // Mode: Normal top=0xFFFF
                 ; 0000 004A // OC1A output: Disconnected
                 ; 0000 004B // OC1B output: Disconnected
                 ; 0000 004C // Noise Canceler: Off
                 ; 0000 004D // Input Capture on Falling Edge
                 ; 0000 004E // Timer1 Overflow Interrupt: Off
                 ; 0000 004F // Input Capture Interrupt: Off
                 ; 0000 0050 // Compare A Match Interrupt: Off
                 ; 0000 0051 // Compare B Match Interrupt: Off
                 ; 0000 0052 TCCR1A=(0<<COM1A1) | (0<<COM1A0) | (0<<COM1B1) | (0<<COM1B0) | (0<<WGM11) | (0<<WGM10);
000047 bdef      	OUT  0x2F,R30
                 ; 0000 0053 TCCR1B=(0<<ICNC1) | (0<<ICES1) | (0<<WGM13) | (0<<WGM12) | (0<<CS12) | (0<<CS11) | (0<<CS10);
000048 bdee      	OUT  0x2E,R30
                 ; 0000 0054 TCNT1H=0x00;
000049 bded      	OUT  0x2D,R30
                 ; 0000 0055 TCNT1L=0x00;
00004a bdec      	OUT  0x2C,R30
                 ; 0000 0056 ICR1H=0x00;
00004b bde7      	OUT  0x27,R30
                 ; 0000 0057 ICR1L=0x00;
00004c bde6      	OUT  0x26,R30
                 ; 0000 0058 OCR1AH=0x00;
00004d bdeb      	OUT  0x2B,R30
                 ; 0000 0059 OCR1AL=0x00;
00004e bdea      	OUT  0x2A,R30
                 ; 0000 005A OCR1BH=0x00;
00004f bde9      	OUT  0x29,R30
                 ; 0000 005B OCR1BL=0x00;
000050 bde8      	OUT  0x28,R30
                 ; 0000 005C 
                 ; 0000 005D // Timer/Counter 2 initialization
                 ; 0000 005E // Clock source: System Clock
                 ; 0000 005F // Clock value: Timer2 Stopped
                 ; 0000 0060 // Mode: Normal top=0xFF
                 ; 0000 0061 // OC2 output: Disconnected
                 ; 0000 0062 ASSR=0<<AS2;
000051 bde2      	OUT  0x22,R30
                 ; 0000 0063 TCCR2=(0<<WGM20) | (0<<COM21) | (0<<COM20) | (0<<WGM21) | (0<<CS22) | (0<<CS21) | (0<<CS20);
000052 bde5      	OUT  0x25,R30
                 ; 0000 0064 TCNT2=0x00;
000053 bde4      	OUT  0x24,R30
                 ; 0000 0065 OCR2=0x00;
000054 bde3      	OUT  0x23,R30
                 ; 0000 0066 
                 ; 0000 0067 // Timer(s)/Counter(s) Interrupt(s) initialization
                 ; 0000 0068 TIMSK=(0<<OCIE2) | (0<<TOIE2) | (0<<TICIE1) | (0<<OCIE1A) | (0<<OCIE1B) | (0<<TOIE1) | (0<<OCIE0) | (0<<TOIE0);
000055 bfe9      	OUT  0x39,R30
                 ; 0000 0069 
                 ; 0000 006A // External Interrupt(s) initialization
                 ; 0000 006B // INT0: Off
                 ; 0000 006C // INT1: Off
                 ; 0000 006D // INT2: Off
                 ; 0000 006E MCUCR=(0<<ISC11) | (0<<ISC10) | (0<<ISC01) | (0<<ISC00);
000056 bfe5      	OUT  0x35,R30
                 ; 0000 006F MCUCSR=(0<<ISC2);
000057 bfe4      	OUT  0x34,R30
                 ; 0000 0070 
                 ; 0000 0071 // USART initialization
                 ; 0000 0072 // Communication Parameters: 8 Data, 1 Stop, No Parity
                 ; 0000 0073 // USART Receiver: Off
                 ; 0000 0074 // USART Transmitter: On
                 ; 0000 0075 // USART Mode: Asynchronous
                 ; 0000 0076 // USART Baud Rate: 9600
                 ; 0000 0077 UCSRA=(0<<RXC) | (0<<TXC) | (0<<UDRE) | (0<<FE) | (0<<DOR) | (0<<UPE) | (0<<U2X) | (0<<MPCM);
000058 b9eb      	OUT  0xB,R30
                 ; 0000 0078 UCSRB=(0<<RXCIE) | (0<<TXCIE) | (0<<UDRIE) | (0<<RXEN) | (1<<TXEN) | (0<<UCSZ2) | (0<<RXB8) | (0<<TXB8);
000059 e0e8      	LDI  R30,LOW(8)
00005a b9ea      	OUT  0xA,R30
                 ; 0000 0079 UCSRC=(1<<URSEL) | (0<<UMSEL) | (0<<UPM1) | (0<<UPM0) | (0<<USBS) | (1<<UCSZ1) | (1<<UCSZ0) | (0<<UCPOL);
00005b e8e6      	LDI  R30,LOW(134)
00005c bde0      	OUT  0x20,R30
                 ; 0000 007A UBRRH=0x00;
00005d e0e0      	LDI  R30,LOW(0)
00005e bde0      	OUT  0x20,R30
                 ; 0000 007B UBRRL=0x33;
00005f e3e3      	LDI  R30,LOW(51)
000060 b9e9      	OUT  0x9,R30
                 ; 0000 007C 
                 ; 0000 007D // Analog Comparator initialization
                 ; 0000 007E // Analog Comparator: Off
                 ; 0000 007F // The Analog Comparator's positive input is
                 ; 0000 0080 // connected to the AIN0 pin
                 ; 0000 0081 // The Analog Comparator's negative input is
                 ; 0000 0082 // connected to the AIN1 pin
                 ; 0000 0083 ACSR=(1<<ACD) | (0<<ACBG) | (0<<ACO) | (0<<ACI) | (0<<ACIE) | (0<<ACIC) | (0<<ACIS1) | (0<<ACIS0);
000061 e8e0      	LDI  R30,LOW(128)
000062 b9e8      	OUT  0x8,R30
                 ; 0000 0084 SFIOR=(0<<ACME);
000063 e0e0      	LDI  R30,LOW(0)
000064 bfe0      	OUT  0x30,R30
                 ; 0000 0085 
                 ; 0000 0086 // ADC initialization
                 ; 0000 0087 // ADC disabled
                 ; 0000 0088 ADCSRA=(0<<ADEN) | (0<<ADSC) | (0<<ADATE) | (0<<ADIF) | (0<<ADIE) | (0<<ADPS2) | (0<<ADPS1) | (0<<ADPS0);
000065 b9e6      	OUT  0x6,R30
                 ; 0000 0089 
                 ; 0000 008A // SPI initialization
                 ; 0000 008B // SPI disabled
                 ; 0000 008C SPCR=(0<<SPIE) | (0<<SPE) | (0<<DORD) | (0<<MSTR) | (0<<CPOL) | (0<<CPHA) | (0<<SPR1) | (0<<SPR0);
000066 b9ed      	OUT  0xD,R30
                 ; 0000 008D 
                 ; 0000 008E // TWI initialization
                 ; 0000 008F // TWI disabled
                 ; 0000 0090 TWCR=(0<<TWEA) | (0<<TWSTA) | (0<<TWSTO) | (0<<TWEN) | (0<<TWIE);
000067 bfe6      	OUT  0x36,R30
                 ; 0000 0091 
                 ; 0000 0092 while (1)
                 _0x3:
                 ; 0000 0093       {
                 ; 0000 0094       // Place your code here
                 ; 0000 0095       a=PINA.0;
000068 e0e0      	LDI  R30,0
000069 99c8      	SBIC 0x19,0
00006a e0e1      	LDI  R30,1
00006b 2f0e      	MOV  R16,R30
00006c 2711      	CLR  R17
                 ; 0000 0096       b=PINA.1;
00006d e0e0      	LDI  R30,0
00006e 99c9      	SBIC 0x19,1
00006f e0e1      	LDI  R30,1
000070 2f2e      	MOV  R18,R30
000071 2733      	CLR  R19
                 ; 0000 0097       printf("%d%d",a,b);
                +
000072 e3ec     +LDI R30 , LOW ( 2 * _0x0 + ( 0 ) )
000073 e0f0     +LDI R31 , HIGH ( 2 * _0x0 + ( 0 ) )
                 	__POINTW1FN _0x0,0
000074 93fa      	ST   -Y,R31
000075 93ea      	ST   -Y,R30
000076 01f8      	MOVW R30,R16
000077 d1ab      	RCALL __CWD1
000078 d1b7      	RCALL __PUTPARD1
000079 01f9      	MOVW R30,R18
00007a d1a8      	RCALL __CWD1
00007b d1b4      	RCALL __PUTPARD1
00007c e088      	LDI  R24,8
00007d d130      	RCALL _printf
00007e 962a      	ADIW R28,10
                 ; 0000 0098       delay_ms(100);
00007f e6a4      	LDI  R26,LOW(100)
000080 e0b0      	LDI  R27,0
000081 d18f      	RCALL _delay_ms
                 ; 0000 0099       }
000082 cfe5      	RJMP _0x3
                 ; 0000 009A }
                 _0x6:
000083 cfff      	RJMP _0x6
                 ; .FEND
                 	#ifndef __SLEEP_DEFINED__
                 	#endif
                 
                 	.CSEG
                 _putchar:
                 ; .FSTART _putchar
000084 93aa      	ST   -Y,R26
                 putchar0:
000085 9b5d           sbis usr,udre
000086 cffe           rjmp putchar0
000087 81e8           ld   r30,y
000088 b9ec           out  udr,r30
000089 9621      	ADIW R28,1
00008a 9508      	RET
                 ; .FEND
                 _put_usart_G100:
                 ; .FSTART _put_usart_G100
00008b d159      	RCALL SUBOPT_0x0
00008c 81aa      	LDD  R26,Y+2
00008d dff6      	RCALL _putchar
00008e 81a8      	LD   R26,Y
00008f 81b9      	LDD  R27,Y+1
000090 91ed      	LD   R30,X+
000091 91fd      	LD   R31,X+
000092 9631      	ADIW R30,1
000093 93fe      	ST   -X,R31
000094 93ee      	ST   -X,R30
000095 9623      	ADIW R28,3
000096 9508      	RET
                 ; .FEND
                 __print_G100:
                 ; .FSTART __print_G100
000097 d14d      	RCALL SUBOPT_0x0
000098 9726      	SBIW R28,6
000099 d19b      	RCALL __SAVELOCR6
00009a e010      	LDI  R17,0
00009b 85ac      	LDD  R26,Y+12
00009c 85bd      	LDD  R27,Y+12+1
00009d e0e0      	LDI  R30,LOW(0)
00009e e0f0      	LDI  R31,HIGH(0)
00009f 93ed      	ST   X+,R30
0000a0 93fc      	ST   X,R31
                 _0x2000016:
0000a1 89ea      	LDD  R30,Y+18
0000a2 89fb      	LDD  R31,Y+18+1
0000a3 9631      	ADIW R30,1
0000a4 8bea      	STD  Y+18,R30
0000a5 8bfb      	STD  Y+18+1,R31
0000a6 9731      	SBIW R30,1
0000a7 91e4      	LPM  R30,Z
0000a8 2f2e      	MOV  R18,R30
0000a9 30e0      	CPI  R30,0
0000aa f409      	BRNE PC+2
0000ab c0fc      	RJMP _0x2000018
0000ac 2fe1      	MOV  R30,R17
0000ad 30e0      	CPI  R30,0
0000ae f431      	BRNE _0x200001C
0000af 3225      	CPI  R18,37
0000b0 f411      	BRNE _0x200001D
0000b1 e011      	LDI  R17,LOW(1)
0000b2 c001      	RJMP _0x200001E
                 _0x200001D:
0000b3 d134      	RCALL SUBOPT_0x1
                 _0x200001E:
0000b4 c0f2      	RJMP _0x200001B
                 _0x200001C:
0000b5 30e1      	CPI  R30,LOW(0x1)
0000b6 f4a1      	BRNE _0x200001F
0000b7 3225      	CPI  R18,37
0000b8 f411      	BRNE _0x2000020
0000b9 d12e      	RCALL SUBOPT_0x1
0000ba c0eb      	RJMP _0x20000CC
                 _0x2000020:
0000bb e012      	LDI  R17,LOW(2)
0000bc e040      	LDI  R20,LOW(0)
0000bd e000      	LDI  R16,LOW(0)
0000be 322d      	CPI  R18,45
0000bf f411      	BRNE _0x2000021
0000c0 e001      	LDI  R16,LOW(1)
0000c1 c0e5      	RJMP _0x200001B
                 _0x2000021:
0000c2 322b      	CPI  R18,43
0000c3 f411      	BRNE _0x2000022
0000c4 e24b      	LDI  R20,LOW(43)
0000c5 c0e1      	RJMP _0x200001B
                 _0x2000022:
0000c6 3220      	CPI  R18,32
0000c7 f411      	BRNE _0x2000023
0000c8 e240      	LDI  R20,LOW(32)
0000c9 c0dd      	RJMP _0x200001B
                 _0x2000023:
0000ca c002      	RJMP _0x2000024
                 _0x200001F:
0000cb 30e2      	CPI  R30,LOW(0x2)
0000cc f439      	BRNE _0x2000025
                 _0x2000024:
0000cd e050      	LDI  R21,LOW(0)
0000ce e013      	LDI  R17,LOW(3)
0000cf 3320      	CPI  R18,48
0000d0 f411      	BRNE _0x2000026
0000d1 6800      	ORI  R16,LOW(128)
0000d2 c0d4      	RJMP _0x200001B
                 _0x2000026:
0000d3 c003      	RJMP _0x2000027
                 _0x2000025:
0000d4 30e3      	CPI  R30,LOW(0x3)
0000d5 f009      	BREQ PC+2
0000d6 c0d0      	RJMP _0x200001B
                 _0x2000027:
0000d7 3320      	CPI  R18,48
0000d8 f010      	BRLO _0x200002A
0000d9 332a      	CPI  R18,58
0000da f008      	BRLO _0x200002B
                 _0x200002A:
0000db c007      	RJMP _0x2000029
                 _0x200002B:
0000dc e0aa      	LDI  R26,LOW(10)
0000dd 9f5a      	MUL  R21,R26
0000de 2d50      	MOV  R21,R0
0000df 2fe2      	MOV  R30,R18
0000e0 53e0      	SUBI R30,LOW(48)
0000e1 0f5e      	ADD  R21,R30
0000e2 c0c4      	RJMP _0x200001B
                 _0x2000029:
0000e3 2fe2      	MOV  R30,R18
0000e4 36e3      	CPI  R30,LOW(0x63)
0000e5 f439      	BRNE _0x200002F
0000e6 d108      	RCALL SUBOPT_0x2
0000e7 d10a      	RCALL SUBOPT_0x3
0000e8 d106      	RCALL SUBOPT_0x2
0000e9 81a4      	LDD  R26,Z+4
0000ea 93aa      	ST   -Y,R26
0000eb d10a      	RCALL SUBOPT_0x4
0000ec c0b9      	RJMP _0x2000030
                 _0x200002F:
0000ed 37e3      	CPI  R30,LOW(0x73)
0000ee f429      	BRNE _0x2000032
0000ef d10c      	RCALL SUBOPT_0x5
0000f0 d10d      	RCALL SUBOPT_0x6
0000f1 d0dc      	RCALL _strlen
0000f2 2f1e      	MOV  R17,R30
0000f3 c007      	RJMP _0x2000033
                 _0x2000032:
0000f4 37e0      	CPI  R30,LOW(0x70)
0000f5 f449      	BRNE _0x2000035
0000f6 d105      	RCALL SUBOPT_0x5
0000f7 d106      	RCALL SUBOPT_0x6
0000f8 d0e0      	RCALL _strlenf
0000f9 2f1e      	MOV  R17,R30
0000fa 6008      	ORI  R16,LOW(8)
                 _0x2000033:
0000fb 6002      	ORI  R16,LOW(2)
0000fc 770f      	ANDI R16,LOW(127)
0000fd e030      	LDI  R19,LOW(0)
0000fe c02d      	RJMP _0x2000036
                 _0x2000035:
0000ff 36e4      	CPI  R30,LOW(0x64)
000100 f011      	BREQ _0x2000039
000101 36e9      	CPI  R30,LOW(0x69)
000102 f411      	BRNE _0x200003A
                 _0x2000039:
000103 6004      	ORI  R16,LOW(4)
000104 c002      	RJMP _0x200003B
                 _0x200003A:
000105 37e5      	CPI  R30,LOW(0x75)
000106 f429      	BRNE _0x200003C
                 _0x200003B:
000107 e2ea      	LDI  R30,LOW(_tbl10_G100*2)
000108 e0f0      	LDI  R31,HIGH(_tbl10_G100*2)
000109 d0fd      	RCALL SUBOPT_0x7
00010a e015      	LDI  R17,LOW(5)
00010b c00b      	RJMP _0x200003D
                 _0x200003C:
00010c 35e8      	CPI  R30,LOW(0x58)
00010d f411      	BRNE _0x200003F
00010e 6008      	ORI  R16,LOW(8)
00010f c003      	RJMP _0x2000040
                 _0x200003F:
000110 37e8      	CPI  R30,LOW(0x78)
000111 f009      	BREQ PC+2
000112 c093      	RJMP _0x2000071
                 _0x2000040:
000113 e3e4      	LDI  R30,LOW(_tbl16_G100*2)
000114 e0f0      	LDI  R31,HIGH(_tbl16_G100*2)
000115 d0f1      	RCALL SUBOPT_0x7
000116 e014      	LDI  R17,LOW(4)
                 _0x200003D:
000117 ff02      	SBRS R16,2
000118 c011      	RJMP _0x2000042
000119 d0e2      	RCALL SUBOPT_0x5
00011a d0ef      	RCALL SUBOPT_0x8
00011b 85ab      	LDD  R26,Y+11
00011c 23aa      	TST  R26
00011d f432      	BRPL _0x2000043
00011e 85ea      	LDD  R30,Y+10
00011f 85fb      	LDD  R31,Y+10+1
000120 d0fe      	RCALL __ANEGW1
000121 87ea      	STD  Y+10,R30
000122 87fb      	STD  Y+10+1,R31
000123 e24d      	LDI  R20,LOW(45)
                 _0x2000043:
000124 3040      	CPI  R20,0
000125 f011      	BREQ _0x2000044
000126 5f1f      	SUBI R17,-LOW(1)
000127 c001      	RJMP _0x2000045
                 _0x2000044:
000128 7f0b      	ANDI R16,LOW(251)
                 _0x2000045:
000129 c002      	RJMP _0x2000046
                 _0x2000042:
00012a d0d1      	RCALL SUBOPT_0x5
00012b d0de      	RCALL SUBOPT_0x8
                 _0x2000046:
                 _0x2000036:
00012c fd00      	SBRC R16,0
00012d c010      	RJMP _0x2000047
                 _0x2000048:
00012e 1715      	CP   R17,R21
00012f f470      	BRSH _0x200004A
000130 ff07      	SBRS R16,7
000131 c008      	RJMP _0x200004B
000132 ff02      	SBRS R16,2
000133 c004      	RJMP _0x200004C
000134 7f0b      	ANDI R16,LOW(251)
000135 2f24      	MOV  R18,R20
000136 5011      	SUBI R17,LOW(1)
000137 c001      	RJMP _0x200004D
                 _0x200004C:
000138 e320      	LDI  R18,LOW(48)
                 _0x200004D:
000139 c001      	RJMP _0x200004E
                 _0x200004B:
00013a e220      	LDI  R18,LOW(32)
                 _0x200004E:
00013b d0ac      	RCALL SUBOPT_0x1
00013c 5051      	SUBI R21,LOW(1)
00013d cff0      	RJMP _0x2000048
                 _0x200004A:
                 _0x2000047:
00013e 2f31      	MOV  R19,R17
00013f ff01      	SBRS R16,1
000140 c015      	RJMP _0x200004F
                 _0x2000050:
000141 3030      	CPI  R19,0
000142 f091      	BREQ _0x2000052
000143 ff03      	SBRS R16,3
000144 c005      	RJMP _0x2000053
000145 81ee      	LDD  R30,Y+6
000146 81ff      	LDD  R31,Y+6+1
000147 9125      	LPM  R18,Z+
000148 d0be      	RCALL SUBOPT_0x7
000149 c005      	RJMP _0x2000054
                 _0x2000053:
00014a 81ae      	LDD  R26,Y+6
00014b 81bf      	LDD  R27,Y+6+1
00014c 912d      	LD   R18,X+
00014d 83ae      	STD  Y+6,R26
00014e 83bf      	STD  Y+6+1,R27
                 _0x2000054:
00014f d098      	RCALL SUBOPT_0x1
000150 3050      	CPI  R21,0
000151 f009      	BREQ _0x2000055
000152 5051      	SUBI R21,LOW(1)
                 _0x2000055:
000153 5031      	SUBI R19,LOW(1)
000154 cfec      	RJMP _0x2000050
                 _0x2000052:
000155 c047      	RJMP _0x2000056
                 _0x200004F:
                 _0x2000058:
000156 e320      	LDI  R18,LOW(48)
000157 81ee      	LDD  R30,Y+6
000158 81ff      	LDD  R31,Y+6+1
000159 d0d2      	RCALL __GETW1PF
00015a 87e8      	STD  Y+8,R30
00015b 87f9      	STD  Y+8+1,R31
00015c 81ee      	LDD  R30,Y+6
00015d 81ff      	LDD  R31,Y+6+1
00015e 9632      	ADIW R30,2
00015f d0a7      	RCALL SUBOPT_0x7
                 _0x200005A:
000160 85e8      	LDD  R30,Y+8
000161 85f9      	LDD  R31,Y+8+1
000162 85aa      	LDD  R26,Y+10
000163 85bb      	LDD  R27,Y+10+1
000164 17ae      	CP   R26,R30
000165 07bf      	CPC  R27,R31
000166 f050      	BRLO _0x200005C
000167 5f2f      	SUBI R18,-LOW(1)
000168 85a8      	LDD  R26,Y+8
000169 85b9      	LDD  R27,Y+8+1
00016a 85ea      	LDD  R30,Y+10
00016b 85fb      	LDD  R31,Y+10+1
00016c 1bea      	SUB  R30,R26
00016d 0bfb      	SBC  R31,R27
00016e 87ea      	STD  Y+10,R30
00016f 87fb      	STD  Y+10+1,R31
000170 cfef      	RJMP _0x200005A
                 _0x200005C:
000171 332a      	CPI  R18,58
000172 f028      	BRLO _0x200005D
000173 ff03      	SBRS R16,3
000174 c002      	RJMP _0x200005E
000175 5f29      	SUBI R18,-LOW(7)
000176 c001      	RJMP _0x200005F
                 _0x200005E:
000177 5d29      	SUBI R18,-LOW(39)
                 _0x200005F:
                 _0x200005D:
000178 fd04      	SBRC R16,4
000179 c019      	RJMP _0x2000061
00017a 3321      	CPI  R18,49
00017b f420      	BRSH _0x2000063
00017c 85a8      	LDD  R26,Y+8
00017d 85b9      	LDD  R27,Y+8+1
00017e 9711      	SBIW R26,1
00017f f409      	BRNE _0x2000062
                 _0x2000063:
000180 c009      	RJMP _0x20000CD
                 _0x2000062:
000181 1753      	CP   R21,R19
000182 f010      	BRLO _0x2000067
000183 ff00      	SBRS R16,0
000184 c001      	RJMP _0x2000068
                 _0x2000067:
000185 c011      	RJMP _0x2000066
                 _0x2000068:
000186 e220      	LDI  R18,LOW(32)
000187 ff07      	SBRS R16,7
000188 c00a      	RJMP _0x2000069
000189 e320      	LDI  R18,LOW(48)
                 _0x20000CD:
00018a 6100      	ORI  R16,LOW(16)
00018b ff02      	SBRS R16,2
00018c c006      	RJMP _0x200006A
00018d 7f0b      	ANDI R16,LOW(251)
00018e 934a      	ST   -Y,R20
00018f d066      	RCALL SUBOPT_0x4
000190 3050      	CPI  R21,0
000191 f009      	BREQ _0x200006B
000192 5051      	SUBI R21,LOW(1)
                 _0x200006B:
                 _0x200006A:
                 _0x2000069:
                 _0x2000061:
000193 d054      	RCALL SUBOPT_0x1
000194 3050      	CPI  R21,0
000195 f009      	BREQ _0x200006C
000196 5051      	SUBI R21,LOW(1)
                 _0x200006C:
                 _0x2000066:
000197 5031      	SUBI R19,LOW(1)
000198 85a8      	LDD  R26,Y+8
000199 85b9      	LDD  R27,Y+8+1
00019a 9712      	SBIW R26,2
00019b f008      	BRLO _0x2000059
00019c cfb9      	RJMP _0x2000058
                 _0x2000059:
                 _0x2000056:
00019d ff00      	SBRS R16,0
00019e c007      	RJMP _0x200006D
                 _0x200006E:
00019f 3050      	CPI  R21,0
0001a0 f029      	BREQ _0x2000070
0001a1 5051      	SUBI R21,LOW(1)
0001a2 e2e0      	LDI  R30,LOW(32)
0001a3 93ea      	ST   -Y,R30
0001a4 d051      	RCALL SUBOPT_0x4
0001a5 cff9      	RJMP _0x200006E
                 _0x2000070:
                 _0x200006D:
                 _0x2000071:
                 _0x2000030:
                 _0x20000CC:
0001a6 e010      	LDI  R17,LOW(0)
                 _0x200001B:
0001a7 cef9      	RJMP _0x2000016
                 _0x2000018:
0001a8 85ac      	LDD  R26,Y+12
0001a9 85bd      	LDD  R27,Y+12+1
0001aa d07d      	RCALL __GETW1P
0001ab d090      	RCALL __LOADLOCR6
0001ac 9664      	ADIW R28,20
0001ad 9508      	RET
                 ; .FEND
                 _printf:
                 ; .FSTART _printf
0001ae 92ff      	PUSH R15
0001af 2ef8      	MOV  R15,R24
0001b0 9726      	SBIW R28,6
0001b1 d087      	RCALL __SAVELOCR2
0001b2 01de      	MOVW R26,R28
0001b3 9614      	ADIW R26,4
0001b4 d066      	RCALL __ADDW2R15
0001b5 018d      	MOVW R16,R26
0001b6 e0e0      	LDI  R30,LOW(0)
0001b7 83ec      	STD  Y+4,R30
0001b8 83ed      	STD  Y+4+1,R30
0001b9 83ee      	STD  Y+6,R30
0001ba 83ef      	STD  Y+6+1,R30
0001bb 01de      	MOVW R26,R28
0001bc 9618      	ADIW R26,8
0001bd d05d      	RCALL __ADDW2R15
0001be d069      	RCALL __GETW1P
0001bf 93fa      	ST   -Y,R31
0001c0 93ea      	ST   -Y,R30
0001c1 931a      	ST   -Y,R17
0001c2 930a      	ST   -Y,R16
0001c3 e8eb      	LDI  R30,LOW(_put_usart_G100)
0001c4 e0f0      	LDI  R31,HIGH(_put_usart_G100)
0001c5 93fa      	ST   -Y,R31
0001c6 93ea      	ST   -Y,R30
0001c7 01de      	MOVW R26,R28
0001c8 9618      	ADIW R26,8
0001c9 decd      	RCALL __print_G100
0001ca d075      	RCALL __LOADLOCR2
0001cb 9628      	ADIW R28,8
0001cc 90ff      	POP  R15
0001cd 9508      	RET
                 ; .FEND
                 
                 	.CSEG
                 
                 	.CSEG
                 _strlen:
                 ; .FSTART _strlen
0001ce d016      	RCALL SUBOPT_0x0
0001cf 91a9          ld   r26,y+
0001d0 91b9          ld   r27,y+
0001d1 27ee          clr  r30
0001d2 27ff          clr  r31
                 strlen0:
0001d3 916d          ld   r22,x+
0001d4 2366          tst  r22
0001d5 f011          breq strlen1
0001d6 9631          adiw r30,1
0001d7 cffb          rjmp strlen0
                 strlen1:
0001d8 9508          ret
                 ; .FEND
                 _strlenf:
                 ; .FSTART _strlenf
0001d9 d00b      	RCALL SUBOPT_0x0
0001da 27aa          clr  r26
0001db 27bb          clr  r27
0001dc 91e9          ld   r30,y+
0001dd 91f9          ld   r31,y+
                 strlenf0:
0001de 9005      	lpm  r0,z+
0001df 2000          tst  r0
0001e0 f011          breq strlenf1
0001e1 9611          adiw r26,1
0001e2 cffb          rjmp strlenf0
                 strlenf1:
0001e3 01fd          movw r30,r26
0001e4 9508          ret
                 ; .FEND
                 
                 	.CSEG
                 ;OPTIMIZER ADDED SUBROUTINE, CALLED 4 TIMES, CODE SIZE REDUCTION:1 WORDS
                 SUBOPT_0x0:
0001e5 93ba      	ST   -Y,R27
0001e6 93aa      	ST   -Y,R26
0001e7 9508      	RET
                 
                 ;OPTIMIZER ADDED SUBROUTINE, CALLED 5 TIMES, CODE SIZE REDUCTION:18 WORDS
                 SUBOPT_0x1:
0001e8 932a      	ST   -Y,R18
0001e9 85ad      	LDD  R26,Y+13
0001ea 85be      	LDD  R27,Y+13+1
0001eb 85ef      	LDD  R30,Y+15
0001ec 89f8      	LDD  R31,Y+15+1
0001ed 9509      	ICALL
0001ee 9508      	RET
                 
                 ;OPTIMIZER ADDED SUBROUTINE, CALLED 6 TIMES, CODE SIZE REDUCTION:3 WORDS
                 SUBOPT_0x2:
0001ef 89e8      	LDD  R30,Y+16
0001f0 89f9      	LDD  R31,Y+16+1
0001f1 9508      	RET
                 
                 ;OPTIMIZER ADDED SUBROUTINE, CALLED 5 TIMES, CODE SIZE REDUCTION:6 WORDS
                 SUBOPT_0x3:
0001f2 9734      	SBIW R30,4
0001f3 8be8      	STD  Y+16,R30
0001f4 8bf9      	STD  Y+16+1,R31
0001f5 9508      	RET
                 
                 ;OPTIMIZER ADDED SUBROUTINE, CALLED 3 TIMES, CODE SIZE REDUCTION:6 WORDS
                 SUBOPT_0x4:
0001f6 85ad      	LDD  R26,Y+13
0001f7 85be      	LDD  R27,Y+13+1
0001f8 85ef      	LDD  R30,Y+15
0001f9 89f8      	LDD  R31,Y+15+1
0001fa 9509      	ICALL
0001fb 9508      	RET
                 
                 ;OPTIMIZER ADDED SUBROUTINE, CALLED 4 TIMES, CODE SIZE REDUCTION:1 WORDS
                 SUBOPT_0x5:
0001fc dff2      	RCALL SUBOPT_0x2
0001fd cff4      	RJMP SUBOPT_0x3
                 
                 ;OPTIMIZER ADDED SUBROUTINE, CALLED 2 TIMES, CODE SIZE REDUCTION:5 WORDS
                 SUBOPT_0x6:
0001fe 89a8      	LDD  R26,Y+16
0001ff 89b9      	LDD  R27,Y+16+1
000200 9614      	ADIW R26,4
000201 d026      	RCALL __GETW1P
000202 83ee      	STD  Y+6,R30
000203 83ff      	STD  Y+6+1,R31
000204 81ae      	LDD  R26,Y+6
000205 81bf      	LDD  R27,Y+6+1
000206 9508      	RET
                 
                 ;OPTIMIZER ADDED SUBROUTINE, CALLED 4 TIMES, CODE SIZE REDUCTION:1 WORDS
                 SUBOPT_0x7:
000207 83ee      	STD  Y+6,R30
000208 83ff      	STD  Y+6+1,R31
000209 9508      	RET
                 
                 ;OPTIMIZER ADDED SUBROUTINE, CALLED 2 TIMES, CODE SIZE REDUCTION:3 WORDS
                 SUBOPT_0x8:
00020a 89a8      	LDD  R26,Y+16
00020b 89b9      	LDD  R27,Y+16+1
00020c 9614      	ADIW R26,4
00020d d01a      	RCALL __GETW1P
00020e 87ea      	STD  Y+10,R30
00020f 87fb      	STD  Y+10+1,R31
000210 9508      	RET
                 
                 
                 	.CSEG
                 _delay_ms:
000211 9610      	adiw r26,0
000212 f039      	breq __delay_ms1
                 __delay_ms0:
                +
000213 ed80     +LDI R24 , LOW ( 0x7D0 )
000214 e097     +LDI R25 , HIGH ( 0x7D0 )
                +__DELAY_USW_LOOP :
000215 9701     +SBIW R24 , 1
000216 f7f1     +BRNE __DELAY_USW_LOOP
                 	__DELAY_USW 0x7D0
000217 95a8      	wdr
000218 9711      	sbiw r26,1
000219 f7c9      	brne __delay_ms0
                 __delay_ms1:
00021a 9508      	ret
                 
                 __ADDW2R15:
00021b 2400      	CLR  R0
00021c 0daf      	ADD  R26,R15
00021d 1db0      	ADC  R27,R0
00021e 9508      	RET
                 
                 __ANEGW1:
00021f 95f1      	NEG  R31
000220 95e1      	NEG  R30
000221 40f0      	SBCI R31,0
000222 9508      	RET
                 
                 __CWD1:
000223 2f6f      	MOV  R22,R31
000224 0f66      	ADD  R22,R22
000225 0b66      	SBC  R22,R22
000226 2f76      	MOV  R23,R22
000227 9508      	RET
                 
                 __GETW1P:
000228 91ed      	LD   R30,X+
000229 91fc      	LD   R31,X
00022a 9711      	SBIW R26,1
00022b 9508      	RET
                 
                 __GETW1PF:
00022c 9005      	LPM  R0,Z+
00022d 91f4      	LPM  R31,Z
00022e 2de0      	MOV  R30,R0
00022f 9508      	RET
                 
                 __PUTPARD1:
000230 937a      	ST   -Y,R23
000231 936a      	ST   -Y,R22
000232 93fa      	ST   -Y,R31
000233 93ea      	ST   -Y,R30
000234 9508      	RET
                 
                 __SAVELOCR6:
000235 935a      	ST   -Y,R21
                 __SAVELOCR5:
000236 934a      	ST   -Y,R20
                 __SAVELOCR4:
000237 933a      	ST   -Y,R19
                 __SAVELOCR3:
000238 932a      	ST   -Y,R18
                 __SAVELOCR2:
000239 931a      	ST   -Y,R17
00023a 930a      	ST   -Y,R16
00023b 9508      	RET
                 
                 __LOADLOCR6:
00023c 815d      	LDD  R21,Y+5
                 __LOADLOCR5:
00023d 814c      	LDD  R20,Y+4
                 __LOADLOCR4:
00023e 813b      	LDD  R19,Y+3
                 __LOADLOCR3:
00023f 812a      	LDD  R18,Y+2
                 __LOADLOCR2:
000240 8119      	LDD  R17,Y+1
000241 8108      	LD   R16,Y
000242 9508      	RET
                 
                 ;END OF CODE MARKER
                 __END_OF_CODE:


RESOURCE USE INFORMATION
------------------------

Notice:
The register and instruction counts are symbol table hit counts,
and hence implicitly used resources are not counted, eg, the
'lpm' instruction without operands implicitly uses r0 and z,
none of which are counted.

x,y,z are separate entities in the symbol table and are
counted separately from r26..r31 here.

.dseg memory usage only counts static data declared with .byte

ATmega8535 register use summary:
r0 :   7 r1 :   0 r2 :   0 r3 :   0 r4 :   0 r5 :   0 r6 :   0 r7 :   0 
r8 :   0 r9 :   0 r10:   0 r11:   0 r12:   0 r13:   0 r14:   0 r15:   4 
r16:  30 r17:  18 r18:  29 r19:   9 r20:   9 r21:  17 r22:   9 r23:   2 
r24:   8 r25:   2 r26:  47 r27:  22 r28:  11 r29:   1 r30: 138 r31:  41 
x  :  12 y  : 106 z  :   6 
Registers used: 21 out of 35 (60.0%)

ATmega8535 instruction use summary:
.lds  :   0 .lds.l:   0 .sts  :   0 .sts.l:   0 adc   :   1 add   :   3 
adiw  :  16 and   :   0 andi  :   4 asr   :   0 bclr  :   0 bld   :   0 
brbc  :   0 brbs  :   0 brcc  :   0 brcs  :   0 break :   0 breq  :  12 
brge  :   0 brhc  :   0 brhs  :   0 brid  :   0 brie  :   0 brlo  :   6 
brlt  :   0 brmi  :   0 brne  :  21 brpl  :   1 brsh  :   2 brtc  :   0 
brts  :   0 brvc  :   0 brvs  :   0 bset  :   0 bst   :   0 cbi   :   0 
cbr   :   0 clc   :   0 clh   :   0 cli   :   1 cln   :   0 clr   :   9 
cls   :   0 clt   :   0 clv   :   0 clz   :   0 com   :   0 cp    :   3 
cpc   :   1 cpi   :  29 cpse  :   0 dec   :   1 des   :   0 eor   :   0 
fmul  :   0 fmuls :   0 fmulsu:   0 icall :   2 ijmp  :   0 in    :   0 
inc   :   0 ld    :  13 ldd   :  53 ldi   :  59 lds   :   0 lpm   :   7 
lsl   :   0 lsr   :   0 mov   :  15 movw  :   7 mul   :   1 muls  :   0 
mulsu :   0 neg   :   2 nop   :   0 or    :   0 ori   :   6 out   :  45 
pop   :   1 push  :   1 rcall :  50 ret   :  23 reti  :   0 rjmp  :  75 
rol   :   0 ror   :   0 sbc   :   2 sbci  :   1 sbi   :   0 sbic  :   2 
sbis  :   1 sbiw  :  10 sbr   :   0 sbrc  :   2 sbrs  :  10 sec   :   0 
seh   :   0 sei   :   0 sen   :   0 ser   :   0 ses   :   0 set   :   0 
sev   :   0 sez   :   0 sleep :   0 spm   :   0 st    :  31 std   :  22 
sts   :   0 sub   :   1 subi  :  13 swap  :   0 tst   :   3 wdr   :   1 

Instructions used: 44 out of 114 (38.6%)

ATmega8535 memory use summary [bytes]:
Segment   Begin    End      Code   Data   Used    Size   Use%
---------------------------------------------------------------
[.cseg] 0x000000 0x000486   1134     24   1158    8192  14.1%
[.dseg] 0x000060 0x0000e0      0      0      0     512   0.0%
[.eseg] 0x000000 0x000000      0      0      0     512   0.0%

Assembly complete, 0 errors, 1 warnings
