
AVRASM ver. 2.1.30  C:\Users\User\Documents\#UNSRI7\A&P\UTS\Debug\List\UTS2.asm Wed Oct 02 14:41:56 2019

                 
                 
                 ;CodeVisionAVR C Compiler V3.12 Advanced
                 ;(C) Copyright 1998-2014 Pavel Haiduc, HP InfoTech s.r.l.
                 ;http://www.hpinfotech.com
                 
                 ;Build configuration    : Debug
                 ;Chip type              : ATmega8535
                 ;Program type           : Application
                 ;Clock frequency        : 8,000000 MHz
                 ;Memory model           : Small
                 ;Optimize for           : Size
                 ;(s)printf features     : int, width
                 ;(s)scanf features      : int, width
                 ;External RAM size      : 0
                 ;Data Stack size        : 128 byte(s)
                 ;Heap size              : 0 byte(s)
                 ;Promote 'char' to 'int': Yes
                 ;'char' is unsigned     : Yes
                 ;8 bit enums            : Yes
                 ;Global 'const' stored in FLASH: Yes
                 ;Enhanced function parameter passing: Yes
                 ;Enhanced core instructions: On
                 ;Automatic register allocation for global variables: On
                 ;Smart register allocation: On
                 
                 	#define _MODEL_SMALL_
                 
                 	#pragma AVRPART ADMIN PART_NAME ATmega8535
                 	#pragma AVRPART MEMORY PROG_FLASH 8192
                 	#pragma AVRPART MEMORY EEPROM 512
                 	#pragma AVRPART MEMORY INT_SRAM SIZE 512
                 	#pragma AVRPART MEMORY INT_SRAM START_ADDR 0x60
                 
                 	.LISTMAC
                 	.EQU UDRE=0x5
                 	.EQU RXC=0x7
                 	.EQU USR=0xB
                 	.EQU UDR=0xC
                 	.EQU SPSR=0xE
                 	.EQU SPDR=0xF
                 	.EQU EERE=0x0
                 	.EQU EEWE=0x1
                 	.EQU EEMWE=0x2
                 	.EQU EECR=0x1C
                 	.EQU EEDR=0x1D
                 	.EQU EEARL=0x1E
                 	.EQU EEARH=0x1F
                 	.EQU WDTCR=0x21
                 	.EQU MCUCR=0x35
                 	.EQU GICR=0x3B
                 	.EQU SPL=0x3D
                 	.EQU SPH=0x3E
                 	.EQU SREG=0x3F
                 
                 	.DEF R0X0=R0
                 	.DEF R0X1=R1
                 	.DEF R0X2=R2
                 	.DEF R0X3=R3
                 	.DEF R0X4=R4
                 	.DEF R0X5=R5
                 	.DEF R0X6=R6
                 	.DEF R0X7=R7
                 	.DEF R0X8=R8
                 	.DEF R0X9=R9
                 	.DEF R0XA=R10
                 	.DEF R0XB=R11
                 	.DEF R0XC=R12
                 	.DEF R0XD=R13
                 	.DEF R0XE=R14
                 	.DEF R0XF=R15
                 	.DEF R0X10=R16
                 	.DEF R0X11=R17
                 	.DEF R0X12=R18
                 	.DEF R0X13=R19
                 	.DEF R0X14=R20
                 	.DEF R0X15=R21
                 	.DEF R0X16=R22
                 	.DEF R0X17=R23
                 	.DEF R0X18=R24
                 	.DEF R0X19=R25
                 	.DEF R0X1A=R26
                 	.DEF R0X1B=R27
                 	.DEF R0X1C=R28
                 	.DEF R0X1D=R29
                 	.DEF R0X1E=R30
                 	.DEF R0X1F=R31
                 
                 	.EQU __SRAM_START=0x0060
                 	.EQU __SRAM_END=0x025F
                 	.EQU __DSTACK_SIZE=0x0080
                 	.EQU __HEAP_SIZE=0x0000
                 	.EQU __CLEAR_SRAM_SIZE=__SRAM_END-__SRAM_START+1
                 
                 	.MACRO __CPD1N
                 	CPI  R30,LOW(@0)
                 	LDI  R26,HIGH(@0)
                 	CPC  R31,R26
                 	LDI  R26,BYTE3(@0)
                 	CPC  R22,R26
                 	LDI  R26,BYTE4(@0)
                 	CPC  R23,R26
                 	.ENDM
                 
                 	.MACRO __CPD2N
                 	CPI  R26,LOW(@0)
                 	LDI  R30,HIGH(@0)
                 	CPC  R27,R30
                 	LDI  R30,BYTE3(@0)
                 	CPC  R24,R30
                 	LDI  R30,BYTE4(@0)
                 	CPC  R25,R30
                 	.ENDM
                 
                 	.MACRO __CPWRR
                 	CP   R@0,R@2
                 	CPC  R@1,R@3
                 	.ENDM
                 
                 	.MACRO __CPWRN
                 	CPI  R@0,LOW(@2)
                 	LDI  R30,HIGH(@2)
                 	CPC  R@1,R30
                 	.ENDM
                 
                 	.MACRO __ADDB1MN
                 	SUBI R30,LOW(-@0-(@1))
                 	.ENDM
                 
                 	.MACRO __ADDB2MN
                 	SUBI R26,LOW(-@0-(@1))
                 	.ENDM
                 
                 	.MACRO __ADDW1MN
                 	SUBI R30,LOW(-@0-(@1))
                 	SBCI R31,HIGH(-@0-(@1))
                 	.ENDM
                 
                 	.MACRO __ADDW2MN
                 	SUBI R26,LOW(-@0-(@1))
                 	SBCI R27,HIGH(-@0-(@1))
                 	.ENDM
                 
                 	.MACRO __ADDW1FN
                 	SUBI R30,LOW(-2*@0-(@1))
                 	SBCI R31,HIGH(-2*@0-(@1))
                 	.ENDM
                 
                 	.MACRO __ADDD1FN
                 	SUBI R30,LOW(-2*@0-(@1))
                 	SBCI R31,HIGH(-2*@0-(@1))
                 	SBCI R22,BYTE3(-2*@0-(@1))
                 	.ENDM
                 
                 	.MACRO __ADDD1N
                 	SUBI R30,LOW(-@0)
                 	SBCI R31,HIGH(-@0)
                 	SBCI R22,BYTE3(-@0)
                 	SBCI R23,BYTE4(-@0)
                 	.ENDM
                 
                 	.MACRO __ADDD2N
                 	SUBI R26,LOW(-@0)
                 	SBCI R27,HIGH(-@0)
                 	SBCI R24,BYTE3(-@0)
                 	SBCI R25,BYTE4(-@0)
                 	.ENDM
                 
                 	.MACRO __SUBD1N
                 	SUBI R30,LOW(@0)
                 	SBCI R31,HIGH(@0)
                 	SBCI R22,BYTE3(@0)
                 	SBCI R23,BYTE4(@0)
                 	.ENDM
                 
                 	.MACRO __SUBD2N
                 	SUBI R26,LOW(@0)
                 	SBCI R27,HIGH(@0)
                 	SBCI R24,BYTE3(@0)
                 	SBCI R25,BYTE4(@0)
                 	.ENDM
                 
                 	.MACRO __ANDBMNN
                 	LDS  R30,@0+(@1)
                 	ANDI R30,LOW(@2)
                 	STS  @0+(@1),R30
                 	.ENDM
                 
                 	.MACRO __ANDWMNN
                 	LDS  R30,@0+(@1)
                 	ANDI R30,LOW(@2)
                 	STS  @0+(@1),R30
                 	LDS  R30,@0+(@1)+1
                 	ANDI R30,HIGH(@2)
                 	STS  @0+(@1)+1,R30
                 	.ENDM
                 
                 	.MACRO __ANDD1N
                 	ANDI R30,LOW(@0)
                 	ANDI R31,HIGH(@0)
                 	ANDI R22,BYTE3(@0)
                 	ANDI R23,BYTE4(@0)
                 	.ENDM
                 
                 	.MACRO __ANDD2N
                 	ANDI R26,LOW(@0)
                 	ANDI R27,HIGH(@0)
                 	ANDI R24,BYTE3(@0)
                 	ANDI R25,BYTE4(@0)
                 	.ENDM
                 
                 	.MACRO __ORBMNN
                 	LDS  R30,@0+(@1)
                 	ORI  R30,LOW(@2)
                 	STS  @0+(@1),R30
                 	.ENDM
                 
                 	.MACRO __ORWMNN
                 	LDS  R30,@0+(@1)
                 	ORI  R30,LOW(@2)
                 	STS  @0+(@1),R30
                 	LDS  R30,@0+(@1)+1
                 	ORI  R30,HIGH(@2)
                 	STS  @0+(@1)+1,R30
                 	.ENDM
                 
                 	.MACRO __ORD1N
                 	ORI  R30,LOW(@0)
                 	ORI  R31,HIGH(@0)
                 	ORI  R22,BYTE3(@0)
                 	ORI  R23,BYTE4(@0)
                 	.ENDM
                 
                 	.MACRO __ORD2N
                 	ORI  R26,LOW(@0)
                 	ORI  R27,HIGH(@0)
                 	ORI  R24,BYTE3(@0)
                 	ORI  R25,BYTE4(@0)
                 	.ENDM
                 
                 	.MACRO __DELAY_USB
                 	LDI  R24,LOW(@0)
                 __DELAY_USB_LOOP:
                 	DEC  R24
                 	BRNE __DELAY_USB_LOOP
                 	.ENDM
                 
                 	.MACRO __DELAY_USW
                 	LDI  R24,LOW(@0)
                 	LDI  R25,HIGH(@0)
                 __DELAY_USW_LOOP:
                 	SBIW R24,1
                 	BRNE __DELAY_USW_LOOP
                 	.ENDM
                 
                 	.MACRO __GETD1S
                 	LDD  R30,Y+@0
                 	LDD  R31,Y+@0+1
                 	LDD  R22,Y+@0+2
                 	LDD  R23,Y+@0+3
                 	.ENDM
                 
                 	.MACRO __GETD2S
                 	LDD  R26,Y+@0
                 	LDD  R27,Y+@0+1
                 	LDD  R24,Y+@0+2
                 	LDD  R25,Y+@0+3
                 	.ENDM
                 
                 	.MACRO __PUTD1S
                 	STD  Y+@0,R30
                 	STD  Y+@0+1,R31
                 	STD  Y+@0+2,R22
                 	STD  Y+@0+3,R23
                 	.ENDM
                 
                 	.MACRO __PUTD2S
                 	STD  Y+@0,R26
                 	STD  Y+@0+1,R27
                 	STD  Y+@0+2,R24
                 	STD  Y+@0+3,R25
                 	.ENDM
                 
                 	.MACRO __PUTDZ2
                 	STD  Z+@0,R26
                 	STD  Z+@0+1,R27
                 	STD  Z+@0+2,R24
                 	STD  Z+@0+3,R25
                 	.ENDM
                 
                 	.MACRO __CLRD1S
                 	STD  Y+@0,R30
                 	STD  Y+@0+1,R30
                 	STD  Y+@0+2,R30
                 	STD  Y+@0+3,R30
                 	.ENDM
                 
                 	.MACRO __POINTB1MN
                 	LDI  R30,LOW(@0+(@1))
                 	.ENDM
                 
                 	.MACRO __POINTW1MN
                 	LDI  R30,LOW(@0+(@1))
                 	LDI  R31,HIGH(@0+(@1))
                 	.ENDM
                 
                 	.MACRO __POINTD1M
                 	LDI  R30,LOW(@0)
                 	LDI  R31,HIGH(@0)
                 	LDI  R22,BYTE3(@0)
                 	LDI  R23,BYTE4(@0)
                 	.ENDM
                 
                 	.MACRO __POINTW1FN
                 	LDI  R30,LOW(2*@0+(@1))
                 	LDI  R31,HIGH(2*@0+(@1))
                 	.ENDM
                 
                 	.MACRO __POINTD1FN
                 	LDI  R30,LOW(2*@0+(@1))
                 	LDI  R31,HIGH(2*@0+(@1))
                 	LDI  R22,BYTE3(2*@0+(@1))
                 	LDI  R23,BYTE4(2*@0+(@1))
                 	.ENDM
                 
                 	.MACRO __POINTB2MN
                 	LDI  R26,LOW(@0+(@1))
                 	.ENDM
                 
                 	.MACRO __POINTW2MN
                 	LDI  R26,LOW(@0+(@1))
                 	LDI  R27,HIGH(@0+(@1))
                 	.ENDM
                 
                 	.MACRO __POINTW2FN
                 	LDI  R26,LOW(2*@0+(@1))
                 	LDI  R27,HIGH(2*@0+(@1))
                 	.ENDM
                 
                 	.MACRO __POINTD2FN
                 	LDI  R26,LOW(2*@0+(@1))
                 	LDI  R27,HIGH(2*@0+(@1))
                 	LDI  R24,BYTE3(2*@0+(@1))
                 	LDI  R25,BYTE4(2*@0+(@1))
                 	.ENDM
                 
                 	.MACRO __POINTBRM
                 	LDI  R@0,LOW(@1)
                 	.ENDM
                 
                 	.MACRO __POINTWRM
                 	LDI  R@0,LOW(@2)
                 	LDI  R@1,HIGH(@2)
                 	.ENDM
                 
                 	.MACRO __POINTBRMN
                 	LDI  R@0,LOW(@1+(@2))
                 	.ENDM
                 
                 	.MACRO __POINTWRMN
                 	LDI  R@0,LOW(@2+(@3))
                 	LDI  R@1,HIGH(@2+(@3))
                 	.ENDM
                 
                 	.MACRO __POINTWRFN
                 	LDI  R@0,LOW(@2*2+(@3))
                 	LDI  R@1,HIGH(@2*2+(@3))
                 	.ENDM
                 
                 	.MACRO __GETD1N
                 	LDI  R30,LOW(@0)
                 	LDI  R31,HIGH(@0)
                 	LDI  R22,BYTE3(@0)
                 	LDI  R23,BYTE4(@0)
                 	.ENDM
                 
                 	.MACRO __GETD2N
                 	LDI  R26,LOW(@0)
                 	LDI  R27,HIGH(@0)
                 	LDI  R24,BYTE3(@0)
                 	LDI  R25,BYTE4(@0)
                 	.ENDM
                 
                 	.MACRO __GETB1MN
                 	LDS  R30,@0+(@1)
                 	.ENDM
                 
                 	.MACRO __GETB1HMN
                 	LDS  R31,@0+(@1)
                 	.ENDM
                 
                 	.MACRO __GETW1MN
                 	LDS  R30,@0+(@1)
                 	LDS  R31,@0+(@1)+1
                 	.ENDM
                 
                 	.MACRO __GETD1MN
                 	LDS  R30,@0+(@1)
                 	LDS  R31,@0+(@1)+1
                 	LDS  R22,@0+(@1)+2
                 	LDS  R23,@0+(@1)+3
                 	.ENDM
                 
                 	.MACRO __GETBRMN
                 	LDS  R@0,@1+(@2)
                 	.ENDM
                 
                 	.MACRO __GETWRMN
                 	LDS  R@0,@2+(@3)
                 	LDS  R@1,@2+(@3)+1
                 	.ENDM
                 
                 	.MACRO __GETWRZ
                 	LDD  R@0,Z+@2
                 	LDD  R@1,Z+@2+1
                 	.ENDM
                 
                 	.MACRO __GETD2Z
                 	LDD  R26,Z+@0
                 	LDD  R27,Z+@0+1
                 	LDD  R24,Z+@0+2
                 	LDD  R25,Z+@0+3
                 	.ENDM
                 
                 	.MACRO __GETB2MN
                 	LDS  R26,@0+(@1)
                 	.ENDM
                 
                 	.MACRO __GETW2MN
                 	LDS  R26,@0+(@1)
                 	LDS  R27,@0+(@1)+1
                 	.ENDM
                 
                 	.MACRO __GETD2MN
                 	LDS  R26,@0+(@1)
                 	LDS  R27,@0+(@1)+1
                 	LDS  R24,@0+(@1)+2
                 	LDS  R25,@0+(@1)+3
                 	.ENDM
                 
                 	.MACRO __PUTB1MN
                 	STS  @0+(@1),R30
                 	.ENDM
                 
                 	.MACRO __PUTW1MN
                 	STS  @0+(@1),R30
                 	STS  @0+(@1)+1,R31
                 	.ENDM
                 
                 	.MACRO __PUTD1MN
                 	STS  @0+(@1),R30
                 	STS  @0+(@1)+1,R31
                 	STS  @0+(@1)+2,R22
                 	STS  @0+(@1)+3,R23
                 	.ENDM
                 
                 	.MACRO __PUTB1EN
                 	LDI  R26,LOW(@0+(@1))
                 	LDI  R27,HIGH(@0+(@1))
                 	RCALL __EEPROMWRB
                 	.ENDM
                 
                 	.MACRO __PUTW1EN
                 	LDI  R26,LOW(@0+(@1))
                 	LDI  R27,HIGH(@0+(@1))
                 	RCALL __EEPROMWRW
                 	.ENDM
                 
                 	.MACRO __PUTD1EN
                 	LDI  R26,LOW(@0+(@1))
                 	LDI  R27,HIGH(@0+(@1))
                 	RCALL __EEPROMWRD
                 	.ENDM
                 
                 	.MACRO __PUTBR0MN
                 	STS  @0+(@1),R0
                 	.ENDM
                 
                 	.MACRO __PUTBMRN
                 	STS  @0+(@1),R@2
                 	.ENDM
                 
                 	.MACRO __PUTWMRN
                 	STS  @0+(@1),R@2
                 	STS  @0+(@1)+1,R@3
                 	.ENDM
                 
                 	.MACRO __PUTBZR
                 	STD  Z+@1,R@0
                 	.ENDM
                 
                 	.MACRO __PUTWZR
                 	STD  Z+@2,R@0
                 	STD  Z+@2+1,R@1
                 	.ENDM
                 
                 	.MACRO __GETW1R
                 	MOV  R30,R@0
                 	MOV  R31,R@1
                 	.ENDM
                 
                 	.MACRO __GETW2R
                 	MOV  R26,R@0
                 	MOV  R27,R@1
                 	.ENDM
                 
                 	.MACRO __GETWRN
                 	LDI  R@0,LOW(@2)
                 	LDI  R@1,HIGH(@2)
                 	.ENDM
                 
                 	.MACRO __PUTW1R
                 	MOV  R@0,R30
                 	MOV  R@1,R31
                 	.ENDM
                 
                 	.MACRO __PUTW2R
                 	MOV  R@0,R26
                 	MOV  R@1,R27
                 	.ENDM
                 
                 	.MACRO __ADDWRN
                 	SUBI R@0,LOW(-@2)
                 	SBCI R@1,HIGH(-@2)
                 	.ENDM
                 
                 	.MACRO __ADDWRR
                 	ADD  R@0,R@2
                 	ADC  R@1,R@3
                 	.ENDM
                 
                 	.MACRO __SUBWRN
                 	SUBI R@0,LOW(@2)
                 	SBCI R@1,HIGH(@2)
                 	.ENDM
                 
                 	.MACRO __SUBWRR
                 	SUB  R@0,R@2
                 	SBC  R@1,R@3
                 	.ENDM
                 
                 	.MACRO __ANDWRN
                 	ANDI R@0,LOW(@2)
                 	ANDI R@1,HIGH(@2)
                 	.ENDM
                 
                 	.MACRO __ANDWRR
                 	AND  R@0,R@2
                 	AND  R@1,R@3
                 	.ENDM
                 
                 	.MACRO __ORWRN
                 	ORI  R@0,LOW(@2)
                 	ORI  R@1,HIGH(@2)
                 	.ENDM
                 
                 	.MACRO __ORWRR
                 	OR   R@0,R@2
                 	OR   R@1,R@3
                 	.ENDM
                 
                 	.MACRO __EORWRR
                 	EOR  R@0,R@2
                 	EOR  R@1,R@3
                 	.ENDM
                 
                 	.MACRO __GETWRS
                 	LDD  R@0,Y+@2
                 	LDD  R@1,Y+@2+1
                 	.ENDM
                 
                 	.MACRO __PUTBSR
                 	STD  Y+@1,R@0
                 	.ENDM
                 
                 	.MACRO __PUTWSR
                 	STD  Y+@2,R@0
                 	STD  Y+@2+1,R@1
                 	.ENDM
                 
                 	.MACRO __MOVEWRR
                 	MOV  R@0,R@2
                 	MOV  R@1,R@3
                 	.ENDM
                 
                 	.MACRO __INWR
                 	IN   R@0,@2
                 	IN   R@1,@2+1
                 	.ENDM
                 
                 	.MACRO __OUTWR
                 	OUT  @2+1,R@1
                 	OUT  @2,R@0
                 	.ENDM
                 
                 	.MACRO __CALL1MN
                 	LDS  R30,@0+(@1)
                 	LDS  R31,@0+(@1)+1
                 	ICALL
                 	.ENDM
                 
                 	.MACRO __CALL1FN
                 	LDI  R30,LOW(2*@0+(@1))
                 	LDI  R31,HIGH(2*@0+(@1))
                 	RCALL __GETW1PF
                 	ICALL
                 	.ENDM
                 
                 	.MACRO __CALL2EN
                 	PUSH R26
                 	PUSH R27
                 	LDI  R26,LOW(@0+(@1))
                 	LDI  R27,HIGH(@0+(@1))
                 	RCALL __EEPROMRDW
                 	POP  R27
                 	POP  R26
                 	ICALL
                 	.ENDM
                 
                 	.MACRO __CALL2EX
                 	SUBI R26,LOW(-@0)
                 	SBCI R27,HIGH(-@0)
                 	RCALL __EEPROMRDD
                 	ICALL
                 	.ENDM
                 
                 	.MACRO __GETW1STACK
                 	IN   R30,SPL
                 	IN   R31,SPH
                 	ADIW R30,@0+1
                 	LD   R0,Z+
                 	LD   R31,Z
                 	MOV  R30,R0
                 	.ENDM
                 
                 	.MACRO __GETD1STACK
                 	IN   R30,SPL
                 	IN   R31,SPH
                 	ADIW R30,@0+1
                 	LD   R0,Z+
                 	LD   R1,Z+
                 	LD   R22,Z
                 	MOVW R30,R0
                 	.ENDM
                 
                 	.MACRO __NBST
                 	BST  R@0,@1
                 	IN   R30,SREG
                 	LDI  R31,0x40
                 	EOR  R30,R31
                 	OUT  SREG,R30
                 	.ENDM
                 
                 
                 	.MACRO __PUTB1SN
                 	LDD  R26,Y+@0
                 	LDD  R27,Y+@0+1
                 	SUBI R26,LOW(-@1)
                 	SBCI R27,HIGH(-@1)
                 	ST   X,R30
                 	.ENDM
                 
                 	.MACRO __PUTW1SN
                 	LDD  R26,Y+@0
                 	LDD  R27,Y+@0+1
                 	SUBI R26,LOW(-@1)
                 	SBCI R27,HIGH(-@1)
                 	ST   X+,R30
                 	ST   X,R31
                 	.ENDM
                 
                 	.MACRO __PUTD1SN
                 	LDD  R26,Y+@0
                 	LDD  R27,Y+@0+1
                 	SUBI R26,LOW(-@1)
                 	SBCI R27,HIGH(-@1)
                 	RCALL __PUTDP1
                 	.ENDM
                 
                 	.MACRO __PUTB1SNS
                 	LDD  R26,Y+@0
                 	LDD  R27,Y+@0+1
                 	ADIW R26,@1
                 	ST   X,R30
                 	.ENDM
                 
                 	.MACRO __PUTW1SNS
                 	LDD  R26,Y+@0
                 	LDD  R27,Y+@0+1
                 	ADIW R26,@1
                 	ST   X+,R30
                 	ST   X,R31
                 	.ENDM
                 
                 	.MACRO __PUTD1SNS
                 	LDD  R26,Y+@0
                 	LDD  R27,Y+@0+1
                 	ADIW R26,@1
                 	RCALL __PUTDP1
                 	.ENDM
                 
                 	.MACRO __PUTB1PMN
                 	LDS  R26,@0
                 	LDS  R27,@0+1
                 	SUBI R26,LOW(-@1)
                 	SBCI R27,HIGH(-@1)
                 	ST   X,R30
                 	.ENDM
                 
                 	.MACRO __PUTW1PMN
                 	LDS  R26,@0
                 	LDS  R27,@0+1
                 	SUBI R26,LOW(-@1)
                 	SBCI R27,HIGH(-@1)
                 	ST   X+,R30
                 	ST   X,R31
                 	.ENDM
                 
                 	.MACRO __PUTD1PMN
                 	LDS  R26,@0
                 	LDS  R27,@0+1
                 	SUBI R26,LOW(-@1)
                 	SBCI R27,HIGH(-@1)
                 	RCALL __PUTDP1
                 	.ENDM
                 
                 	.MACRO __PUTB1PMNS
                 	LDS  R26,@0
                 	LDS  R27,@0+1
                 	ADIW R26,@1
                 	ST   X,R30
                 	.ENDM
                 
                 	.MACRO __PUTW1PMNS
                 	LDS  R26,@0
                 	LDS  R27,@0+1
                 	ADIW R26,@1
                 	ST   X+,R30
                 	ST   X,R31
                 	.ENDM
                 
                 	.MACRO __PUTD1PMNS
                 	LDS  R26,@0
                 	LDS  R27,@0+1
                 	ADIW R26,@1
                 	RCALL __PUTDP1
                 	.ENDM
                 
                 	.MACRO __PUTB1RN
                 	MOVW R26,R@0
                 	SUBI R26,LOW(-@1)
                 	SBCI R27,HIGH(-@1)
                 	ST   X,R30
                 	.ENDM
                 
                 	.MACRO __PUTW1RN
                 	MOVW R26,R@0
                 	SUBI R26,LOW(-@1)
                 	SBCI R27,HIGH(-@1)
                 	ST   X+,R30
                 	ST   X,R31
                 	.ENDM
                 
                 	.MACRO __PUTD1RN
                 	MOVW R26,R@0
                 	SUBI R26,LOW(-@1)
                 	SBCI R27,HIGH(-@1)
                 	RCALL __PUTDP1
                 	.ENDM
                 
                 	.MACRO __PUTB1RNS
                 	MOVW R26,R@0
                 	ADIW R26,@1
                 	ST   X,R30
                 	.ENDM
                 
                 	.MACRO __PUTW1RNS
                 	MOVW R26,R@0
                 	ADIW R26,@1
                 	ST   X+,R30
                 	ST   X,R31
                 	.ENDM
                 
                 	.MACRO __PUTD1RNS
                 	MOVW R26,R@0
                 	ADIW R26,@1
                 	RCALL __PUTDP1
                 	.ENDM
                 
                 	.MACRO __PUTB1RON
                 	MOV  R26,R@0
                 	MOV  R27,R@1
                 	SUBI R26,LOW(-@2)
                 	SBCI R27,HIGH(-@2)
                 	ST   X,R30
                 	.ENDM
                 
                 	.MACRO __PUTW1RON
                 	MOV  R26,R@0
                 	MOV  R27,R@1
                 	SUBI R26,LOW(-@2)
                 	SBCI R27,HIGH(-@2)
                 	ST   X+,R30
                 	ST   X,R31
                 	.ENDM
                 
                 	.MACRO __PUTD1RON
                 	MOV  R26,R@0
                 	MOV  R27,R@1
                 	SUBI R26,LOW(-@2)
                 	SBCI R27,HIGH(-@2)
                 	RCALL __PUTDP1
                 	.ENDM
                 
                 	.MACRO __PUTB1RONS
                 	MOV  R26,R@0
                 	MOV  R27,R@1
                 	ADIW R26,@2
                 	ST   X,R30
                 	.ENDM
                 
                 	.MACRO __PUTW1RONS
                 	MOV  R26,R@0
                 	MOV  R27,R@1
                 	ADIW R26,@2
                 	ST   X+,R30
                 	ST   X,R31
                 	.ENDM
                 
                 	.MACRO __PUTD1RONS
                 	MOV  R26,R@0
                 	MOV  R27,R@1
                 	ADIW R26,@2
                 	RCALL __PUTDP1
                 	.ENDM
                 
                 
                 	.MACRO __GETB1SX
                 	MOVW R30,R28
                 	SUBI R30,LOW(-@0)
                 	SBCI R31,HIGH(-@0)
                 	LD   R30,Z
                 	.ENDM
                 
                 	.MACRO __GETB1HSX
                 	MOVW R30,R28
                 	SUBI R30,LOW(-@0)
                 	SBCI R31,HIGH(-@0)
                 	LD   R31,Z
                 	.ENDM
                 
                 	.MACRO __GETW1SX
                 	MOVW R30,R28
                 	SUBI R30,LOW(-@0)
                 	SBCI R31,HIGH(-@0)
                 	LD   R0,Z+
                 	LD   R31,Z
                 	MOV  R30,R0
                 	.ENDM
                 
                 	.MACRO __GETD1SX
                 	MOVW R30,R28
                 	SUBI R30,LOW(-@0)
                 	SBCI R31,HIGH(-@0)
                 	LD   R0,Z+
                 	LD   R1,Z+
                 	LD   R22,Z+
                 	LD   R23,Z
                 	MOVW R30,R0
                 	.ENDM
                 
                 	.MACRO __GETB2SX
                 	MOVW R26,R28
                 	SUBI R26,LOW(-@0)
                 	SBCI R27,HIGH(-@0)
                 	LD   R26,X
                 	.ENDM
                 
                 	.MACRO __GETW2SX
                 	MOVW R26,R28
                 	SUBI R26,LOW(-@0)
                 	SBCI R27,HIGH(-@0)
                 	LD   R0,X+
                 	LD   R27,X
                 	MOV  R26,R0
                 	.ENDM
                 
                 	.MACRO __GETD2SX
                 	MOVW R26,R28
                 	SUBI R26,LOW(-@0)
                 	SBCI R27,HIGH(-@0)
                 	LD   R0,X+
                 	LD   R1,X+
                 	LD   R24,X+
                 	LD   R25,X
                 	MOVW R26,R0
                 	.ENDM
                 
                 	.MACRO __GETBRSX
                 	MOVW R30,R28
                 	SUBI R30,LOW(-@1)
                 	SBCI R31,HIGH(-@1)
                 	LD   R@0,Z
                 	.ENDM
                 
                 	.MACRO __GETWRSX
                 	MOVW R30,R28
                 	SUBI R30,LOW(-@2)
                 	SBCI R31,HIGH(-@2)
                 	LD   R@0,Z+
                 	LD   R@1,Z
                 	.ENDM
                 
                 	.MACRO __GETBRSX2
                 	MOVW R26,R28
                 	SUBI R26,LOW(-@1)
                 	SBCI R27,HIGH(-@1)
                 	LD   R@0,X
                 	.ENDM
                 
                 	.MACRO __GETWRSX2
                 	MOVW R26,R28
                 	SUBI R26,LOW(-@2)
                 	SBCI R27,HIGH(-@2)
                 	LD   R@0,X+
                 	LD   R@1,X
                 	.ENDM
                 
                 	.MACRO __LSLW8SX
                 	MOVW R30,R28
                 	SUBI R30,LOW(-@0)
                 	SBCI R31,HIGH(-@0)
                 	LD   R31,Z
                 	CLR  R30
                 	.ENDM
                 
                 	.MACRO __PUTB1SX
                 	MOVW R26,R28
                 	SUBI R26,LOW(-@0)
                 	SBCI R27,HIGH(-@0)
                 	ST   X,R30
                 	.ENDM
                 
                 	.MACRO __PUTW1SX
                 	MOVW R26,R28
                 	SUBI R26,LOW(-@0)
                 	SBCI R27,HIGH(-@0)
                 	ST   X+,R30
                 	ST   X,R31
                 	.ENDM
                 
                 	.MACRO __PUTD1SX
                 	MOVW R26,R28
                 	SUBI R26,LOW(-@0)
                 	SBCI R27,HIGH(-@0)
                 	ST   X+,R30
                 	ST   X+,R31
                 	ST   X+,R22
                 	ST   X,R23
                 	.ENDM
                 
                 	.MACRO __CLRW1SX
                 	MOVW R26,R28
                 	SUBI R26,LOW(-@0)
                 	SBCI R27,HIGH(-@0)
                 	ST   X+,R30
                 	ST   X,R30
                 	.ENDM
                 
                 	.MACRO __CLRD1SX
                 	MOVW R26,R28
                 	SUBI R26,LOW(-@0)
                 	SBCI R27,HIGH(-@0)
                 	ST   X+,R30
                 	ST   X+,R30
                 	ST   X+,R30
                 	ST   X,R30
                 	.ENDM
                 
                 	.MACRO __PUTB2SX
                 	MOVW R30,R28
                 	SUBI R30,LOW(-@0)
                 	SBCI R31,HIGH(-@0)
                 	ST   Z,R26
                 	.ENDM
                 
                 	.MACRO __PUTW2SX
                 	MOVW R30,R28
                 	SUBI R30,LOW(-@0)
                 	SBCI R31,HIGH(-@0)
                 	ST   Z+,R26
                 	ST   Z,R27
                 	.ENDM
                 
                 	.MACRO __PUTD2SX
                 	MOVW R30,R28
                 	SUBI R30,LOW(-@0)
                 	SBCI R31,HIGH(-@0)
                 	ST   Z+,R26
                 	ST   Z+,R27
                 	ST   Z+,R24
                 	ST   Z,R25
                 	.ENDM
                 
                 	.MACRO __PUTBSRX
                 	MOVW R30,R28
                 	SUBI R30,LOW(-@1)
                 	SBCI R31,HIGH(-@1)
                 	ST   Z,R@0
                 	.ENDM
                 
                 	.MACRO __PUTWSRX
                 	MOVW R30,R28
                 	SUBI R30,LOW(-@2)
                 	SBCI R31,HIGH(-@2)
                 	ST   Z+,R@0
                 	ST   Z,R@1
                 	.ENDM
                 
                 	.MACRO __PUTB1SNX
                 	MOVW R26,R28
                 	SUBI R26,LOW(-@0)
                 	SBCI R27,HIGH(-@0)
                 	LD   R0,X+
                 	LD   R27,X
                 	MOV  R26,R0
                 	SUBI R26,LOW(-@1)
                 	SBCI R27,HIGH(-@1)
                 	ST   X,R30
                 	.ENDM
                 
                 	.MACRO __PUTW1SNX
                 	MOVW R26,R28
                 	SUBI R26,LOW(-@0)
                 	SBCI R27,HIGH(-@0)
                 	LD   R0,X+
                 	LD   R27,X
                 	MOV  R26,R0
                 	SUBI R26,LOW(-@1)
                 	SBCI R27,HIGH(-@1)
                 	ST   X+,R30
                 	ST   X,R31
                 	.ENDM
                 
                 	.MACRO __PUTD1SNX
                 	MOVW R26,R28
                 	SUBI R26,LOW(-@0)
                 	SBCI R27,HIGH(-@0)
                 	LD   R0,X+
                 	LD   R27,X
                 	MOV  R26,R0
                 	SUBI R26,LOW(-@1)
                 	SBCI R27,HIGH(-@1)
                 	ST   X+,R30
                 	ST   X+,R31
                 	ST   X+,R22
                 	ST   X,R23
                 	.ENDM
                 
                 	.MACRO __MULBRR
                 	MULS R@0,R@1
                 	MOVW R30,R0
                 	.ENDM
                 
                 	.MACRO __MULBRRU
                 	MUL  R@0,R@1
                 	MOVW R30,R0
                 	.ENDM
                 
                 	.MACRO __MULBRR0
                 	MULS R@0,R@1
                 	.ENDM
                 
                 	.MACRO __MULBRRU0
                 	MUL  R@0,R@1
                 	.ENDM
                 
                 	.MACRO __MULBNWRU
                 	LDI  R26,@2
                 	MUL  R26,R@0
                 	MOVW R30,R0
                 	MUL  R26,R@1
                 	ADD  R31,R0
                 	.ENDM
                 
                 	.CSEG
                 	.ORG 0x00
                 
                 ;START OF CODE MARKER
                 __START_OF_CODE:
                 
                 ;INTERRUPT VECTORS
000000 c01f      	RJMP __RESET
000001 cffe      	RJMP 0x00
000002 cffd      	RJMP 0x00
000003 cffc      	RJMP 0x00
000004 cffb      	RJMP 0x00
000005 cffa      	RJMP 0x00
000006 cff9      	RJMP 0x00
000007 cff8      	RJMP 0x00
000008 cff7      	RJMP 0x00
000009 cff6      	RJMP 0x00
00000a cff5      	RJMP 0x00
00000b cff4      	RJMP 0x00
00000c cff3      	RJMP 0x00
00000d cff2      	RJMP 0x00
00000e cff1      	RJMP 0x00
00000f cff0      	RJMP 0x00
000010 cfef      	RJMP 0x00
000011 cfee      	RJMP 0x00
000012 cfed      	RJMP 0x00
000013 cfec      	RJMP 0x00
000014 cfeb      	RJMP 0x00
                 
                 _tbl10_G100:
000015 2710
000016 03e8
000017 0064
000018 000a      	.DB  0x10,0x27,0xE8,0x3,0x64,0x0,0xA,0x0
000019 0001      	.DB  0x1,0x0
                 _tbl16_G100:
00001a 1000
00001b 0100
00001c 0010
00001d 0001      	.DB  0x0,0x10,0x0,0x1,0x10,0x0,0x1,0x0
                 
                 _0x0:
00001e 6425
C:\Users\User\Documents\#UNSRI7\A&P\UTS\Debug\List\UTS2.asm(1121): warning: .cseg .db misalignment - padding zero byte
00001f 0000      	.DB  0x25,0x64,0x0
                 __RESET:
000020 94f8      	CLI
000021 27ee      	CLR  R30
000022 bbec      	OUT  EECR,R30
                 
                 ;INTERRUPT VECTORS ARE PLACED
                 ;AT THE START OF FLASH
000023 e0f1      	LDI  R31,1
000024 bffb      	OUT  GICR,R31
000025 bfeb      	OUT  GICR,R30
000026 bfe5      	OUT  MCUCR,R30
                 
                 ;CLEAR R2-R14
000027 e08d      	LDI  R24,(14-2)+1
000028 e0a2      	LDI  R26,2
000029 27bb      	CLR  R27
                 __CLEAR_REG:
00002a 93ed      	ST   X+,R30
00002b 958a      	DEC  R24
00002c f7e9      	BRNE __CLEAR_REG
                 
                 ;CLEAR SRAM
00002d e080      	LDI  R24,LOW(__CLEAR_SRAM_SIZE)
00002e e092      	LDI  R25,HIGH(__CLEAR_SRAM_SIZE)
00002f e6a0      	LDI  R26,__SRAM_START
                 __CLEAR_SRAM:
000030 93ed      	ST   X+,R30
000031 9701      	SBIW R24,1
000032 f7e9      	BRNE __CLEAR_SRAM
                 
                 ;HARDWARE STACK POINTER INITIALIZATION
000033 e5ef      	LDI  R30,LOW(__SRAM_END-__HEAP_SIZE)
000034 bfed      	OUT  SPL,R30
000035 e0e2      	LDI  R30,HIGH(__SRAM_END-__HEAP_SIZE)
000036 bfee      	OUT  SPH,R30
                 
                 ;DATA STACK POINTER INITIALIZATION
000037 eec0      	LDI  R28,LOW(__SRAM_START+__DSTACK_SIZE)
000038 e0d0      	LDI  R29,HIGH(__SRAM_START+__DSTACK_SIZE)
                 
000039 c011      	RJMP _main
                 
                 	.ESEG
                 	.ORG 0
                 
                 	.DSEG
                 	.ORG 0xE0
                 
                 	.CSEG
                 ;/*******************************************************
                 ;This program was created by the
                 ;CodeWizardAVR V3.12 Advanced
                 ;Automatic Program Generator
                 ;© Copyright 1998-2014 Pavel Haiduc, HP InfoTech s.r.l.
                 ;http://www.hpinfotech.com
                 ;
                 ;Project :
                 ;Version :
                 ;Date    : 02/10/2019
                 ;Author  :
                 ;Company :
                 ;Comments:
                 ;
                 ;
                 ;Chip type               : ATmega8535
                 ;Program type            : Application
                 ;AVR Core Clock frequency: 8,000000 MHz
                 ;Memory model            : Small
                 ;External RAM size       : 0
                 ;Data Stack size         : 128
                 ;*******************************************************/
                 ;#include <mega8535.h>
                 	#ifndef __SLEEP_DEFINED__
                 	#define __SLEEP_DEFINED__
                 	.EQU __se_bit=0x40
                 	.EQU __sm_mask=0xB0
                 	.EQU __sm_powerdown=0x20
                 	.EQU __sm_powersave=0x30
                 	.EQU __sm_standby=0xA0
                 	.EQU __sm_ext_standby=0xB0
                 	.EQU __sm_adc_noise_red=0x10
                 	.SET power_ctrl_reg=mcucr
                 	#endif
                 ;#include <delay.h>
                 ;#include <stdio.h>
                 ;
                 ;// Declare your global variables here
                 ;int angka(int bilangan)
                 ; 0000 001D {
                 
                 	.CSEG
                 _angka:
                 ; .FSTART _angka
                 ; 0000 001E     int s,p,h;
                 ; 0000 001F 
                 ; 0000 0020     p=bilangan/10;
00003a 93ba      	ST   -Y,R27
00003b 93aa      	ST   -Y,R26
00003c d264      	RCALL __SAVELOCR6
                 ;	bilangan -> Y+6
                 ;	s -> R16,R17
                 ;	p -> R18,R19
                 ;	h -> R20,R21
00003d d1dd      	RCALL SUBOPT_0x0
00003e d236      	RCALL __DIVW21
00003f 019f      	MOVW R18,R30
                 ; 0000 0021     s=bilangan%10;
000040 d1da      	RCALL SUBOPT_0x0
000041 d238      	RCALL __MODW21
000042 018f      	MOVW R16,R30
                 ; 0000 0022 
                 ; 0000 0023     h=(p*16)+s;
000043 01f9      	MOVW R30,R18
000044 d20c      	RCALL __LSLW4
000045 0fe0      	ADD  R30,R16
000046 1ff1      	ADC  R31,R17
000047 01af      	MOVW R20,R30
                 ; 0000 0024     return h;
000048 d25f      	RCALL __LOADLOCR6
000049 9628      	ADIW R28,8
00004a 9508      	RET
                 ; 0000 0025 }
                 ; .FEND
                 ;void main(void)
                 ; 0000 0027 {
                 _main:
                 ; .FSTART _main
                 ; 0000 0028 // Declare your local variables here
                 ; 0000 0029    int a;
                 ; 0000 002A // Input/Output Ports initialization
                 ; 0000 002B // Port A initialization
                 ; 0000 002C // Function: Bit7=Out Bit6=Out Bit5=Out Bit4=Out Bit3=Out Bit2=Out Bit1=Out Bit0=Out
                 ; 0000 002D DDRA=(1<<DDA7) | (1<<DDA6) | (1<<DDA5) | (1<<DDA4) | (1<<DDA3) | (1<<DDA2) | (1<<DDA1) | (1<<DDA0);
                 ;	a -> R16,R17
00004b efef      	LDI  R30,LOW(255)
00004c bbea      	OUT  0x1A,R30
                 ; 0000 002E // State: Bit7=0 Bit6=0 Bit5=0 Bit4=0 Bit3=0 Bit2=0 Bit1=0 Bit0=0
                 ; 0000 002F PORTA=(0<<PORTA7) | (0<<PORTA6) | (0<<PORTA5) | (0<<PORTA4) | (0<<PORTA3) | (0<<PORTA2) | (0<<PORTA1) | (0<<PORTA0);
00004d e0e0      	LDI  R30,LOW(0)
00004e bbeb      	OUT  0x1B,R30
                 ; 0000 0030 
                 ; 0000 0031 // Port B initialization
                 ; 0000 0032 // Function: Bit7=Out Bit6=Out Bit5=Out Bit4=Out Bit3=Out Bit2=Out Bit1=Out Bit0=Out
                 ; 0000 0033 DDRB=(1<<DDB7) | (1<<DDB6) | (1<<DDB5) | (1<<DDB4) | (1<<DDB3) | (1<<DDB2) | (1<<DDB1) | (1<<DDB0);
00004f efef      	LDI  R30,LOW(255)
000050 bbe7      	OUT  0x17,R30
                 ; 0000 0034 // State: Bit7=0 Bit6=0 Bit5=0 Bit4=0 Bit3=0 Bit2=0 Bit1=0 Bit0=0
                 ; 0000 0035 PORTB=(0<<PORTB7) | (0<<PORTB6) | (0<<PORTB5) | (0<<PORTB4) | (0<<PORTB3) | (0<<PORTB2) | (0<<PORTB1) | (0<<PORTB0);
000051 e0e0      	LDI  R30,LOW(0)
000052 bbe8      	OUT  0x18,R30
                 ; 0000 0036 
                 ; 0000 0037 // Port C initialization
                 ; 0000 0038 // Function: Bit7=Out Bit6=Out Bit5=Out Bit4=Out Bit3=Out Bit2=Out Bit1=Out Bit0=Out
                 ; 0000 0039 DDRC=(1<<DDC7) | (1<<DDC6) | (1<<DDC5) | (1<<DDC4) | (1<<DDC3) | (1<<DDC2) | (1<<DDC1) | (1<<DDC0);
000053 efef      	LDI  R30,LOW(255)
000054 bbe4      	OUT  0x14,R30
                 ; 0000 003A // State: Bit7=0 Bit6=0 Bit5=0 Bit4=0 Bit3=0 Bit2=0 Bit1=0 Bit0=0
                 ; 0000 003B PORTC=(0<<PORTC7) | (0<<PORTC6) | (0<<PORTC5) | (0<<PORTC4) | (0<<PORTC3) | (0<<PORTC2) | (0<<PORTC1) | (0<<PORTC0);
000055 e0e0      	LDI  R30,LOW(0)
000056 bbe5      	OUT  0x15,R30
                 ; 0000 003C 
                 ; 0000 003D // Port D initialization
                 ; 0000 003E // Function: Bit7=In Bit6=In Bit5=In Bit4=In Bit3=In Bit2=In Bit1=In Bit0=In
                 ; 0000 003F DDRD=(0<<DDD7) | (0<<DDD6) | (0<<DDD5) | (0<<DDD4) | (0<<DDD3) | (0<<DDD2) | (0<<DDD1) | (0<<DDD0);
000057 bbe1      	OUT  0x11,R30
                 ; 0000 0040 // State: Bit7=T Bit6=T Bit5=T Bit4=T Bit3=T Bit2=T Bit1=T Bit0=T
                 ; 0000 0041 PORTD=(0<<PORTD7) | (0<<PORTD6) | (0<<PORTD5) | (0<<PORTD4) | (0<<PORTD3) | (0<<PORTD2) | (0<<PORTD1) | (0<<PORTD0);
000058 bbe2      	OUT  0x12,R30
                 ; 0000 0042 
                 ; 0000 0043 // Timer/Counter 0 initialization
                 ; 0000 0044 // Clock source: System Clock
                 ; 0000 0045 // Clock value: Timer 0 Stopped
                 ; 0000 0046 // Mode: Normal top=0xFF
                 ; 0000 0047 // OC0 output: Disconnected
                 ; 0000 0048 TCCR0=(0<<WGM00) | (0<<COM01) | (0<<COM00) | (0<<WGM01) | (0<<CS02) | (0<<CS01) | (0<<CS00);
000059 bfe3      	OUT  0x33,R30
                 ; 0000 0049 TCNT0=0x00;
00005a bfe2      	OUT  0x32,R30
                 ; 0000 004A OCR0=0x00;
00005b bfec      	OUT  0x3C,R30
                 ; 0000 004B 
                 ; 0000 004C // Timer/Counter 1 initialization
                 ; 0000 004D // Clock source: System Clock
                 ; 0000 004E // Clock value: Timer1 Stopped
                 ; 0000 004F // Mode: Normal top=0xFFFF
                 ; 0000 0050 // OC1A output: Disconnected
                 ; 0000 0051 // OC1B output: Disconnected
                 ; 0000 0052 // Noise Canceler: Off
                 ; 0000 0053 // Input Capture on Falling Edge
                 ; 0000 0054 // Timer1 Overflow Interrupt: Off
                 ; 0000 0055 // Input Capture Interrupt: Off
                 ; 0000 0056 // Compare A Match Interrupt: Off
                 ; 0000 0057 // Compare B Match Interrupt: Off
                 ; 0000 0058 TCCR1A=(0<<COM1A1) | (0<<COM1A0) | (0<<COM1B1) | (0<<COM1B0) | (0<<WGM11) | (0<<WGM10);
00005c bdef      	OUT  0x2F,R30
                 ; 0000 0059 TCCR1B=(0<<ICNC1) | (0<<ICES1) | (0<<WGM13) | (0<<WGM12) | (0<<CS12) | (0<<CS11) | (0<<CS10);
00005d bdee      	OUT  0x2E,R30
                 ; 0000 005A TCNT1H=0x00;
00005e bded      	OUT  0x2D,R30
                 ; 0000 005B TCNT1L=0x00;
00005f bdec      	OUT  0x2C,R30
                 ; 0000 005C ICR1H=0x00;
000060 bde7      	OUT  0x27,R30
                 ; 0000 005D ICR1L=0x00;
000061 bde6      	OUT  0x26,R30
                 ; 0000 005E OCR1AH=0x00;
000062 bdeb      	OUT  0x2B,R30
                 ; 0000 005F OCR1AL=0x00;
000063 bdea      	OUT  0x2A,R30
                 ; 0000 0060 OCR1BH=0x00;
000064 bde9      	OUT  0x29,R30
                 ; 0000 0061 OCR1BL=0x00;
000065 bde8      	OUT  0x28,R30
                 ; 0000 0062 
                 ; 0000 0063 // Timer/Counter 2 initialization
                 ; 0000 0064 // Clock source: System Clock
                 ; 0000 0065 // Clock value: Timer2 Stopped
                 ; 0000 0066 // Mode: Normal top=0xFF
                 ; 0000 0067 // OC2 output: Disconnected
                 ; 0000 0068 ASSR=0<<AS2;
000066 bde2      	OUT  0x22,R30
                 ; 0000 0069 TCCR2=(0<<WGM20) | (0<<COM21) | (0<<COM20) | (0<<WGM21) | (0<<CS22) | (0<<CS21) | (0<<CS20);
000067 bde5      	OUT  0x25,R30
                 ; 0000 006A TCNT2=0x00;
000068 bde4      	OUT  0x24,R30
                 ; 0000 006B OCR2=0x00;
000069 bde3      	OUT  0x23,R30
                 ; 0000 006C 
                 ; 0000 006D // Timer(s)/Counter(s) Interrupt(s) initialization
                 ; 0000 006E TIMSK=(0<<OCIE2) | (0<<TOIE2) | (0<<TICIE1) | (0<<OCIE1A) | (0<<OCIE1B) | (0<<TOIE1) | (0<<OCIE0) | (0<<TOIE0);
00006a bfe9      	OUT  0x39,R30
                 ; 0000 006F 
                 ; 0000 0070 // External Interrupt(s) initialization
                 ; 0000 0071 // INT0: Off
                 ; 0000 0072 // INT1: Off
                 ; 0000 0073 // INT2: Off
                 ; 0000 0074 MCUCR=(0<<ISC11) | (0<<ISC10) | (0<<ISC01) | (0<<ISC00);
00006b bfe5      	OUT  0x35,R30
                 ; 0000 0075 MCUCSR=(0<<ISC2);
00006c bfe4      	OUT  0x34,R30
                 ; 0000 0076 
                 ; 0000 0077 // USART initialization
                 ; 0000 0078 // Communication Parameters: 8 Data, 1 Stop, No Parity
                 ; 0000 0079 // USART Receiver: On
                 ; 0000 007A // USART Transmitter: Off
                 ; 0000 007B // USART Mode: Asynchronous
                 ; 0000 007C // USART Baud Rate: 9600
                 ; 0000 007D UCSRA=(0<<RXC) | (0<<TXC) | (0<<UDRE) | (0<<FE) | (0<<DOR) | (0<<UPE) | (0<<U2X) | (0<<MPCM);
00006d b9eb      	OUT  0xB,R30
                 ; 0000 007E UCSRB=(0<<RXCIE) | (0<<TXCIE) | (0<<UDRIE) | (1<<RXEN) | (0<<TXEN) | (0<<UCSZ2) | (0<<RXB8) | (0<<TXB8);
00006e e1e0      	LDI  R30,LOW(16)
00006f b9ea      	OUT  0xA,R30
                 ; 0000 007F UCSRC=(1<<URSEL) | (0<<UMSEL) | (0<<UPM1) | (0<<UPM0) | (0<<USBS) | (1<<UCSZ1) | (1<<UCSZ0) | (0<<UCPOL);
000070 e8e6      	LDI  R30,LOW(134)
000071 bde0      	OUT  0x20,R30
                 ; 0000 0080 UBRRH=0x00;
000072 e0e0      	LDI  R30,LOW(0)
000073 bde0      	OUT  0x20,R30
                 ; 0000 0081 UBRRL=0x33;
000074 e3e3      	LDI  R30,LOW(51)
000075 b9e9      	OUT  0x9,R30
                 ; 0000 0082 
                 ; 0000 0083 // Analog Comparator initialization
                 ; 0000 0084 // Analog Comparator: Off
                 ; 0000 0085 // The Analog Comparator's positive input is
                 ; 0000 0086 // connected to the AIN0 pin
                 ; 0000 0087 // The Analog Comparator's negative input is
                 ; 0000 0088 // connected to the AIN1 pin
                 ; 0000 0089 ACSR=(1<<ACD) | (0<<ACBG) | (0<<ACO) | (0<<ACI) | (0<<ACIE) | (0<<ACIC) | (0<<ACIS1) | (0<<ACIS0);
000076 e8e0      	LDI  R30,LOW(128)
000077 b9e8      	OUT  0x8,R30
                 ; 0000 008A SFIOR=(0<<ACME);
000078 e0e0      	LDI  R30,LOW(0)
000079 bfe0      	OUT  0x30,R30
                 ; 0000 008B 
                 ; 0000 008C // ADC initialization
                 ; 0000 008D // ADC disabled
                 ; 0000 008E ADCSRA=(0<<ADEN) | (0<<ADSC) | (0<<ADATE) | (0<<ADIF) | (0<<ADIE) | (0<<ADPS2) | (0<<ADPS1) | (0<<ADPS0);
00007a b9e6      	OUT  0x6,R30
                 ; 0000 008F 
                 ; 0000 0090 // SPI initialization
                 ; 0000 0091 // SPI disabled
                 ; 0000 0092 SPCR=(0<<SPIE) | (0<<SPE) | (0<<DORD) | (0<<MSTR) | (0<<CPOL) | (0<<CPHA) | (0<<SPR1) | (0<<SPR0);
00007b b9ed      	OUT  0xD,R30
                 ; 0000 0093 
                 ; 0000 0094 // TWI initialization
                 ; 0000 0095 // TWI disabled
                 ; 0000 0096 TWCR=(0<<TWEA) | (0<<TWSTA) | (0<<TWSTO) | (0<<TWEN) | (0<<TWIE);
00007c bfe6      	OUT  0x36,R30
                 ; 0000 0097 
                 ; 0000 0098 while (1)
                 _0x3:
                 ; 0000 0099       {
                 ; 0000 009A       // Place your code here
                 ; 0000 009B       scanf("%d",&a);
00007d d1a2      	RCALL SUBOPT_0x1
00007e b7ed      	IN   R30,SPL
00007f b7fe      	IN   R31,SPH
000080 9731      	SBIW R30,1
000081 d218      	RCALL __PUTPARD1L
000082 931f      	PUSH R17
000083 930f      	PUSH R16
000084 d1a0      	RCALL SUBOPT_0x2
000085 910f      	POP  R16
000086 911f      	POP  R17
                 ; 0000 009C       PORTA=angka(a);
000087 01d8      	MOVW R26,R16
000088 dfb1      	RCALL _angka
000089 bbeb      	OUT  0x1B,R30
                 ; 0000 009D       scanf("%d",&a);
00008a d195      	RCALL SUBOPT_0x1
00008b b7ed      	IN   R30,SPL
00008c b7fe      	IN   R31,SPH
00008d 9731      	SBIW R30,1
00008e d20b      	RCALL __PUTPARD1L
00008f 931f      	PUSH R17
000090 930f      	PUSH R16
000091 d193      	RCALL SUBOPT_0x2
000092 910f      	POP  R16
000093 911f      	POP  R17
                 ; 0000 009E       PORTB=angka(a);
000094 01d8      	MOVW R26,R16
000095 dfa4      	RCALL _angka
000096 bbe8      	OUT  0x18,R30
                 ; 0000 009F       scanf("%d",&a);
000097 d188      	RCALL SUBOPT_0x1
000098 b7ed      	IN   R30,SPL
000099 b7fe      	IN   R31,SPH
00009a 9731      	SBIW R30,1
00009b d1fe      	RCALL __PUTPARD1L
00009c 931f      	PUSH R17
00009d 930f      	PUSH R16
00009e d186      	RCALL SUBOPT_0x2
00009f 910f      	POP  R16
0000a0 911f      	POP  R17
                 ; 0000 00A0       PORTC=angka(a);
0000a1 01d8      	MOVW R26,R16
0000a2 df97      	RCALL _angka
0000a3 bbe5      	OUT  0x15,R30
                 ; 0000 00A1       };
0000a4 cfd8      	RJMP _0x3
                 ; 0000 00A2 }
                 _0x6:
0000a5 cfff      	RJMP _0x6
                 ; .FEND
                 	#ifndef __SLEEP_DEFINED__
                 	#endif
                 
                 	.CSEG
                 _getchar:
                 ; .FSTART _getchar
                 getchar0:
0000a6 9b5f           sbis usr,rxc
0000a7 cffe           rjmp getchar0
0000a8 b1ec           in   r30,udr
0000a9 9508      	RET
                 ; .FEND
                 _get_usart_G100:
                 ; .FSTART _get_usart_G100
0000aa 93ba      	ST   -Y,R27
0000ab 93aa      	ST   -Y,R26
0000ac 931a      	ST   -Y,R17
0000ad 81a9      	LDD  R26,Y+1
0000ae 81ba      	LDD  R27,Y+1+1
0000af e0e0      	LDI  R30,LOW(0)
0000b0 93ec      	ST   X,R30
0000b1 81ab      	LDD  R26,Y+3
0000b2 81bc      	LDD  R27,Y+3+1
0000b3 91ec      	LD   R30,X
0000b4 2f1e      	MOV  R17,R30
0000b5 30e0      	CPI  R30,0
0000b6 f019      	BREQ _0x2000078
0000b7 e0e0      	LDI  R30,LOW(0)
0000b8 93ec      	ST   X,R30
0000b9 c002      	RJMP _0x2000079
                 _0x2000078:
0000ba dfeb      	RCALL _getchar
0000bb 2f1e      	MOV  R17,R30
                 _0x2000079:
0000bc 2fe1      	MOV  R30,R17
0000bd 8118      	LDD  R17,Y+0
0000be 9625      	ADIW R28,5
0000bf 9508      	RET
                 ; .FEND
                 __scanf_G100:
                 ; .FSTART __scanf_G100
0000c0 92ff      	PUSH R15
0000c1 93ba      	ST   -Y,R27
0000c2 93aa      	ST   -Y,R26
0000c3 9724      	SBIW R28,4
0000c4 d1dc      	RCALL __SAVELOCR6
0000c5 e0e0      	LDI  R30,LOW(0)
0000c6 e0f0      	LDI  R31,HIGH(0)
0000c7 87e8      	STD  Y+8,R30
0000c8 87f9      	STD  Y+8+1,R31
0000c9 2f4e      	MOV  R20,R30
                 _0x200007F:
0000ca 89e8      	LDD  R30,Y+16
0000cb 89f9      	LDD  R31,Y+16+1
0000cc 9631      	ADIW R30,1
0000cd 8be8      	STD  Y+16,R30
0000ce 8bf9      	STD  Y+16+1,R31
0000cf 9731      	SBIW R30,1
0000d0 91e4      	LPM  R30,Z
0000d1 2f3e      	MOV  R19,R30
0000d2 30e0      	CPI  R30,0
0000d3 f409      	BRNE PC+2
0000d4 c101      	RJMP _0x2000081
0000d5 d153      	RCALL SUBOPT_0x3
0000d6 f099      	BREQ _0x2000082
                 _0x2000083:
0000d7 b7ed      	IN   R30,SPL
0000d8 b7fe      	IN   R31,SPH
0000d9 d153      	RCALL SUBOPT_0x4
0000da 934f      	PUSH R20
0000db d154      	RCALL SUBOPT_0x5
0000dc 914f      	POP  R20
0000dd 2f3e      	MOV  R19,R30
0000de 30e0      	CPI  R30,0
0000df f011      	BREQ _0x2000086
0000e0 d148      	RCALL SUBOPT_0x3
0000e1 f409      	BRNE _0x2000087
                 _0x2000086:
0000e2 c005      	RJMP _0x2000085
                 _0x2000087:
0000e3 d152      	RCALL SUBOPT_0x6
0000e4 f414      	BRGE _0x2000088
0000e5 d155      	RCALL SUBOPT_0x7
0000e6 c0f1      	RJMP _0x2060001
                 _0x2000088:
0000e7 cfef      	RJMP _0x2000083
                 _0x2000085:
0000e8 2f43      	MOV  R20,R19
0000e9 c0eb      	RJMP _0x2000089
                 _0x2000082:
0000ea 3235      	CPI  R19,37
0000eb f009      	BREQ PC+2
0000ec c0d5      	RJMP _0x200008A
0000ed e050      	LDI  R21,LOW(0)
                 _0x200008B:
0000ee 89e8      	LDD  R30,Y+16
0000ef 89f9      	LDD  R31,Y+16+1
0000f0 9135      	LPM  R19,Z+
0000f1 8be8      	STD  Y+16,R30
0000f2 8bf9      	STD  Y+16+1,R31
0000f3 3330      	CPI  R19,48
0000f4 f010      	BRLO _0x200008F
0000f5 333a      	CPI  R19,58
0000f6 f008      	BRLO _0x200008E
                 _0x200008F:
0000f7 c007      	RJMP _0x200008D
                 _0x200008E:
0000f8 e0aa      	LDI  R26,LOW(10)
0000f9 9f5a      	MUL  R21,R26
0000fa 2d50      	MOV  R21,R0
0000fb 2fe3      	MOV  R30,R19
0000fc 53e0      	SUBI R30,LOW(48)
0000fd 0f5e      	ADD  R21,R30
0000fe cfef      	RJMP _0x200008B
                 _0x200008D:
0000ff 3030      	CPI  R19,0
000100 f409      	BRNE _0x2000091
000101 c0d4      	RJMP _0x2000081
                 _0x2000091:
                 _0x2000092:
000102 b7ed      	IN   R30,SPL
000103 b7fe      	IN   R31,SPH
000104 d128      	RCALL SUBOPT_0x4
000105 934f      	PUSH R20
000106 d129      	RCALL SUBOPT_0x5
000107 914f      	POP  R20
000108 2f2e      	MOV  R18,R30
000109 2fae      	MOV  R26,R30
00010a d0f6      	RCALL _isspace
00010b 30e0      	CPI  R30,0
00010c f029      	BREQ _0x2000094
00010d d128      	RCALL SUBOPT_0x6
00010e f414      	BRGE _0x2000095
00010f d12b      	RCALL SUBOPT_0x7
000110 c0c7      	RJMP _0x2060001
                 _0x2000095:
000111 cff0      	RJMP _0x2000092
                 _0x2000094:
000112 3020      	CPI  R18,0
000113 f409      	BRNE _0x2000096
000114 c0b9      	RJMP _0x2000097
                 _0x2000096:
000115 2f42      	MOV  R20,R18
000116 3050      	CPI  R21,0
000117 f409      	BRNE _0x2000098
000118 ef5f      	LDI  R21,LOW(255)
                 _0x2000098:
000119 2fe3      	MOV  R30,R19
00011a 36e3      	CPI  R30,LOW(0x63)
00011b f471      	BRNE _0x200009C
00011c d121      	RCALL SUBOPT_0x8
00011d b7ed      	IN   R30,SPL
00011e b7fe      	IN   R31,SPH
00011f d10d      	RCALL SUBOPT_0x4
000120 934f      	PUSH R20
000121 d10e      	RCALL SUBOPT_0x5
000122 914f      	POP  R20
000123 01d8      	MOVW R26,R16
000124 93ec      	ST   X,R30
000125 d110      	RCALL SUBOPT_0x6
000126 f414      	BRGE _0x200009D
000127 d113      	RCALL SUBOPT_0x7
000128 c0af      	RJMP _0x2060001
                 _0x200009D:
000129 c092      	RJMP _0x200009B
                 _0x200009C:
00012a 37e3      	CPI  R30,LOW(0x73)
00012b f511      	BRNE _0x20000A6
00012c d111      	RCALL SUBOPT_0x8
                 _0x200009F:
00012d 2fe5      	MOV  R30,R21
00012e 5051      	SUBI R21,1
00012f 30e0      	CPI  R30,0
000130 f0c9      	BREQ _0x20000A1
000131 b7ed      	IN   R30,SPL
000132 b7fe      	IN   R31,SPH
000133 d0f9      	RCALL SUBOPT_0x4
000134 934f      	PUSH R20
000135 d0fa      	RCALL SUBOPT_0x5
000136 914f      	POP  R20
000137 2f3e      	MOV  R19,R30
000138 30e0      	CPI  R30,0
000139 f011      	BREQ _0x20000A3
00013a d0ee      	RCALL SUBOPT_0x3
00013b f029      	BREQ _0x20000A2
                 _0x20000A3:
00013c d0f9      	RCALL SUBOPT_0x6
00013d f414      	BRGE _0x20000A5
00013e d0fc      	RCALL SUBOPT_0x7
00013f c098      	RJMP _0x2060001
                 _0x20000A5:
000140 c009      	RJMP _0x20000A1
                 _0x20000A2:
000141 931f      	PUSH R17
000142 930f      	PUSH R16
                +
000143 5f0f     +SUBI R16 , LOW ( - 1 )
000144 4f1f     +SBCI R17 , HIGH ( - 1 )
                 	__ADDWRN 16,17,1
000145 2fe3      	MOV  R30,R19
000146 91af      	POP  R26
000147 91bf      	POP  R27
000148 93ec      	ST   X,R30
000149 cfe3      	RJMP _0x200009F
                 _0x20000A1:
00014a 01d8      	MOVW R26,R16
00014b e0e0      	LDI  R30,LOW(0)
00014c 93ec      	ST   X,R30
00014d c06e      	RJMP _0x200009B
                 _0x20000A6:
00014e 9468      	SET
00014f f8f1      	BLD  R15,1
000150 94e8      	CLT
000151 f8f2      	BLD  R15,2
000152 2fe3      	MOV  R30,R19
000153 36e4      	CPI  R30,LOW(0x64)
000154 f011      	BREQ _0x20000AB
000155 36e9      	CPI  R30,LOW(0x69)
000156 f419      	BRNE _0x20000AC
                 _0x20000AB:
000157 94e8      	CLT
000158 f8f1      	BLD  R15,1
000159 c002      	RJMP _0x20000AD
                 _0x20000AC:
00015a 37e5      	CPI  R30,LOW(0x75)
00015b f411      	BRNE _0x20000AE
                 _0x20000AD:
00015c e02a      	LDI  R18,LOW(10)
00015d c008      	RJMP _0x20000A9
                 _0x20000AE:
00015e 37e8      	CPI  R30,LOW(0x78)
00015f f411      	BRNE _0x20000AF
000160 e120      	LDI  R18,LOW(16)
000161 c004      	RJMP _0x20000A9
                 _0x20000AF:
000162 32e5      	CPI  R30,LOW(0x25)
000163 f409      	BRNE _0x20000B2
000164 c05d      	RJMP _0x20000B1
                 _0x20000B2:
000165 c070      	RJMP _0x2060002
                 _0x20000A9:
000166 e0e0      	LDI  R30,LOW(0)
000167 83ee      	STD  Y+6,R30
000168 83ef      	STD  Y+6+1,R30
000169 9468      	SET
00016a f8f0      	BLD  R15,0
                 _0x20000B3:
00016b 2fe5      	MOV  R30,R21
00016c 5051      	SUBI R21,1
00016d 30e0      	CPI  R30,0
00016e f409      	BRNE PC+2
00016f c03f      	RJMP _0x20000B5
000170 b7ed      	IN   R30,SPL
000171 b7fe      	IN   R31,SPH
000172 d0ba      	RCALL SUBOPT_0x4
000173 934f      	PUSH R20
000174 d0bb      	RCALL SUBOPT_0x5
000175 914f      	POP  R20
000176 2f3e      	MOV  R19,R30
000177 32e1      	CPI  R30,LOW(0x21)
000178 f428      	BRSH _0x20000B6
000179 d0bc      	RCALL SUBOPT_0x6
00017a f414      	BRGE _0x20000B7
00017b d0bf      	RCALL SUBOPT_0x7
00017c c05b      	RJMP _0x2060001
                 _0x20000B7:
00017d c015      	RJMP _0x20000B8
                 _0x20000B6:
00017e fcf1      	SBRC R15,1
00017f c008      	RJMP _0x20000B9
000180 9468      	SET
000181 f8f1      	BLD  R15,1
000182 323d      	CPI  R19,45
000183 f411      	BRNE _0x20000BA
000184 f8f2      	BLD  R15,2
000185 cfe5      	RJMP _0x20000B3
                 _0x20000BA:
000186 323b      	CPI  R19,43
000187 f319      	BREQ _0x20000B3
                 _0x20000B9:
000188 3120      	CPI  R18,16
000189 f429      	BRNE _0x20000BC
00018a 2fa3      	MOV  R26,R19
00018b d080      	RCALL _isxdigit
00018c 30e0      	CPI  R30,0
00018d f029      	BREQ _0x20000B8
00018e c008      	RJMP _0x20000BE
                 _0x20000BC:
00018f 2fa3      	MOV  R26,R19
000190 d067      	RCALL _isdigit
000191 30e0      	CPI  R30,0
000192 f421      	BRNE _0x20000BF
                 _0x20000B8:
000193 fcf0      	SBRC R15,0
000194 c041      	RJMP _0x20000C1
000195 2f43      	MOV  R20,R19
000196 c018      	RJMP _0x20000B5
                 _0x20000BF:
                 _0x20000BE:
000197 3631      	CPI  R19,97
000198 f010      	BRLO _0x20000C2
000199 5537      	SUBI R19,LOW(87)
00019a c005      	RJMP _0x20000C3
                 _0x20000C2:
00019b 3431      	CPI  R19,65
00019c f010      	BRLO _0x20000C4
00019d 5337      	SUBI R19,LOW(55)
00019e c001      	RJMP _0x20000C5
                 _0x20000C4:
00019f 5330      	SUBI R19,LOW(48)
                 _0x20000C5:
                 _0x20000C3:
0001a0 2fe2      	MOV  R30,R18
0001a1 81ae      	LDD  R26,Y+6
0001a2 81bf      	LDD  R27,Y+6+1
0001a3 e0f0      	LDI  R31,0
0001a4 d0b5      	RCALL __MULW12U
0001a5 01df      	MOVW R26,R30
0001a6 2fe3      	MOV  R30,R19
0001a7 e0f0      	LDI  R31,0
0001a8 0fea      	ADD  R30,R26
0001a9 1ffb      	ADC  R31,R27
0001aa 83ee      	STD  Y+6,R30
0001ab 83ff      	STD  Y+6+1,R31
0001ac 94e8      	CLT
0001ad f8f0      	BLD  R15,0
0001ae cfbc      	RJMP _0x20000B3
                 _0x20000B5:
0001af d08e      	RCALL SUBOPT_0x8
0001b0 fef2      	SBRS R15,2
0001b1 c005      	RJMP _0x20000C6
0001b2 81ee      	LDD  R30,Y+6
0001b3 81ff      	LDD  R31,Y+6+1
0001b4 d098      	RCALL __ANEGW1
0001b5 83ee      	STD  Y+6,R30
0001b6 83ff      	STD  Y+6+1,R31
                 _0x20000C6:
0001b7 81ee      	LDD  R30,Y+6
0001b8 81ff      	LDD  R31,Y+6+1
0001b9 01d8      	MOVW R26,R16
0001ba 93ed      	ST   X+,R30
0001bb 93fc      	ST   X,R31
                 _0x200009B:
0001bc 85e8      	LDD  R30,Y+8
0001bd 85f9      	LDD  R31,Y+8+1
0001be 9631      	ADIW R30,1
0001bf 87e8      	STD  Y+8,R30
0001c0 87f9      	STD  Y+8+1,R31
0001c1 c013      	RJMP _0x20000C7
                 _0x200008A:
                 _0x20000B1:
0001c2 b7ed      	IN   R30,SPL
0001c3 b7fe      	IN   R31,SPH
0001c4 d068      	RCALL SUBOPT_0x4
0001c5 934f      	PUSH R20
0001c6 d069      	RCALL SUBOPT_0x5
0001c7 914f      	POP  R20
0001c8 17e3      	CP   R30,R19
0001c9 f059      	BREQ _0x20000C8
0001ca d06b      	RCALL SUBOPT_0x6
0001cb f414      	BRGE _0x20000C9
0001cc d06e      	RCALL SUBOPT_0x7
0001cd c00a      	RJMP _0x2060001
                 _0x20000C9:
                 _0x2000097:
0001ce 85e8      	LDD  R30,Y+8
0001cf 85f9      	LDD  R31,Y+8+1
0001d0 9730      	SBIW R30,0
0001d1 f411      	BRNE _0x20000CA
0001d2 d068      	RCALL SUBOPT_0x7
0001d3 c004      	RJMP _0x2060001
                 _0x20000CA:
0001d4 c001      	RJMP _0x2000081
                 _0x20000C8:
                 _0x20000C7:
                 _0x2000089:
0001d5 cef4      	RJMP _0x200007F
                 _0x2000081:
                 _0x20000C1:
                 _0x2060002:
0001d6 85e8      	LDD  R30,Y+8
0001d7 85f9      	LDD  R31,Y+8+1
                 _0x2060001:
0001d8 d0cf      	RCALL __LOADLOCR6
0001d9 9662      	ADIW R28,18
0001da 90ff      	POP  R15
0001db 9508      	RET
                 ; .FEND
                 _scanf:
                 ; .FSTART _scanf
0001dc 92ff      	PUSH R15
0001dd 2ef8      	MOV  R15,R24
0001de 9723      	SBIW R28,3
0001df d0c5      	RCALL __SAVELOCR2
0001e0 01de      	MOVW R26,R28
0001e1 9611      	ADIW R26,1
0001e2 d066      	RCALL __ADDW2R15
0001e3 018d      	MOVW R16,R26
0001e4 e0e0      	LDI  R30,LOW(0)
0001e5 83eb      	STD  Y+3,R30
0001e6 83ec      	STD  Y+3+1,R30
0001e7 01de      	MOVW R26,R28
0001e8 9615      	ADIW R26,5
0001e9 d05f      	RCALL __ADDW2R15
0001ea d0ab      	RCALL __GETW1P
0001eb d041      	RCALL SUBOPT_0x4
0001ec 931a      	ST   -Y,R17
0001ed 930a      	ST   -Y,R16
0001ee eaea      	LDI  R30,LOW(_get_usart_G100)
0001ef e0f0      	LDI  R31,HIGH(_get_usart_G100)
0001f0 d03c      	RCALL SUBOPT_0x4
0001f1 01de      	MOVW R26,R28
0001f2 9618      	ADIW R26,8
0001f3 decc      	RCALL __scanf_G100
0001f4 d0b7      	RCALL __LOADLOCR2
0001f5 9625      	ADIW R28,5
0001f6 90ff      	POP  R15
0001f7 9508      	RET
                 ; .FEND
                 
                 	.CSEG
                 _isdigit:
                 ; .FSTART _isdigit
0001f8 93aa      	ST   -Y,R26
0001f9 e0e1          ldi  r30,1
0001fa 91f9          ld   r31,y+
0001fb 33f0          cpi  r31,'0'
0001fc f010          brlo isdigit0
0001fd 33fa          cpi  r31,'9'+1
0001fe f008          brlo isdigit1
                 isdigit0:
0001ff 27ee          clr  r30
                 isdigit1:
000200 9508          ret
                 ; .FEND
                 _isspace:
                 ; .FSTART _isspace
000201 93aa      	ST   -Y,R26
000202 e0e1          ldi  r30,1
000203 91f9          ld   r31,y+
000204 32f0          cpi  r31,' '
000205 f029          breq isspace1
000206 30f9          cpi  r31,9
000207 f010          brlo isspace0
000208 30fe          cpi  r31,13+1
000209 f008          brlo isspace1
                 isspace0:
00020a 27ee          clr  r30
                 isspace1:
00020b 9508          ret
                 ; .FEND
                 _isxdigit:
                 ; .FSTART _isxdigit
00020c 93aa      	ST   -Y,R26
00020d e0e1          ldi  r30,1
00020e 91f9          ld   r31,y+
00020f 53f0          subi r31,0x30
000210 f040          brcs isxdigit0
000211 30fa          cpi  r31,10
000212 f038          brcs isxdigit1
000213 75ff          andi r31,0x5f
000214 50f7          subi r31,7
000215 30fa          cpi  r31,10
000216 f010          brcs isxdigit0
000217 31f0          cpi  r31,16
000218 f008          brcs isxdigit1
                 isxdigit0:
000219 27ee          clr  r30
                 isxdigit1:
00021a 9508          ret
                 ; .FEND
                 
                 	.CSEG
                 
                 	.CSEG
                 ;OPTIMIZER ADDED SUBROUTINE, CALLED 2 TIMES, CODE SIZE REDUCTION:1 WORDS
                 SUBOPT_0x0:
00021b 81ae      	LDD  R26,Y+6
00021c 81bf      	LDD  R27,Y+6+1
00021d e0ea      	LDI  R30,LOW(10)
00021e e0f0      	LDI  R31,HIGH(10)
00021f 9508      	RET
                 
                 ;OPTIMIZER ADDED SUBROUTINE, CALLED 3 TIMES, CODE SIZE REDUCTION:4 WORDS
                 SUBOPT_0x1:
                +
000220 e3ec     +LDI R30 , LOW ( 2 * _0x0 + ( 0 ) )
000221 e0f0     +LDI R31 , HIGH ( 2 * _0x0 + ( 0 ) )
                 	__POINTW1FN _0x0,0
000222 93fa      	ST   -Y,R31
000223 93ea      	ST   -Y,R30
000224 9508      	RET
                 
                 ;OPTIMIZER ADDED SUBROUTINE, CALLED 3 TIMES, CODE SIZE REDUCTION:2 WORDS
                 SUBOPT_0x2:
000225 e084      	LDI  R24,4
000226 dfb5      	RCALL _scanf
000227 9626      	ADIW R28,6
000228 9508      	RET
                 
                 ;OPTIMIZER ADDED SUBROUTINE, CALLED 3 TIMES, CODE SIZE REDUCTION:2 WORDS
                 SUBOPT_0x3:
000229 2fa3      	MOV  R26,R19
00022a dfd6      	RCALL _isspace
00022b 30e0      	CPI  R30,0
00022c 9508      	RET
                 
                 ;OPTIMIZER ADDED SUBROUTINE, CALLED 8 TIMES, CODE SIZE REDUCTION:5 WORDS
                 SUBOPT_0x4:
00022d 93fa      	ST   -Y,R31
00022e 93ea      	ST   -Y,R30
00022f 9508      	RET
                 
                 ;OPTIMIZER ADDED SUBROUTINE, CALLED 6 TIMES, CODE SIZE REDUCTION:18 WORDS
                 SUBOPT_0x5:
000230 85ac      	LDD  R26,Y+12
000231 85bd      	LDD  R27,Y+12+1
000232 85ee      	LDD  R30,Y+14
000233 85ff      	LDD  R31,Y+14+1
000234 9509      	ICALL
000235 9508      	RET
                 
                 ;OPTIMIZER ADDED SUBROUTINE, CALLED 6 TIMES, CODE SIZE REDUCTION:13 WORDS
                 SUBOPT_0x6:
000236 85aa      	LDD  R26,Y+10
000237 85bb      	LDD  R27,Y+10+1
000238 91ac      	LD   R26,X
000239 30a0      	CPI  R26,0
00023a 9508      	RET
                 
                 ;OPTIMIZER ADDED SUBROUTINE, CALLED 7 TIMES, CODE SIZE REDUCTION:4 WORDS
                 SUBOPT_0x7:
00023b efef      	LDI  R30,LOW(65535)
00023c efff      	LDI  R31,HIGH(65535)
00023d 9508      	RET
                 
                 ;OPTIMIZER ADDED SUBROUTINE, CALLED 3 TIMES, CODE SIZE REDUCTION:16 WORDS
                 SUBOPT_0x8:
00023e 85ee      	LDD  R30,Y+14
00023f 85ff      	LDD  R31,Y+14+1
000240 9734      	SBIW R30,4
000241 87ee      	STD  Y+14,R30
000242 87ff      	STD  Y+14+1,R31
000243 85ae      	LDD  R26,Y+14
000244 85bf      	LDD  R27,Y+14+1
000245 9614      	ADIW R26,4
000246 910d      	LD   R16,X+
000247 911c      	LD   R17,X
000248 9508      	RET
                 
                 
                 	.CSEG
                 __ADDW2R15:
000249 2400      	CLR  R0
00024a 0daf      	ADD  R26,R15
00024b 1db0      	ADC  R27,R0
00024c 9508      	RET
                 
                 __ANEGW1:
00024d 95f1      	NEG  R31
00024e 95e1      	NEG  R30
00024f 40f0      	SBCI R31,0
000250 9508      	RET
                 
                 __LSLW4:
000251 0fee      	LSL  R30
000252 1fff      	ROL  R31
                 __LSLW3:
000253 0fee      	LSL  R30
000254 1fff      	ROL  R31
                 __LSLW2:
000255 0fee      	LSL  R30
000256 1fff      	ROL  R31
000257 0fee      	LSL  R30
000258 1fff      	ROL  R31
000259 9508      	RET
                 
                 __MULW12U:
00025a 9ffa      	MUL  R31,R26
00025b 2df0      	MOV  R31,R0
00025c 9feb      	MUL  R30,R27
00025d 0df0      	ADD  R31,R0
00025e 9fea      	MUL  R30,R26
00025f 2de0      	MOV  R30,R0
000260 0df1      	ADD  R31,R1
000261 9508      	RET
                 
                 __DIVW21U:
000262 2400      	CLR  R0
000263 2411      	CLR  R1
000264 e190      	LDI  R25,16
                 __DIVW21U1:
000265 0faa      	LSL  R26
000266 1fbb      	ROL  R27
000267 1c00      	ROL  R0
000268 1c11      	ROL  R1
000269 1a0e      	SUB  R0,R30
00026a 0a1f      	SBC  R1,R31
00026b f418      	BRCC __DIVW21U2
00026c 0e0e      	ADD  R0,R30
00026d 1e1f      	ADC  R1,R31
00026e c001      	RJMP __DIVW21U3
                 __DIVW21U2:
00026f 60a1      	SBR  R26,1
                 __DIVW21U3:
000270 959a      	DEC  R25
000271 f799      	BRNE __DIVW21U1
000272 01fd      	MOVW R30,R26
000273 01d0      	MOVW R26,R0
000274 9508      	RET
                 
                 __DIVW21:
000275 d012      	RCALL __CHKSIGNW
000276 dfeb      	RCALL __DIVW21U
000277 f40e      	BRTC __DIVW211
000278 dfd4      	RCALL __ANEGW1
                 __DIVW211:
000279 9508      	RET
                 
                 __MODW21:
00027a 94e8      	CLT
00027b ffb7      	SBRS R27,7
00027c c004      	RJMP __MODW211
00027d 95a0      	COM  R26
00027e 95b0      	COM  R27
00027f 9611      	ADIW R26,1
000280 9468      	SET
                 __MODW211:
000281 fdf7      	SBRC R31,7
000282 dfca      	RCALL __ANEGW1
000283 dfde      	RCALL __DIVW21U
000284 01fd      	MOVW R30,R26
000285 f40e      	BRTC __MODW212
000286 dfc6      	RCALL __ANEGW1
                 __MODW212:
000287 9508      	RET
                 
                 __CHKSIGNW:
000288 94e8      	CLT
000289 fff7      	SBRS R31,7
00028a c002      	RJMP __CHKSW1
00028b dfc1      	RCALL __ANEGW1
00028c 9468      	SET
                 __CHKSW1:
00028d ffb7      	SBRS R27,7
00028e c006      	RJMP __CHKSW2
00028f 95a0      	COM  R26
000290 95b0      	COM  R27
000291 9611      	ADIW R26,1
000292 f800      	BLD  R0,0
000293 9403      	INC  R0
000294 fa00      	BST  R0,0
                 __CHKSW2:
000295 9508      	RET
                 
                 __GETW1P:
000296 91ed      	LD   R30,X+
000297 91fc      	LD   R31,X
000298 9711      	SBIW R26,1
000299 9508      	RET
                 
                 __PUTPARD1L:
00029a e060      	LDI  R22,0
00029b e070      	LDI  R23,0
                 __PUTPARD1:
00029c 937a      	ST   -Y,R23
00029d 936a      	ST   -Y,R22
00029e 93fa      	ST   -Y,R31
00029f 93ea      	ST   -Y,R30
0002a0 9508      	RET
                 
                 __SAVELOCR6:
0002a1 935a      	ST   -Y,R21
                 __SAVELOCR5:
0002a2 934a      	ST   -Y,R20
                 __SAVELOCR4:
0002a3 933a      	ST   -Y,R19
                 __SAVELOCR3:
0002a4 932a      	ST   -Y,R18
                 __SAVELOCR2:
0002a5 931a      	ST   -Y,R17
0002a6 930a      	ST   -Y,R16
0002a7 9508      	RET
                 
                 __LOADLOCR6:
0002a8 815d      	LDD  R21,Y+5
                 __LOADLOCR5:
0002a9 814c      	LDD  R20,Y+4
                 __LOADLOCR4:
0002aa 813b      	LDD  R19,Y+3
                 __LOADLOCR3:
0002ab 812a      	LDD  R18,Y+2
                 __LOADLOCR2:
0002ac 8119      	LDD  R17,Y+1
0002ad 8108      	LD   R16,Y
0002ae 9508      	RET
                 
                 ;END OF CODE MARKER
                 __END_OF_CODE:


RESOURCE USE INFORMATION
------------------------

Notice:
The register and instruction counts are symbol table hit counts,
and hence implicitly used resources are not counted, eg, the
'lpm' instruction without operands implicitly uses r0 and z,
none of which are counted.

x,y,z are separate entities in the symbol table and are
counted separately from r26..r31 here.

.dseg memory usage only counts static data declared with .byte

ATmega8535 register use summary:
r0 :  14 r1 :   5 r2 :   0 r3 :   0 r4 :   0 r5 :   0 r6 :   0 r7 :   0 
r8 :   0 r9 :   0 r10:   0 r11:   0 r12:   0 r13:   0 r14:   0 r15:  16 
r16:  21 r17:  18 r18:  11 r19:  29 r20:  19 r21:  12 r22:   2 r23:   2 
r24:   6 r25:   3 r26:  53 r27:  20 r28:  11 r29:   1 r30: 187 r31:  69 
x  :  15 y  :  86 z  :   2 
Registers used: 22 out of 35 (62.9%)

ATmega8535 instruction use summary:
.lds  :   0 .lds.l:   0 .sts  :   0 .sts.l:   0 adc   :   4 add   :   7 
adiw  :  13 and   :   0 andi  :   1 asr   :   0 bclr  :   0 bld   :   8 
brbc  :   0 brbs  :   0 brcc  :   1 brcs  :   4 break :   0 breq  :  13 
brge  :   6 brhc  :   0 brhs  :   0 brid  :   0 brie  :   0 brlo  :   8 
brlt  :   0 brmi  :   0 brne  :  19 brpl  :   0 brsh  :   1 brtc  :   2 
brts  :   0 brvc  :   0 brvs  :   0 bset  :   0 bst   :   1 cbi   :   0 
cbr   :   0 clc   :   0 clh   :   0 cli   :   1 cln   :   0 clr   :   8 
cls   :   0 clt   :   5 clv   :   0 clz   :   0 com   :   4 cp    :   1 
cpc   :   0 cpi   :  38 cpse  :   0 dec   :   2 des   :   0 eor   :   0 
fmul  :   0 fmuls :   0 fmulsu:   0 icall :   1 ijmp  :   0 in    :  19 
inc   :   1 ld    :  10 ldd   :  38 ldi   :  51 lds   :   0 lpm   :   3 
lsl   :   5 lsr   :   0 mov   :  28 movw  :  18 mul   :   4 muls  :   0 
mulsu :   0 neg   :   2 nop   :   0 or    :   0 ori   :   0 out   :  47 
pop   :  16 push  :  16 rcall :  75 ret   :  29 reti  :   0 rjmp  :  70 
rol   :   7 ror   :   0 sbc   :   1 sbci  :   2 sbi   :   0 sbic  :   0 
sbis  :   1 sbiw  :  10 sbr   :   1 sbrc  :   3 sbrs  :   4 sec   :   0 
seh   :   0 sei   :   0 sen   :   0 ser   :   0 ses   :   0 set   :   5 
sev   :   0 sez   :   0 sleep :   0 spm   :   0 st    :  35 std   :  18 
sts   :   0 sub   :   1 subi  :   9 swap  :   0 tst   :   0 wdr   :   0 

Instructions used: 52 out of 114 (45.6%)

ATmega8535 memory use summary [bytes]:
Segment   Begin    End      Code   Data   Used    Size   Use%
---------------------------------------------------------------
[.cseg] 0x000000 0x00055e   1352     22   1374    8192  16.8%
[.dseg] 0x000060 0x0000e0      0      0      0     512   0.0%
[.eseg] 0x000000 0x000000      0      0      0     512   0.0%

Assembly complete, 0 errors, 1 warnings
