
AVRASM ver. 2.1.30  D:\My Data (ROG)\Document Kuliah\Semester 7\Prak AMK\Prak 4 Counter + Delphi\List\CountDel.asm Wed Sep 18 14:33:19 2019

                 
                 
                 ;CodeVisionAVR C Compiler V2.04.4a Advanced
                 ;(C) Copyright 1998-2009 Pavel Haiduc, HP InfoTech s.r.l.
                 ;http://www.hpinfotech.com
                 
                 ;Chip type                : ATmega8535
                 ;Program type             : Application
                 ;Clock frequency          : 8,000000 MHz
                 ;Memory model             : Small
                 ;Optimize for             : Size
                 ;(s)printf features       : int, width
                 ;(s)scanf features        : int, width
                 ;External RAM size        : 0
                 ;Data Stack size          : 128 byte(s)
                 ;Heap size                : 0 byte(s)
                 ;Promote 'char' to 'int'  : Yes
                 ;'char' is unsigned       : Yes
                 ;8 bit enums              : Yes
                 ;global 'const' stored in FLASH: No
                 ;Enhanced core instructions    : On
                 ;Smart register allocation     : On
                 ;Automatic register allocation : On
                 
                 	#pragma AVRPART ADMIN PART_NAME ATmega8535
                 	#pragma AVRPART MEMORY PROG_FLASH 8192
                 	#pragma AVRPART MEMORY EEPROM 512
                 	#pragma AVRPART MEMORY INT_SRAM SIZE 512
                 	#pragma AVRPART MEMORY INT_SRAM START_ADDR 0x60
                 
                 	.LISTMAC
                 	.EQU UDRE=0x5
                 	.EQU RXC=0x7
                 	.EQU USR=0xB
                 	.EQU UDR=0xC
                 	.EQU SPSR=0xE
                 	.EQU SPDR=0xF
                 	.EQU EERE=0x0
                 	.EQU EEWE=0x1
                 	.EQU EEMWE=0x2
                 	.EQU EECR=0x1C
                 	.EQU EEDR=0x1D
                 	.EQU EEARL=0x1E
                 	.EQU EEARH=0x1F
                 	.EQU WDTCR=0x21
                 	.EQU MCUCR=0x35
                 	.EQU GICR=0x3B
                 	.EQU SPL=0x3D
                 	.EQU SPH=0x3E
                 	.EQU SREG=0x3F
                 
                 	.DEF R0X0=R0
                 	.DEF R0X1=R1
                 	.DEF R0X2=R2
                 	.DEF R0X3=R3
                 	.DEF R0X4=R4
                 	.DEF R0X5=R5
                 	.DEF R0X6=R6
                 	.DEF R0X7=R7
                 	.DEF R0X8=R8
                 	.DEF R0X9=R9
                 	.DEF R0XA=R10
                 	.DEF R0XB=R11
                 	.DEF R0XC=R12
                 	.DEF R0XD=R13
                 	.DEF R0XE=R14
                 	.DEF R0XF=R15
                 	.DEF R0X10=R16
                 	.DEF R0X11=R17
                 	.DEF R0X12=R18
                 	.DEF R0X13=R19
                 	.DEF R0X14=R20
                 	.DEF R0X15=R21
                 	.DEF R0X16=R22
                 	.DEF R0X17=R23
                 	.DEF R0X18=R24
                 	.DEF R0X19=R25
                 	.DEF R0X1A=R26
                 	.DEF R0X1B=R27
                 	.DEF R0X1C=R28
                 	.DEF R0X1D=R29
                 	.DEF R0X1E=R30
                 	.DEF R0X1F=R31
                 
                 	.MACRO __CPD1N
                 	CPI  R30,LOW(@0)
                 	LDI  R26,HIGH(@0)
                 	CPC  R31,R26
                 	LDI  R26,BYTE3(@0)
                 	CPC  R22,R26
                 	LDI  R26,BYTE4(@0)
                 	CPC  R23,R26
                 	.ENDM
                 
                 	.MACRO __CPD2N
                 	CPI  R26,LOW(@0)
                 	LDI  R30,HIGH(@0)
                 	CPC  R27,R30
                 	LDI  R30,BYTE3(@0)
                 	CPC  R24,R30
                 	LDI  R30,BYTE4(@0)
                 	CPC  R25,R30
                 	.ENDM
                 
                 	.MACRO __CPWRR
                 	CP   R@0,R@2
                 	CPC  R@1,R@3
                 	.ENDM
                 
                 	.MACRO __CPWRN
                 	CPI  R@0,LOW(@2)
                 	LDI  R30,HIGH(@2)
                 	CPC  R@1,R30
                 	.ENDM
                 
                 	.MACRO __ADDB1MN
                 	SUBI R30,LOW(-@0-(@1))
                 	.ENDM
                 
                 	.MACRO __ADDB2MN
                 	SUBI R26,LOW(-@0-(@1))
                 	.ENDM
                 
                 	.MACRO __ADDW1MN
                 	SUBI R30,LOW(-@0-(@1))
                 	SBCI R31,HIGH(-@0-(@1))
                 	.ENDM
                 
                 	.MACRO __ADDW2MN
                 	SUBI R26,LOW(-@0-(@1))
                 	SBCI R27,HIGH(-@0-(@1))
                 	.ENDM
                 
                 	.MACRO __ADDW1FN
                 	SUBI R30,LOW(-2*@0-(@1))
                 	SBCI R31,HIGH(-2*@0-(@1))
                 	.ENDM
                 
                 	.MACRO __ADDD1FN
                 	SUBI R30,LOW(-2*@0-(@1))
                 	SBCI R31,HIGH(-2*@0-(@1))
                 	SBCI R22,BYTE3(-2*@0-(@1))
                 	.ENDM
                 
                 	.MACRO __ADDD1N
                 	SUBI R30,LOW(-@0)
                 	SBCI R31,HIGH(-@0)
                 	SBCI R22,BYTE3(-@0)
                 	SBCI R23,BYTE4(-@0)
                 	.ENDM
                 
                 	.MACRO __ADDD2N
                 	SUBI R26,LOW(-@0)
                 	SBCI R27,HIGH(-@0)
                 	SBCI R24,BYTE3(-@0)
                 	SBCI R25,BYTE4(-@0)
                 	.ENDM
                 
                 	.MACRO __SUBD1N
                 	SUBI R30,LOW(@0)
                 	SBCI R31,HIGH(@0)
                 	SBCI R22,BYTE3(@0)
                 	SBCI R23,BYTE4(@0)
                 	.ENDM
                 
                 	.MACRO __SUBD2N
                 	SUBI R26,LOW(@0)
                 	SBCI R27,HIGH(@0)
                 	SBCI R24,BYTE3(@0)
                 	SBCI R25,BYTE4(@0)
                 	.ENDM
                 
                 	.MACRO __ANDBMNN
                 	LDS  R30,@0+(@1)
                 	ANDI R30,LOW(@2)
                 	STS  @0+(@1),R30
                 	.ENDM
                 
                 	.MACRO __ANDWMNN
                 	LDS  R30,@0+(@1)
                 	ANDI R30,LOW(@2)
                 	STS  @0+(@1),R30
                 	LDS  R30,@0+(@1)+1
                 	ANDI R30,HIGH(@2)
                 	STS  @0+(@1)+1,R30
                 	.ENDM
                 
                 	.MACRO __ANDD1N
                 	ANDI R30,LOW(@0)
                 	ANDI R31,HIGH(@0)
                 	ANDI R22,BYTE3(@0)
                 	ANDI R23,BYTE4(@0)
                 	.ENDM
                 
                 	.MACRO __ANDD2N
                 	ANDI R26,LOW(@0)
                 	ANDI R27,HIGH(@0)
                 	ANDI R24,BYTE3(@0)
                 	ANDI R25,BYTE4(@0)
                 	.ENDM
                 
                 	.MACRO __ORBMNN
                 	LDS  R30,@0+(@1)
                 	ORI  R30,LOW(@2)
                 	STS  @0+(@1),R30
                 	.ENDM
                 
                 	.MACRO __ORWMNN
                 	LDS  R30,@0+(@1)
                 	ORI  R30,LOW(@2)
                 	STS  @0+(@1),R30
                 	LDS  R30,@0+(@1)+1
                 	ORI  R30,HIGH(@2)
                 	STS  @0+(@1)+1,R30
                 	.ENDM
                 
                 	.MACRO __ORD1N
                 	ORI  R30,LOW(@0)
                 	ORI  R31,HIGH(@0)
                 	ORI  R22,BYTE3(@0)
                 	ORI  R23,BYTE4(@0)
                 	.ENDM
                 
                 	.MACRO __ORD2N
                 	ORI  R26,LOW(@0)
                 	ORI  R27,HIGH(@0)
                 	ORI  R24,BYTE3(@0)
                 	ORI  R25,BYTE4(@0)
                 	.ENDM
                 
                 	.MACRO __DELAY_USB
                 	LDI  R24,LOW(@0)
                 __DELAY_USB_LOOP:
                 	DEC  R24
                 	BRNE __DELAY_USB_LOOP
                 	.ENDM
                 
                 	.MACRO __DELAY_USW
                 	LDI  R24,LOW(@0)
                 	LDI  R25,HIGH(@0)
                 __DELAY_USW_LOOP:
                 	SBIW R24,1
                 	BRNE __DELAY_USW_LOOP
                 	.ENDM
                 
                 	.MACRO __GETD1S
                 	LDD  R30,Y+@0
                 	LDD  R31,Y+@0+1
                 	LDD  R22,Y+@0+2
                 	LDD  R23,Y+@0+3
                 	.ENDM
                 
                 	.MACRO __GETD2S
                 	LDD  R26,Y+@0
                 	LDD  R27,Y+@0+1
                 	LDD  R24,Y+@0+2
                 	LDD  R25,Y+@0+3
                 	.ENDM
                 
                 	.MACRO __PUTD1S
                 	STD  Y+@0,R30
                 	STD  Y+@0+1,R31
                 	STD  Y+@0+2,R22
                 	STD  Y+@0+3,R23
                 	.ENDM
                 
                 	.MACRO __PUTD2S
                 	STD  Y+@0,R26
                 	STD  Y+@0+1,R27
                 	STD  Y+@0+2,R24
                 	STD  Y+@0+3,R25
                 	.ENDM
                 
                 	.MACRO __PUTDZ2
                 	STD  Z+@0,R26
                 	STD  Z+@0+1,R27
                 	STD  Z+@0+2,R24
                 	STD  Z+@0+3,R25
                 	.ENDM
                 
                 	.MACRO __CLRD1S
                 	STD  Y+@0,R30
                 	STD  Y+@0+1,R30
                 	STD  Y+@0+2,R30
                 	STD  Y+@0+3,R30
                 	.ENDM
                 
                 	.MACRO __POINTB1MN
                 	LDI  R30,LOW(@0+(@1))
                 	.ENDM
                 
                 	.MACRO __POINTW1MN
                 	LDI  R30,LOW(@0+(@1))
                 	LDI  R31,HIGH(@0+(@1))
                 	.ENDM
                 
                 	.MACRO __POINTD1M
                 	LDI  R30,LOW(@0)
                 	LDI  R31,HIGH(@0)
                 	LDI  R22,BYTE3(@0)
                 	LDI  R23,BYTE4(@0)
                 	.ENDM
                 
                 	.MACRO __POINTW1FN
                 	LDI  R30,LOW(2*@0+(@1))
                 	LDI  R31,HIGH(2*@0+(@1))
                 	.ENDM
                 
                 	.MACRO __POINTD1FN
                 	LDI  R30,LOW(2*@0+(@1))
                 	LDI  R31,HIGH(2*@0+(@1))
                 	LDI  R22,BYTE3(2*@0+(@1))
                 	LDI  R23,BYTE4(2*@0+(@1))
                 	.ENDM
                 
                 	.MACRO __POINTB2MN
                 	LDI  R26,LOW(@0+(@1))
                 	.ENDM
                 
                 	.MACRO __POINTW2MN
                 	LDI  R26,LOW(@0+(@1))
                 	LDI  R27,HIGH(@0+(@1))
                 	.ENDM
                 
                 	.MACRO __POINTBRM
                 	LDI  R@0,LOW(@1)
                 	.ENDM
                 
                 	.MACRO __POINTWRM
                 	LDI  R@0,LOW(@2)
                 	LDI  R@1,HIGH(@2)
                 	.ENDM
                 
                 	.MACRO __POINTBRMN
                 	LDI  R@0,LOW(@1+(@2))
                 	.ENDM
                 
                 	.MACRO __POINTWRMN
                 	LDI  R@0,LOW(@2+(@3))
                 	LDI  R@1,HIGH(@2+(@3))
                 	.ENDM
                 
                 	.MACRO __POINTWRFN
                 	LDI  R@0,LOW(@2*2+(@3))
                 	LDI  R@1,HIGH(@2*2+(@3))
                 	.ENDM
                 
                 	.MACRO __GETD1N
                 	LDI  R30,LOW(@0)
                 	LDI  R31,HIGH(@0)
                 	LDI  R22,BYTE3(@0)
                 	LDI  R23,BYTE4(@0)
                 	.ENDM
                 
                 	.MACRO __GETD2N
                 	LDI  R26,LOW(@0)
                 	LDI  R27,HIGH(@0)
                 	LDI  R24,BYTE3(@0)
                 	LDI  R25,BYTE4(@0)
                 	.ENDM
                 
                 	.MACRO __GETB1MN
                 	LDS  R30,@0+(@1)
                 	.ENDM
                 
                 	.MACRO __GETB1HMN
                 	LDS  R31,@0+(@1)
                 	.ENDM
                 
                 	.MACRO __GETW1MN
                 	LDS  R30,@0+(@1)
                 	LDS  R31,@0+(@1)+1
                 	.ENDM
                 
                 	.MACRO __GETD1MN
                 	LDS  R30,@0+(@1)
                 	LDS  R31,@0+(@1)+1
                 	LDS  R22,@0+(@1)+2
                 	LDS  R23,@0+(@1)+3
                 	.ENDM
                 
                 	.MACRO __GETBRMN
                 	LDS  R@0,@1+(@2)
                 	.ENDM
                 
                 	.MACRO __GETWRMN
                 	LDS  R@0,@2+(@3)
                 	LDS  R@1,@2+(@3)+1
                 	.ENDM
                 
                 	.MACRO __GETWRZ
                 	LDD  R@0,Z+@2
                 	LDD  R@1,Z+@2+1
                 	.ENDM
                 
                 	.MACRO __GETD2Z
                 	LDD  R26,Z+@0
                 	LDD  R27,Z+@0+1
                 	LDD  R24,Z+@0+2
                 	LDD  R25,Z+@0+3
                 	.ENDM
                 
                 	.MACRO __GETB2MN
                 	LDS  R26,@0+(@1)
                 	.ENDM
                 
                 	.MACRO __GETW2MN
                 	LDS  R26,@0+(@1)
                 	LDS  R27,@0+(@1)+1
                 	.ENDM
                 
                 	.MACRO __GETD2MN
                 	LDS  R26,@0+(@1)
                 	LDS  R27,@0+(@1)+1
                 	LDS  R24,@0+(@1)+2
                 	LDS  R25,@0+(@1)+3
                 	.ENDM
                 
                 	.MACRO __PUTB1MN
                 	STS  @0+(@1),R30
                 	.ENDM
                 
                 	.MACRO __PUTW1MN
                 	STS  @0+(@1),R30
                 	STS  @0+(@1)+1,R31
                 	.ENDM
                 
                 	.MACRO __PUTD1MN
                 	STS  @0+(@1),R30
                 	STS  @0+(@1)+1,R31
                 	STS  @0+(@1)+2,R22
                 	STS  @0+(@1)+3,R23
                 	.ENDM
                 
                 	.MACRO __PUTB1EN
                 	LDI  R26,LOW(@0+(@1))
                 	LDI  R27,HIGH(@0+(@1))
                 	RCALL __EEPROMWRB
                 	.ENDM
                 
                 	.MACRO __PUTW1EN
                 	LDI  R26,LOW(@0+(@1))
                 	LDI  R27,HIGH(@0+(@1))
                 	RCALL __EEPROMWRW
                 	.ENDM
                 
                 	.MACRO __PUTD1EN
                 	LDI  R26,LOW(@0+(@1))
                 	LDI  R27,HIGH(@0+(@1))
                 	RCALL __EEPROMWRD
                 	.ENDM
                 
                 	.MACRO __PUTBR0MN
                 	STS  @0+(@1),R0
                 	.ENDM
                 
                 	.MACRO __PUTBMRN
                 	STS  @0+(@1),R@2
                 	.ENDM
                 
                 	.MACRO __PUTWMRN
                 	STS  @0+(@1),R@2
                 	STS  @0+(@1)+1,R@3
                 	.ENDM
                 
                 	.MACRO __PUTBZR
                 	STD  Z+@1,R@0
                 	.ENDM
                 
                 	.MACRO __PUTWZR
                 	STD  Z+@2,R@0
                 	STD  Z+@2+1,R@1
                 	.ENDM
                 
                 	.MACRO __GETW1R
                 	MOV  R30,R@0
                 	MOV  R31,R@1
                 	.ENDM
                 
                 	.MACRO __GETW2R
                 	MOV  R26,R@0
                 	MOV  R27,R@1
                 	.ENDM
                 
                 	.MACRO __GETWRN
                 	LDI  R@0,LOW(@2)
                 	LDI  R@1,HIGH(@2)
                 	.ENDM
                 
                 	.MACRO __PUTW1R
                 	MOV  R@0,R30
                 	MOV  R@1,R31
                 	.ENDM
                 
                 	.MACRO __PUTW2R
                 	MOV  R@0,R26
                 	MOV  R@1,R27
                 	.ENDM
                 
                 	.MACRO __ADDWRN
                 	SUBI R@0,LOW(-@2)
                 	SBCI R@1,HIGH(-@2)
                 	.ENDM
                 
                 	.MACRO __ADDWRR
                 	ADD  R@0,R@2
                 	ADC  R@1,R@3
                 	.ENDM
                 
                 	.MACRO __SUBWRN
                 	SUBI R@0,LOW(@2)
                 	SBCI R@1,HIGH(@2)
                 	.ENDM
                 
                 	.MACRO __SUBWRR
                 	SUB  R@0,R@2
                 	SBC  R@1,R@3
                 	.ENDM
                 
                 	.MACRO __ANDWRN
                 	ANDI R@0,LOW(@2)
                 	ANDI R@1,HIGH(@2)
                 	.ENDM
                 
                 	.MACRO __ANDWRR
                 	AND  R@0,R@2
                 	AND  R@1,R@3
                 	.ENDM
                 
                 	.MACRO __ORWRN
                 	ORI  R@0,LOW(@2)
                 	ORI  R@1,HIGH(@2)
                 	.ENDM
                 
                 	.MACRO __ORWRR
                 	OR   R@0,R@2
                 	OR   R@1,R@3
                 	.ENDM
                 
                 	.MACRO __EORWRR
                 	EOR  R@0,R@2
                 	EOR  R@1,R@3
                 	.ENDM
                 
                 	.MACRO __GETWRS
                 	LDD  R@0,Y+@2
                 	LDD  R@1,Y+@2+1
                 	.ENDM
                 
                 	.MACRO __PUTBSR
                 	STD  Y+@1,R@0
                 	.ENDM
                 
                 	.MACRO __PUTWSR
                 	STD  Y+@2,R@0
                 	STD  Y+@2+1,R@1
                 	.ENDM
                 
                 	.MACRO __MOVEWRR
                 	MOV  R@0,R@2
                 	MOV  R@1,R@3
                 	.ENDM
                 
                 	.MACRO __INWR
                 	IN   R@0,@2
                 	IN   R@1,@2+1
                 	.ENDM
                 
                 	.MACRO __OUTWR
                 	OUT  @2+1,R@1
                 	OUT  @2,R@0
                 	.ENDM
                 
                 	.MACRO __CALL1MN
                 	LDS  R30,@0+(@1)
                 	LDS  R31,@0+(@1)+1
                 	ICALL
                 	.ENDM
                 
                 	.MACRO __CALL1FN
                 	LDI  R30,LOW(2*@0+(@1))
                 	LDI  R31,HIGH(2*@0+(@1))
                 	RCALL __GETW1PF
                 	ICALL
                 	.ENDM
                 
                 	.MACRO __CALL2EN
                 	LDI  R26,LOW(@0+(@1))
                 	LDI  R27,HIGH(@0+(@1))
                 	RCALL __EEPROMRDW
                 	ICALL
                 	.ENDM
                 
                 	.MACRO __GETW1STACK
                 	IN   R26,SPL
                 	IN   R27,SPH
                 	ADIW R26,@0+1
                 	LD   R30,X+
                 	LD   R31,X
                 	.ENDM
                 
                 	.MACRO __GETD1STACK
                 	IN   R26,SPL
                 	IN   R27,SPH
                 	ADIW R26,@0+1
                 	LD   R30,X+
                 	LD   R31,X+
                 	LD   R22,X
                 	.ENDM
                 
                 	.MACRO __NBST
                 	BST  R@0,@1
                 	IN   R30,SREG
                 	LDI  R31,0x40
                 	EOR  R30,R31
                 	OUT  SREG,R30
                 	.ENDM
                 
                 
                 	.MACRO __PUTB1SN
                 	LDD  R26,Y+@0
                 	LDD  R27,Y+@0+1
                 	SUBI R26,LOW(-@1)
                 	SBCI R27,HIGH(-@1)
                 	ST   X,R30
                 	.ENDM
                 
                 	.MACRO __PUTW1SN
                 	LDD  R26,Y+@0
                 	LDD  R27,Y+@0+1
                 	SUBI R26,LOW(-@1)
                 	SBCI R27,HIGH(-@1)
                 	ST   X+,R30
                 	ST   X,R31
                 	.ENDM
                 
                 	.MACRO __PUTD1SN
                 	LDD  R26,Y+@0
                 	LDD  R27,Y+@0+1
                 	SUBI R26,LOW(-@1)
                 	SBCI R27,HIGH(-@1)
                 	RCALL __PUTDP1
                 	.ENDM
                 
                 	.MACRO __PUTB1SNS
                 	LDD  R26,Y+@0
                 	LDD  R27,Y+@0+1
                 	ADIW R26,@1
                 	ST   X,R30
                 	.ENDM
                 
                 	.MACRO __PUTW1SNS
                 	LDD  R26,Y+@0
                 	LDD  R27,Y+@0+1
                 	ADIW R26,@1
                 	ST   X+,R30
                 	ST   X,R31
                 	.ENDM
                 
                 	.MACRO __PUTD1SNS
                 	LDD  R26,Y+@0
                 	LDD  R27,Y+@0+1
                 	ADIW R26,@1
                 	RCALL __PUTDP1
                 	.ENDM
                 
                 	.MACRO __PUTB1PMN
                 	LDS  R26,@0
                 	LDS  R27,@0+1
                 	SUBI R26,LOW(-@1)
                 	SBCI R27,HIGH(-@1)
                 	ST   X,R30
                 	.ENDM
                 
                 	.MACRO __PUTW1PMN
                 	LDS  R26,@0
                 	LDS  R27,@0+1
                 	SUBI R26,LOW(-@1)
                 	SBCI R27,HIGH(-@1)
                 	ST   X+,R30
                 	ST   X,R31
                 	.ENDM
                 
                 	.MACRO __PUTD1PMN
                 	LDS  R26,@0
                 	LDS  R27,@0+1
                 	SUBI R26,LOW(-@1)
                 	SBCI R27,HIGH(-@1)
                 	RCALL __PUTDP1
                 	.ENDM
                 
                 	.MACRO __PUTB1PMNS
                 	LDS  R26,@0
                 	LDS  R27,@0+1
                 	ADIW R26,@1
                 	ST   X,R30
                 	.ENDM
                 
                 	.MACRO __PUTW1PMNS
                 	LDS  R26,@0
                 	LDS  R27,@0+1
                 	ADIW R26,@1
                 	ST   X+,R30
                 	ST   X,R31
                 	.ENDM
                 
                 	.MACRO __PUTD1PMNS
                 	LDS  R26,@0
                 	LDS  R27,@0+1
                 	ADIW R26,@1
                 	RCALL __PUTDP1
                 	.ENDM
                 
                 	.MACRO __PUTB1RN
                 	MOVW R26,R@0
                 	SUBI R26,LOW(-@1)
                 	SBCI R27,HIGH(-@1)
                 	ST   X,R30
                 	.ENDM
                 
                 	.MACRO __PUTW1RN
                 	MOVW R26,R@0
                 	SUBI R26,LOW(-@1)
                 	SBCI R27,HIGH(-@1)
                 	ST   X+,R30
                 	ST   X,R31
                 	.ENDM
                 
                 	.MACRO __PUTD1RN
                 	MOVW R26,R@0
                 	SUBI R26,LOW(-@1)
                 	SBCI R27,HIGH(-@1)
                 	RCALL __PUTDP1
                 	.ENDM
                 
                 	.MACRO __PUTB1RNS
                 	MOVW R26,R@0
                 	ADIW R26,@1
                 	ST   X,R30
                 	.ENDM
                 
                 	.MACRO __PUTW1RNS
                 	MOVW R26,R@0
                 	ADIW R26,@1
                 	ST   X+,R30
                 	ST   X,R31
                 	.ENDM
                 
                 	.MACRO __PUTD1RNS
                 	MOVW R26,R@0
                 	ADIW R26,@1
                 	RCALL __PUTDP1
                 	.ENDM
                 
                 	.MACRO __PUTB1RON
                 	MOV  R26,R@0
                 	MOV  R27,R@1
                 	SUBI R26,LOW(-@2)
                 	SBCI R27,HIGH(-@2)
                 	ST   X,R30
                 	.ENDM
                 
                 	.MACRO __PUTW1RON
                 	MOV  R26,R@0
                 	MOV  R27,R@1
                 	SUBI R26,LOW(-@2)
                 	SBCI R27,HIGH(-@2)
                 	ST   X+,R30
                 	ST   X,R31
                 	.ENDM
                 
                 	.MACRO __PUTD1RON
                 	MOV  R26,R@0
                 	MOV  R27,R@1
                 	SUBI R26,LOW(-@2)
                 	SBCI R27,HIGH(-@2)
                 	RCALL __PUTDP1
                 	.ENDM
                 
                 	.MACRO __PUTB1RONS
                 	MOV  R26,R@0
                 	MOV  R27,R@1
                 	ADIW R26,@2
                 	ST   X,R30
                 	.ENDM
                 
                 	.MACRO __PUTW1RONS
                 	MOV  R26,R@0
                 	MOV  R27,R@1
                 	ADIW R26,@2
                 	ST   X+,R30
                 	ST   X,R31
                 	.ENDM
                 
                 	.MACRO __PUTD1RONS
                 	MOV  R26,R@0
                 	MOV  R27,R@1
                 	ADIW R26,@2
                 	RCALL __PUTDP1
                 	.ENDM
                 
                 
                 	.MACRO __GETB1SX
                 	MOVW R30,R28
                 	SUBI R30,LOW(-@0)
                 	SBCI R31,HIGH(-@0)
                 	LD   R30,Z
                 	.ENDM
                 
                 	.MACRO __GETB1HSX
                 	MOVW R30,R28
                 	SUBI R30,LOW(-@0)
                 	SBCI R31,HIGH(-@0)
                 	LD   R31,Z
                 	.ENDM
                 
                 	.MACRO __GETW1SX
                 	MOVW R30,R28
                 	SUBI R30,LOW(-@0)
                 	SBCI R31,HIGH(-@0)
                 	LD   R0,Z+
                 	LD   R31,Z
                 	MOV  R30,R0
                 	.ENDM
                 
                 	.MACRO __GETD1SX
                 	MOVW R30,R28
                 	SUBI R30,LOW(-@0)
                 	SBCI R31,HIGH(-@0)
                 	LD   R0,Z+
                 	LD   R1,Z+
                 	LD   R22,Z+
                 	LD   R23,Z
                 	MOVW R30,R0
                 	.ENDM
                 
                 	.MACRO __GETB2SX
                 	MOVW R26,R28
                 	SUBI R26,LOW(-@0)
                 	SBCI R27,HIGH(-@0)
                 	LD   R26,X
                 	.ENDM
                 
                 	.MACRO __GETW2SX
                 	MOVW R26,R28
                 	SUBI R26,LOW(-@0)
                 	SBCI R27,HIGH(-@0)
                 	LD   R0,X+
                 	LD   R27,X
                 	MOV  R26,R0
                 	.ENDM
                 
                 	.MACRO __GETD2SX
                 	MOVW R26,R28
                 	SUBI R26,LOW(-@0)
                 	SBCI R27,HIGH(-@0)
                 	LD   R0,X+
                 	LD   R1,X+
                 	LD   R24,X+
                 	LD   R25,X
                 	MOVW R26,R0
                 	.ENDM
                 
                 	.MACRO __GETBRSX
                 	MOVW R30,R28
                 	SUBI R30,LOW(-@1)
                 	SBCI R31,HIGH(-@1)
                 	LD   R@0,Z
                 	.ENDM
                 
                 	.MACRO __GETWRSX
                 	MOVW R30,R28
                 	SUBI R30,LOW(-@2)
                 	SBCI R31,HIGH(-@2)
                 	LD   R@0,Z+
                 	LD   R@1,Z
                 	.ENDM
                 
                 	.MACRO __GETBRSX2
                 	MOVW R26,R28
                 	SUBI R26,LOW(-@1)
                 	SBCI R27,HIGH(-@1)
                 	LD   R@0,X
                 	.ENDM
                 
                 	.MACRO __GETWRSX2
                 	MOVW R26,R28
                 	SUBI R26,LOW(-@2)
                 	SBCI R27,HIGH(-@2)
                 	LD   R@0,X+
                 	LD   R@1,X
                 	.ENDM
                 
                 	.MACRO __LSLW8SX
                 	MOVW R30,R28
                 	SUBI R30,LOW(-@0)
                 	SBCI R31,HIGH(-@0)
                 	LD   R31,Z
                 	CLR  R30
                 	.ENDM
                 
                 	.MACRO __PUTB1SX
                 	MOVW R26,R28
                 	SUBI R26,LOW(-@0)
                 	SBCI R27,HIGH(-@0)
                 	ST   X,R30
                 	.ENDM
                 
                 	.MACRO __PUTW1SX
                 	MOVW R26,R28
                 	SUBI R26,LOW(-@0)
                 	SBCI R27,HIGH(-@0)
                 	ST   X+,R30
                 	ST   X,R31
                 	.ENDM
                 
                 	.MACRO __PUTD1SX
                 	MOVW R26,R28
                 	SUBI R26,LOW(-@0)
                 	SBCI R27,HIGH(-@0)
                 	ST   X+,R30
                 	ST   X+,R31
                 	ST   X+,R22
                 	ST   X,R23
                 	.ENDM
                 
                 	.MACRO __CLRW1SX
                 	MOVW R26,R28
                 	SUBI R26,LOW(-@0)
                 	SBCI R27,HIGH(-@0)
                 	ST   X+,R30
                 	ST   X,R30
                 	.ENDM
                 
                 	.MACRO __CLRD1SX
                 	MOVW R26,R28
                 	SUBI R26,LOW(-@0)
                 	SBCI R27,HIGH(-@0)
                 	ST   X+,R30
                 	ST   X+,R30
                 	ST   X+,R30
                 	ST   X,R30
                 	.ENDM
                 
                 	.MACRO __PUTB2SX
                 	MOVW R30,R28
                 	SUBI R30,LOW(-@0)
                 	SBCI R31,HIGH(-@0)
                 	ST   Z,R26
                 	.ENDM
                 
                 	.MACRO __PUTW2SX
                 	MOVW R30,R28
                 	SUBI R30,LOW(-@0)
                 	SBCI R31,HIGH(-@0)
                 	ST   Z+,R26
                 	ST   Z,R27
                 	.ENDM
                 
                 	.MACRO __PUTD2SX
                 	MOVW R30,R28
                 	SUBI R30,LOW(-@0)
                 	SBCI R31,HIGH(-@0)
                 	ST   Z+,R26
                 	ST   Z+,R27
                 	ST   Z+,R24
                 	ST   Z,R25
                 	.ENDM
                 
                 	.MACRO __PUTBSRX
                 	MOVW R30,R28
                 	SUBI R30,LOW(-@1)
                 	SBCI R31,HIGH(-@1)
                 	ST   Z,R@0
                 	.ENDM
                 
                 	.MACRO __PUTWSRX
                 	MOVW R30,R28
                 	SUBI R30,LOW(-@2)
                 	SBCI R31,HIGH(-@2)
                 	ST   Z+,R@0
                 	ST   Z,R@1
                 	.ENDM
                 
                 	.MACRO __PUTB1SNX
                 	MOVW R26,R28
                 	SUBI R26,LOW(-@0)
                 	SBCI R27,HIGH(-@0)
                 	LD   R0,X+
                 	LD   R27,X
                 	MOV  R26,R0
                 	SUBI R26,LOW(-@1)
                 	SBCI R27,HIGH(-@1)
                 	ST   X,R30
                 	.ENDM
                 
                 	.MACRO __PUTW1SNX
                 	MOVW R26,R28
                 	SUBI R26,LOW(-@0)
                 	SBCI R27,HIGH(-@0)
                 	LD   R0,X+
                 	LD   R27,X
                 	MOV  R26,R0
                 	SUBI R26,LOW(-@1)
                 	SBCI R27,HIGH(-@1)
                 	ST   X+,R30
                 	ST   X,R31
                 	.ENDM
                 
                 	.MACRO __PUTD1SNX
                 	MOVW R26,R28
                 	SUBI R26,LOW(-@0)
                 	SBCI R27,HIGH(-@0)
                 	LD   R0,X+
                 	LD   R27,X
                 	MOV  R26,R0
                 	SUBI R26,LOW(-@1)
                 	SBCI R27,HIGH(-@1)
                 	ST   X+,R30
                 	ST   X+,R31
                 	ST   X+,R22
                 	ST   X,R23
                 	.ENDM
                 
                 	.MACRO __MULBRR
                 	MULS R@0,R@1
                 	MOVW R30,R0
                 	.ENDM
                 
                 	.MACRO __MULBRRU
                 	MUL  R@0,R@1
                 	MOVW R30,R0
                 	.ENDM
                 
                 	.MACRO __MULBRR0
                 	MULS R@0,R@1
                 	.ENDM
                 
                 	.MACRO __MULBRRU0
                 	MUL  R@0,R@1
                 	.ENDM
                 
                 	.MACRO __MULBNWRU
                 	LDI  R26,@2
                 	MUL  R26,R@0
                 	MOVW R30,R0
                 	MUL  R26,R@1
                 	ADD  R31,R0
                 	.ENDM
                 
                 	.CSEG
                 	.ORG 0x00
                 
                 ;INTERRUPT VECTORS
000000 c01f      	RJMP __RESET
000001 cffe      	RJMP 0x00
000002 cffd      	RJMP 0x00
000003 cffc      	RJMP 0x00
000004 cffb      	RJMP 0x00
000005 cffa      	RJMP 0x00
000006 cff9      	RJMP 0x00
000007 cff8      	RJMP 0x00
000008 cff7      	RJMP 0x00
000009 cff6      	RJMP 0x00
00000a cff5      	RJMP 0x00
00000b cff4      	RJMP 0x00
00000c cff3      	RJMP 0x00
00000d cff2      	RJMP 0x00
00000e cff1      	RJMP 0x00
00000f cff0      	RJMP 0x00
000010 cfef      	RJMP 0x00
000011 cfee      	RJMP 0x00
000012 cfed      	RJMP 0x00
000013 cfec      	RJMP 0x00
000014 cfeb      	RJMP 0x00
                 
                 _tbl10_G100:
000015 2710
000016 03e8
000017 0064
000018 000a      	.DB  0x10,0x27,0xE8,0x3,0x64,0x0,0xA,0x0
000019 0001      	.DB  0x1,0x0
                 _tbl16_G100:
00001a 1000
00001b 0100
00001c 0010
00001d 0001      	.DB  0x0,0x10,0x0,0x1,0x10,0x0,0x1,0x0
                 
                 _0x0:
00001e 6425
D:\My Data (ROG)\Document Kuliah\Semester 7\Prak AMK\Prak 4 Counter + Delphi\List\CountDel.asm(1083): warning: .cseg .db misalignment - padding zero byte
00001f 0000      	.DB  0x25,0x64,0x0
                 __RESET:
000020 94f8      	CLI
000021 27ee      	CLR  R30
000022 bbec      	OUT  EECR,R30
                 
                 ;INTERRUPT VECTORS ARE PLACED
                 ;AT THE START OF FLASH
000023 e0f1      	LDI  R31,1
000024 bffb      	OUT  GICR,R31
000025 bfeb      	OUT  GICR,R30
000026 bfe5      	OUT  MCUCR,R30
                 
                 ;DISABLE WATCHDOG
000027 e1f8      	LDI  R31,0x18
000028 bdf1      	OUT  WDTCR,R31
000029 bde1      	OUT  WDTCR,R30
                 
                 ;CLEAR R2-R14
00002a e08d      	LDI  R24,(14-2)+1
00002b e0a2      	LDI  R26,2
00002c 27bb      	CLR  R27
                 __CLEAR_REG:
00002d 93ed      	ST   X+,R30
00002e 958a      	DEC  R24
00002f f7e9      	BRNE __CLEAR_REG
                 
                 ;CLEAR SRAM
000030 e080      	LDI  R24,LOW(0x200)
000031 e092      	LDI  R25,HIGH(0x200)
000032 e6a0      	LDI  R26,0x60
                 __CLEAR_SRAM:
000033 93ed      	ST   X+,R30
000034 9701      	SBIW R24,1
000035 f7e9      	BRNE __CLEAR_SRAM
                 
                 ;STACK POINTER INITIALIZATION
000036 e5ef      	LDI  R30,LOW(0x25F)
000037 bfed      	OUT  SPL,R30
000038 e0e2      	LDI  R30,HIGH(0x25F)
000039 bfee      	OUT  SPH,R30
                 
                 ;DATA STACK POINTER INITIALIZATION
00003a eec0      	LDI  R28,LOW(0xE0)
00003b e0d0      	LDI  R29,HIGH(0xE0)
                 
00003c c010      	RJMP _main
                 
                 	.ESEG
                 	.ORG 0
                 
                 	.DSEG
                 	.ORG 0xE0
                 
                 	.CSEG
                 ;/*****************************************************
                 ;This program was produced by the
                 ;CodeWizardAVR V2.04.4a Advanced
                 ;Automatic Program Generator
                 ;© Copyright 1998-2009 Pavel Haiduc, HP InfoTech s.r.l.
                 ;http://www.hpinfotech.com
                 ;
                 ;Project :
                 ;Version :
                 ;Date    : 18/09/2019
                 ;Author  : NeVaDa
                 ;Company : BS
                 ;Comments:
                 ;
                 ;
                 ;Chip type               : ATmega8535
                 ;Program type            : Application
                 ;AVR Core Clock frequency: 8,000000 MHz
                 ;Memory model            : Small
                 ;External RAM size       : 0
                 ;Data Stack size         : 128
                 ;*****************************************************/
                 ;
                 ;#include <mega8535.h>
                 	#ifndef __SLEEP_DEFINED__
                 	#define __SLEEP_DEFINED__
                 	.EQU __se_bit=0x40
                 	.EQU __sm_mask=0xB0
                 	.EQU __sm_powerdown=0x20
                 	.EQU __sm_powersave=0x30
                 	.EQU __sm_standby=0xA0
                 	.EQU __sm_ext_standby=0xB0
                 	.EQU __sm_adc_noise_red=0x10
                 	.SET power_ctrl_reg=mcucr
                 	#endif
                 ;#include <delay.h>
                 ;
                 ;// Standard Input/Output functions
                 ;#include <stdio.h>
                 ;
                 ;// Declare your global variables here
                 ;int angka(int bilangan)
                 ; 0000 0020 {
                 
                 	.CSEG
                 _angka:
                 ; 0000 0021     int s,p,h;
                 ; 0000 0022 
                 ; 0000 0023     p=bilangan/10;
00003d d240      	RCALL __SAVELOCR6
                 ;	bilangan -> Y+6
                 ;	s -> R16,R17
                 ;	p -> R18,R19
                 ;	h -> R20,R21
00003e d1b3      	RCALL SUBOPT_0x0
00003f d212      	RCALL __DIVW21
000040 019f      	MOVW R18,R30
                 ; 0000 0024     s=bilangan%10;
000041 d1b0      	RCALL SUBOPT_0x0
000042 d214      	RCALL __MODW21
000043 018f      	MOVW R16,R30
                 ; 0000 0025 
                 ; 0000 0026     h=(p*16)+s;
000044 01f9      	MOVW R30,R18
000045 d1e8      	RCALL __LSLW4
000046 0fe0      	ADD  R30,R16
000047 1ff1      	ADC  R31,R17
000048 01af      	MOVW R20,R30
                 ; 0000 0027     return h;
000049 01fa      	MOVW R30,R20
00004a d23a      	RCALL __LOADLOCR6
00004b 9628      	ADIW R28,8
00004c 9508      	RET
                 ; 0000 0028 }
                 ;
                 ;
                 ;void main(void)
                 ; 0000 002C {
                 _main:
                 ; 0000 002D // Declare your local variables here
                 ; 0000 002E    int a;
                 ; 0000 002F // Input/Output Ports initialization
                 ; 0000 0030 // Port A initialization
                 ; 0000 0031 // Func7=In Func6=In Func5=In Func4=In Func3=In Func2=In Func1=In Func0=In
                 ; 0000 0032 // State7=T State6=T State5=T State4=T State3=T State2=T State1=T State0=T
                 ; 0000 0033 PORTA=0x00;
                 ;	a -> R16,R17
00004d e0e0      	LDI  R30,LOW(0)
00004e bbeb      	OUT  0x1B,R30
                 ; 0000 0034 DDRA=0x00;
00004f bbea      	OUT  0x1A,R30
                 ; 0000 0035 
                 ; 0000 0036 // Port B initialization
                 ; 0000 0037 // Func7=In Func6=In Func5=In Func4=In Func3=In Func2=In Func1=In Func0=In
                 ; 0000 0038 // State7=T State6=T State5=T State4=T State3=T State2=T State1=T State0=T
                 ; 0000 0039 PORTB=0x00;
000050 bbe8      	OUT  0x18,R30
                 ; 0000 003A DDRB=0x00;
000051 bbe7      	OUT  0x17,R30
                 ; 0000 003B 
                 ; 0000 003C // Port C initialization
                 ; 0000 003D // Func7=Out Func6=Out Func5=Out Func4=Out Func3=Out Func2=Out Func1=Out Func0=Out
                 ; 0000 003E // State7=0 State6=0 State5=0 State4=0 State3=0 State2=0 State1=0 State0=0
                 ; 0000 003F PORTC=0x00;
000052 bbe5      	OUT  0x15,R30
                 ; 0000 0040 DDRC=0xFF;
000053 efef      	LDI  R30,LOW(255)
000054 bbe4      	OUT  0x14,R30
                 ; 0000 0041 
                 ; 0000 0042 // Port D initialization
                 ; 0000 0043 // Func7=In Func6=In Func5=In Func4=In Func3=In Func2=In Func1=In Func0=In
                 ; 0000 0044 // State7=T State6=T State5=T State4=T State3=T State2=T State1=T State0=T
                 ; 0000 0045 PORTD=0x00;
000055 e0e0      	LDI  R30,LOW(0)
000056 bbe2      	OUT  0x12,R30
                 ; 0000 0046 DDRD=0x00;
000057 bbe1      	OUT  0x11,R30
                 ; 0000 0047 
                 ; 0000 0048 // Timer/Counter 0 initialization
                 ; 0000 0049 // Clock source: System Clock
                 ; 0000 004A // Clock value: Timer 0 Stopped
                 ; 0000 004B // Mode: Normal top=FFh
                 ; 0000 004C // OC0 output: Disconnected
                 ; 0000 004D TCCR0=0x00;
000058 bfe3      	OUT  0x33,R30
                 ; 0000 004E TCNT0=0x00;
000059 bfe2      	OUT  0x32,R30
                 ; 0000 004F OCR0=0x00;
00005a bfec      	OUT  0x3C,R30
                 ; 0000 0050 
                 ; 0000 0051 // Timer/Counter 1 initialization
                 ; 0000 0052 // Clock source: System Clock
                 ; 0000 0053 // Clock value: Timer1 Stopped
                 ; 0000 0054 // Mode: Normal top=FFFFh
                 ; 0000 0055 // OC1A output: Discon.
                 ; 0000 0056 // OC1B output: Discon.
                 ; 0000 0057 // Noise Canceler: Off
                 ; 0000 0058 // Input Capture on Falling Edge
                 ; 0000 0059 // Timer1 Overflow Interrupt: Off
                 ; 0000 005A // Input Capture Interrupt: Off
                 ; 0000 005B // Compare A Match Interrupt: Off
                 ; 0000 005C // Compare B Match Interrupt: Off
                 ; 0000 005D TCCR1A=0x00;
00005b bdef      	OUT  0x2F,R30
                 ; 0000 005E TCCR1B=0x00;
00005c bdee      	OUT  0x2E,R30
                 ; 0000 005F TCNT1H=0x00;
00005d bded      	OUT  0x2D,R30
                 ; 0000 0060 TCNT1L=0x00;
00005e bdec      	OUT  0x2C,R30
                 ; 0000 0061 ICR1H=0x00;
00005f bde7      	OUT  0x27,R30
                 ; 0000 0062 ICR1L=0x00;
000060 bde6      	OUT  0x26,R30
                 ; 0000 0063 OCR1AH=0x00;
000061 bdeb      	OUT  0x2B,R30
                 ; 0000 0064 OCR1AL=0x00;
000062 bdea      	OUT  0x2A,R30
                 ; 0000 0065 OCR1BH=0x00;
000063 bde9      	OUT  0x29,R30
                 ; 0000 0066 OCR1BL=0x00;
000064 bde8      	OUT  0x28,R30
                 ; 0000 0067 
                 ; 0000 0068 // Timer/Counter 2 initialization
                 ; 0000 0069 // Clock source: System Clock
                 ; 0000 006A // Clock value: Timer2 Stopped
                 ; 0000 006B // Mode: Normal top=FFh
                 ; 0000 006C // OC2 output: Disconnected
                 ; 0000 006D ASSR=0x00;
000065 bde2      	OUT  0x22,R30
                 ; 0000 006E TCCR2=0x00;
000066 bde5      	OUT  0x25,R30
                 ; 0000 006F TCNT2=0x00;
000067 bde4      	OUT  0x24,R30
                 ; 0000 0070 OCR2=0x00;
000068 bde3      	OUT  0x23,R30
                 ; 0000 0071 
                 ; 0000 0072 // External Interrupt(s) initialization
                 ; 0000 0073 // INT0: Off
                 ; 0000 0074 // INT1: Off
                 ; 0000 0075 // INT2: Off
                 ; 0000 0076 MCUCR=0x00;
000069 bfe5      	OUT  0x35,R30
                 ; 0000 0077 MCUCSR=0x00;
00006a bfe4      	OUT  0x34,R30
                 ; 0000 0078 
                 ; 0000 0079 // Timer(s)/Counter(s) Interrupt(s) initialization
                 ; 0000 007A TIMSK=0x00;
00006b bfe9      	OUT  0x39,R30
                 ; 0000 007B 
                 ; 0000 007C // USART initialization
                 ; 0000 007D // Communication Parameters: 8 Data, 1 Stop, No Parity
                 ; 0000 007E // USART Receiver: On
                 ; 0000 007F // USART Transmitter: Off
                 ; 0000 0080 // USART Mode: Asynchronous
                 ; 0000 0081 // USART Baud Rate: 9600
                 ; 0000 0082 UCSRA=0x00;
00006c b9eb      	OUT  0xB,R30
                 ; 0000 0083 UCSRB=0x10;
00006d e1e0      	LDI  R30,LOW(16)
00006e b9ea      	OUT  0xA,R30
                 ; 0000 0084 UCSRC=0x86;
00006f e8e6      	LDI  R30,LOW(134)
000070 bde0      	OUT  0x20,R30
                 ; 0000 0085 UBRRH=0x00;
000071 e0e0      	LDI  R30,LOW(0)
000072 bde0      	OUT  0x20,R30
                 ; 0000 0086 UBRRL=0x33;
000073 e3e3      	LDI  R30,LOW(51)
000074 b9e9      	OUT  0x9,R30
                 ; 0000 0087 
                 ; 0000 0088 // Analog Comparator initialization
                 ; 0000 0089 // Analog Comparator: Off
                 ; 0000 008A // Analog Comparator Input Capture by Timer/Counter 1: Off
                 ; 0000 008B ACSR=0x80;
000075 e8e0      	LDI  R30,LOW(128)
000076 b9e8      	OUT  0x8,R30
                 ; 0000 008C SFIOR=0x00;
000077 e0e0      	LDI  R30,LOW(0)
000078 bfe0      	OUT  0x30,R30
                 ; 0000 008D 
                 ; 0000 008E while (1)
                 _0x3:
                 ; 0000 008F       {
                 ; 0000 0090       // Place your code here
                 ; 0000 0091       scanf("%d",&a);
                +
000079 e3ec     +LDI R30 , LOW ( 2 * _0x0 + ( 0 ) )
00007a e0f0     +LDI R31 , HIGH ( 2 * _0x0 + ( 0 ) )
                 	__POINTW1FN _0x0,0
00007b d17b      	RCALL SUBOPT_0x1
00007c b7ed      	IN   R30,SPL
00007d b7fe      	IN   R31,SPH
00007e 9731      	SBIW R30,1
00007f d1f7      	RCALL __PUTPARD1L
000080 931f      	PUSH R17
000081 930f      	PUSH R16
000082 e084      	LDI  R24,4
000083 d131      	RCALL _scanf
000084 9626      	ADIW R28,6
000085 910f      	POP  R16
000086 911f      	POP  R17
                 ; 0000 0092       PORTC=angka(a);
000087 931a      	ST   -Y,R17
000088 930a      	ST   -Y,R16
000089 dfb3      	RCALL _angka
00008a bbe5      	OUT  0x15,R30
                 ; 0000 0093       delay_ms(100);
00008b e6e4      	LDI  R30,LOW(100)
00008c e0f0      	LDI  R31,HIGH(100)
00008d d169      	RCALL SUBOPT_0x1
00008e d18b      	RCALL _delay_ms
                 ; 0000 0094       };
00008f cfe9      	RJMP _0x3
                 ; 0000 0095 }
                 _0x6:
000090 cfff      	RJMP _0x6
                 	#ifndef __SLEEP_DEFINED__
                 	#endif
                 
                 	.CSEG
                 _getchar:
                 getchar0:
000091 9b5f           sbis usr,rxc
000092 cffe           rjmp getchar0
000093 b1ec           in   r30,udr
000094 9508      	RET
                 _get_usart_G100:
000095 931a      	ST   -Y,R17
000096 81a9      	LDD  R26,Y+1
000097 81ba      	LDD  R27,Y+1+1
000098 e0e0      	LDI  R30,LOW(0)
000099 93ec      	ST   X,R30
00009a 81ab      	LDD  R26,Y+3
00009b 81bc      	LDD  R27,Y+3+1
00009c 91ec      	LD   R30,X
00009d 2f1e      	MOV  R17,R30
00009e 30e0      	CPI  R30,0
00009f f019      	BREQ _0x2000078
0000a0 e0e0      	LDI  R30,LOW(0)
0000a1 93ec      	ST   X,R30
0000a2 c002      	RJMP _0x2000079
                 _0x2000078:
0000a3 dfed      	RCALL _getchar
0000a4 2f1e      	MOV  R17,R30
                 _0x2000079:
0000a5 2fe1      	MOV  R30,R17
0000a6 8118      	LDD  R17,Y+0
0000a7 9625      	ADIW R28,5
0000a8 9508      	RET
                 __scanf_G100:
0000a9 9725      	SBIW R28,5
0000aa d1d3      	RCALL __SAVELOCR6
0000ab e0e0      	LDI  R30,LOW(0)
0000ac e0f0      	LDI  R31,HIGH(0)
0000ad 87e8      	STD  Y+8,R30
0000ae 87f9      	STD  Y+8+1,R31
0000af 2f4e      	MOV  R20,R30
                 _0x200007F:
0000b0 d149      	RCALL SUBOPT_0x2
0000b1 9631      	ADIW R30,1
0000b2 8be9      	STD  Y+17,R30
0000b3 8bfa      	STD  Y+17+1,R31
0000b4 9731      	SBIW R30,1
0000b5 91e4      	LPM  R30,Z
0000b6 2f3e      	MOV  R19,R30
0000b7 30e0      	CPI  R30,0
0000b8 f409      	BRNE PC+2
0000b9 c0f6      	RJMP _0x2000081
0000ba d142      	RCALL SUBOPT_0x3
0000bb f099      	BREQ _0x2000082
                 _0x2000083:
0000bc b7ed      	IN   R30,SPL
0000bd b7fe      	IN   R31,SPH
0000be d138      	RCALL SUBOPT_0x1
0000bf 934f      	PUSH R20
0000c0 d140      	RCALL SUBOPT_0x4
0000c1 914f      	POP  R20
0000c2 2f3e      	MOV  R19,R30
0000c3 30e0      	CPI  R30,0
0000c4 f011      	BREQ _0x2000086
0000c5 d137      	RCALL SUBOPT_0x3
0000c6 f409      	BRNE _0x2000087
                 _0x2000086:
0000c7 c005      	RJMP _0x2000085
                 _0x2000087:
0000c8 d13e      	RCALL SUBOPT_0x5
0000c9 f414      	BRGE _0x2000088
0000ca d141      	RCALL SUBOPT_0x6
0000cb c0e6      	RJMP _0x2060001
                 _0x2000088:
0000cc cfef      	RJMP _0x2000083
                 _0x2000085:
0000cd 2f43      	MOV  R20,R19
0000ce c0e0      	RJMP _0x2000089
                 _0x2000082:
0000cf 3235      	CPI  R19,37
0000d0 f009      	BREQ PC+2
0000d1 c0ca      	RJMP _0x200008A
0000d2 e050      	LDI  R21,LOW(0)
                 _0x200008B:
0000d3 d126      	RCALL SUBOPT_0x2
0000d4 9135      	LPM  R19,Z+
0000d5 8be9      	STD  Y+17,R30
0000d6 8bfa      	STD  Y+17+1,R31
0000d7 3330      	CPI  R19,48
0000d8 f010      	BRLO _0x200008F
0000d9 333a      	CPI  R19,58
0000da f008      	BRLO _0x200008E
                 _0x200008F:
0000db c007      	RJMP _0x200008D
                 _0x200008E:
0000dc e0aa      	LDI  R26,LOW(10)
0000dd 9f5a      	MUL  R21,R26
0000de 2d50      	MOV  R21,R0
0000df 2fe3      	MOV  R30,R19
0000e0 53e0      	SUBI R30,LOW(48)
0000e1 0f5e      	ADD  R21,R30
0000e2 cff0      	RJMP _0x200008B
                 _0x200008D:
0000e3 3030      	CPI  R19,0
0000e4 f409      	BRNE _0x2000091
0000e5 c0ca      	RJMP _0x2000081
                 _0x2000091:
                 _0x2000092:
0000e6 b7ed      	IN   R30,SPL
0000e7 b7fe      	IN   R31,SPH
0000e8 d10e      	RCALL SUBOPT_0x1
0000e9 934f      	PUSH R20
0000ea d116      	RCALL SUBOPT_0x4
0000eb 914f      	POP  R20
0000ec 2f2e      	MOV  R18,R30
0000ed 93ea      	ST   -Y,R30
0000ee d0eb      	RCALL _isspace
0000ef 30e0      	CPI  R30,0
0000f0 f029      	BREQ _0x2000094
0000f1 d115      	RCALL SUBOPT_0x5
0000f2 f414      	BRGE _0x2000095
0000f3 d118      	RCALL SUBOPT_0x6
0000f4 c0bd      	RJMP _0x2060001
                 _0x2000095:
0000f5 cff0      	RJMP _0x2000092
                 _0x2000094:
0000f6 3020      	CPI  R18,0
0000f7 f409      	BRNE _0x2000096
0000f8 c0af      	RJMP _0x2000097
                 _0x2000096:
0000f9 2f42      	MOV  R20,R18
0000fa 3050      	CPI  R21,0
0000fb f409      	BRNE _0x2000098
0000fc ef5f      	LDI  R21,LOW(255)
                 _0x2000098:
0000fd 2fe3      	MOV  R30,R19
0000fe 36e3      	CPI  R30,LOW(0x63)
0000ff f471      	BRNE _0x200009C
000100 d10e      	RCALL SUBOPT_0x7
000101 b7ed      	IN   R30,SPL
000102 b7fe      	IN   R31,SPH
000103 d0f3      	RCALL SUBOPT_0x1
000104 934f      	PUSH R20
000105 d0fb      	RCALL SUBOPT_0x4
000106 914f      	POP  R20
000107 01d8      	MOVW R26,R16
000108 93ec      	ST   X,R30
000109 d0fd      	RCALL SUBOPT_0x5
00010a f414      	BRGE _0x200009D
00010b d100      	RCALL SUBOPT_0x6
00010c c0a5      	RJMP _0x2060001
                 _0x200009D:
00010d c088      	RJMP _0x200009B
                 _0x200009C:
00010e 37e3      	CPI  R30,LOW(0x73)
00010f f511      	BRNE _0x20000A6
000110 d0fe      	RCALL SUBOPT_0x7
                 _0x200009F:
000111 2fe5      	MOV  R30,R21
000112 5051      	SUBI R21,1
000113 30e0      	CPI  R30,0
000114 f0c9      	BREQ _0x20000A1
000115 b7ed      	IN   R30,SPL
000116 b7fe      	IN   R31,SPH
000117 d0df      	RCALL SUBOPT_0x1
000118 934f      	PUSH R20
000119 d0e7      	RCALL SUBOPT_0x4
00011a 914f      	POP  R20
00011b 2f3e      	MOV  R19,R30
00011c 30e0      	CPI  R30,0
00011d f011      	BREQ _0x20000A3
00011e d0de      	RCALL SUBOPT_0x3
00011f f029      	BREQ _0x20000A2
                 _0x20000A3:
000120 d0e6      	RCALL SUBOPT_0x5
000121 f414      	BRGE _0x20000A5
000122 d0e9      	RCALL SUBOPT_0x6
000123 c08e      	RJMP _0x2060001
                 _0x20000A5:
000124 c009      	RJMP _0x20000A1
                 _0x20000A2:
000125 931f      	PUSH R17
000126 930f      	PUSH R16
                +
000127 5f0f     +SUBI R16 , LOW ( - 1 )
000128 4f1f     +SBCI R17 , HIGH ( - 1 )
                 	__ADDWRN 16,17,1
000129 2fe3      	MOV  R30,R19
00012a 91af      	POP  R26
00012b 91bf      	POP  R27
00012c 93ec      	ST   X,R30
00012d cfe3      	RJMP _0x200009F
                 _0x20000A1:
00012e 01d8      	MOVW R26,R16
00012f e0e0      	LDI  R30,LOW(0)
000130 93ec      	ST   X,R30
000131 c064      	RJMP _0x200009B
                 _0x20000A6:
000132 e0e1      	LDI  R30,LOW(1)
000133 87ea      	STD  Y+10,R30
000134 2fe3      	MOV  R30,R19
000135 36e4      	CPI  R30,LOW(0x64)
000136 f011      	BREQ _0x20000AB
000137 36e9      	CPI  R30,LOW(0x69)
000138 f419      	BRNE _0x20000AC
                 _0x20000AB:
000139 e0e0      	LDI  R30,LOW(0)
00013a 87ea      	STD  Y+10,R30
00013b c002      	RJMP _0x20000AD
                 _0x20000AC:
00013c 37e5      	CPI  R30,LOW(0x75)
00013d f411      	BRNE _0x20000AE
                 _0x20000AD:
00013e e02a      	LDI  R18,LOW(10)
00013f c008      	RJMP _0x20000A9
                 _0x20000AE:
000140 37e8      	CPI  R30,LOW(0x78)
000141 f411      	BRNE _0x20000AF
000142 e120      	LDI  R18,LOW(16)
000143 c004      	RJMP _0x20000A9
                 _0x20000AF:
000144 32e5      	CPI  R30,LOW(0x25)
000145 f409      	BRNE _0x20000B2
000146 c055      	RJMP _0x20000B1
                 _0x20000B2:
000147 c068      	RJMP _0x2060002
                 _0x20000A9:
000148 e0e0      	LDI  R30,LOW(0)
000149 83ee      	STD  Y+6,R30
00014a 83ef      	STD  Y+6+1,R30
                 _0x20000B3:
00014b 2fe5      	MOV  R30,R21
00014c 5051      	SUBI R21,1
00014d 30e0      	CPI  R30,0
00014e f409      	BRNE PC+2
00014f c03b      	RJMP _0x20000B5
000150 b7ed      	IN   R30,SPL
000151 b7fe      	IN   R31,SPH
000152 d0a4      	RCALL SUBOPT_0x1
000153 934f      	PUSH R20
000154 d0ac      	RCALL SUBOPT_0x4
000155 914f      	POP  R20
000156 2f3e      	MOV  R19,R30
000157 32e1      	CPI  R30,LOW(0x21)
000158 f428      	BRSH _0x20000B6
000159 d0ad      	RCALL SUBOPT_0x5
00015a f414      	BRGE _0x20000B7
00015b d0b0      	RCALL SUBOPT_0x6
00015c c055      	RJMP _0x2060001
                 _0x20000B7:
00015d c015      	RJMP _0x20000B8
                 _0x20000B6:
00015e 85ea      	LDD  R30,Y+10
00015f 30e0      	CPI  R30,0
000160 f439      	BRNE _0x20000B9
000161 323d      	CPI  R19,45
000162 f419      	BRNE _0x20000BA
000163 efef      	LDI  R30,LOW(255)
000164 87ea      	STD  Y+10,R30
000165 cfe5      	RJMP _0x20000B3
                 _0x20000BA:
000166 e0e1      	LDI  R30,LOW(1)
000167 87ea      	STD  Y+10,R30
                 _0x20000B9:
000168 3120      	CPI  R18,16
000169 f429      	BRNE _0x20000BC
00016a 933a      	ST   -Y,R19
00016b d078      	RCALL _isxdigit
00016c 30e0      	CPI  R30,0
00016d f029      	BREQ _0x20000B8
00016e c006      	RJMP _0x20000BE
                 _0x20000BC:
00016f 933a      	ST   -Y,R19
000170 d061      	RCALL _isdigit
000171 30e0      	CPI  R30,0
000172 f411      	BRNE _0x20000BF
                 _0x20000B8:
000173 2f43      	MOV  R20,R19
000174 c016      	RJMP _0x20000B5
                 _0x20000BF:
                 _0x20000BE:
000175 3631      	CPI  R19,97
000176 f010      	BRLO _0x20000C0
000177 5537      	SUBI R19,LOW(87)
000178 c005      	RJMP _0x20000C1
                 _0x20000C0:
000179 3431      	CPI  R19,65
00017a f010      	BRLO _0x20000C2
00017b 5337      	SUBI R19,LOW(55)
00017c c001      	RJMP _0x20000C3
                 _0x20000C2:
00017d 5330      	SUBI R19,LOW(48)
                 _0x20000C3:
                 _0x20000C1:
00017e 2fe2      	MOV  R30,R18
00017f 81ae      	LDD  R26,Y+6
000180 81bf      	LDD  R27,Y+6+1
000181 e0f0      	LDI  R31,0
000182 d0b4      	RCALL __MULW12U
000183 01df      	MOVW R26,R30
000184 2fe3      	MOV  R30,R19
000185 e0f0      	LDI  R31,0
000186 0fea      	ADD  R30,R26
000187 1ffb      	ADC  R31,R27
000188 83ee      	STD  Y+6,R30
000189 83ff      	STD  Y+6+1,R31
00018a cfc0      	RJMP _0x20000B3
                 _0x20000B5:
00018b d083      	RCALL SUBOPT_0x7
00018c 85ea      	LDD  R30,Y+10
00018d 81ae      	LDD  R26,Y+6
00018e 81bf      	LDD  R27,Y+6+1
00018f e0f0      	LDI  R31,0
000190 fde7      	SBRC R30,7
000191 efff      	SER  R31
000192 d0a4      	RCALL __MULW12U
000193 01d8      	MOVW R26,R16
000194 93ed      	ST   X+,R30
000195 93fc      	ST   X,R31
                 _0x200009B:
000196 85e8      	LDD  R30,Y+8
000197 85f9      	LDD  R31,Y+8+1
000198 9631      	ADIW R30,1
000199 87e8      	STD  Y+8,R30
00019a 87f9      	STD  Y+8+1,R31
00019b c013      	RJMP _0x20000C4
                 _0x200008A:
                 _0x20000B1:
00019c b7ed      	IN   R30,SPL
00019d b7fe      	IN   R31,SPH
00019e d058      	RCALL SUBOPT_0x1
00019f 934f      	PUSH R20
0001a0 d060      	RCALL SUBOPT_0x4
0001a1 914f      	POP  R20
0001a2 17e3      	CP   R30,R19
0001a3 f059      	BREQ _0x20000C5
0001a4 d062      	RCALL SUBOPT_0x5
0001a5 f414      	BRGE _0x20000C6
0001a6 d065      	RCALL SUBOPT_0x6
0001a7 c00a      	RJMP _0x2060001
                 _0x20000C6:
                 _0x2000097:
0001a8 85e8      	LDD  R30,Y+8
0001a9 85f9      	LDD  R31,Y+8+1
0001aa 9730      	SBIW R30,0
0001ab f411      	BRNE _0x20000C7
0001ac d05f      	RCALL SUBOPT_0x6
0001ad c004      	RJMP _0x2060001
                 _0x20000C7:
0001ae c001      	RJMP _0x2000081
                 _0x20000C5:
                 _0x20000C4:
                 _0x2000089:
0001af cf00      	RJMP _0x200007F
                 _0x2000081:
                 _0x2060002:
0001b0 85e8      	LDD  R30,Y+8
0001b1 85f9      	LDD  R31,Y+8+1
                 _0x2060001:
0001b2 d0d2      	RCALL __LOADLOCR6
0001b3 9663      	ADIW R28,19
0001b4 9508      	RET
                 _scanf:
0001b5 92ff      	PUSH R15
0001b6 2ef8      	MOV  R15,R24
0001b7 9723      	SBIW R28,3
0001b8 d0c9      	RCALL __SAVELOCR2
0001b9 01de      	MOVW R26,R28
0001ba 9611      	ADIW R26,1
0001bb d06a      	RCALL __ADDW2R15
0001bc 018d      	MOVW R16,R26
0001bd e0e0      	LDI  R30,LOW(0)
0001be 83eb      	STD  Y+3,R30
0001bf 83ec      	STD  Y+3+1,R30
0001c0 01de      	MOVW R26,R28
0001c1 9615      	ADIW R26,5
0001c2 d063      	RCALL __ADDW2R15
0001c3 d0af      	RCALL __GETW1P
0001c4 d032      	RCALL SUBOPT_0x1
0001c5 931a      	ST   -Y,R17
0001c6 930a      	ST   -Y,R16
0001c7 e9e5      	LDI  R30,LOW(_get_usart_G100)
0001c8 e0f0      	LDI  R31,HIGH(_get_usart_G100)
0001c9 d02d      	RCALL SUBOPT_0x1
0001ca 01fe      	MOVW R30,R28
0001cb 9638      	ADIW R30,8
0001cc d02a      	RCALL SUBOPT_0x1
0001cd dedb      	RCALL __scanf_G100
0001ce d0ba      	RCALL __LOADLOCR2
0001cf 9625      	ADIW R28,5
0001d0 90ff      	POP  R15
0001d1 9508      	RET
                 
                 	.CSEG
                 _isdigit:
0001d2 e0e1          ldi  r30,1
0001d3 91f9          ld   r31,y+
0001d4 33f0          cpi  r31,'0'
0001d5 f010          brlo isdigit0
0001d6 33fa          cpi  r31,'9'+1
0001d7 f008          brlo isdigit1
                 isdigit0:
0001d8 27ee          clr  r30
                 isdigit1:
0001d9 9508          ret
                 _isspace:
0001da e0e1          ldi  r30,1
0001db 91f9          ld   r31,y+
0001dc 32f0          cpi  r31,' '
0001dd f029          breq isspace1
0001de 30f9          cpi  r31,9
0001df f010          brlo isspace0
0001e0 30fe          cpi  r31,13+1
0001e1 f008          brlo isspace1
                 isspace0:
0001e2 27ee          clr  r30
                 isspace1:
0001e3 9508          ret
                 _isxdigit:
0001e4 e0e1          ldi  r30,1
0001e5 91f9          ld   r31,y+
0001e6 53f0          subi r31,0x30
0001e7 f040          brcs isxdigit0
0001e8 30fa          cpi  r31,10
0001e9 f038          brcs isxdigit1
0001ea 75ff          andi r31,0x5f
0001eb 50f7          subi r31,7
0001ec 30fa          cpi  r31,10
0001ed f010          brcs isxdigit0
0001ee 31f0          cpi  r31,16
0001ef f008          brcs isxdigit1
                 isxdigit0:
0001f0 27ee          clr  r30
                 isxdigit1:
0001f1 9508          ret
                 
                 	.CSEG
                 
                 	.CSEG
                 ;OPTIMIZER ADDED SUBROUTINE, CALLED 2 TIMES, CODE SIZE REDUCTION:1 WORDS
                 SUBOPT_0x0:
0001f2 81ae      	LDD  R26,Y+6
0001f3 81bf      	LDD  R27,Y+6+1
0001f4 e0ea      	LDI  R30,LOW(10)
0001f5 e0f0      	LDI  R31,HIGH(10)
0001f6 9508      	RET
                 
                 ;OPTIMIZER ADDED SUBROUTINE, CALLED 17 TIMES, CODE SIZE REDUCTION:14 WORDS
                 SUBOPT_0x1:
0001f7 93fa      	ST   -Y,R31
0001f8 93ea      	ST   -Y,R30
0001f9 9508      	RET
                 
                 ;OPTIMIZER ADDED SUBROUTINE, CALLED 8 TIMES, CODE SIZE REDUCTION:5 WORDS
                 SUBOPT_0x2:
0001fa 89e9      	LDD  R30,Y+17
0001fb 89fa      	LDD  R31,Y+17+1
0001fc 9508      	RET
                 
                 ;OPTIMIZER ADDED SUBROUTINE, CALLED 3 TIMES, CODE SIZE REDUCTION:2 WORDS
                 SUBOPT_0x3:
0001fd 933a      	ST   -Y,R19
0001fe dfdb      	RCALL _isspace
0001ff 30e0      	CPI  R30,0
000200 9508      	RET
                 
                 ;OPTIMIZER ADDED SUBROUTINE, CALLED 6 TIMES, CODE SIZE REDUCTION:18 WORDS
                 SUBOPT_0x4:
000201 85ed      	LDD  R30,Y+13
000202 85fe      	LDD  R31,Y+13+1
000203 dff3      	RCALL SUBOPT_0x1
000204 dff5      	RCALL SUBOPT_0x2
000205 9509      	ICALL
000206 9508      	RET
                 
                 ;OPTIMIZER ADDED SUBROUTINE, CALLED 6 TIMES, CODE SIZE REDUCTION:13 WORDS
                 SUBOPT_0x5:
000207 85ab      	LDD  R26,Y+11
000208 85bc      	LDD  R27,Y+11+1
000209 91ac      	LD   R26,X
00020a 30a0      	CPI  R26,0
00020b 9508      	RET
                 
                 ;OPTIMIZER ADDED SUBROUTINE, CALLED 7 TIMES, CODE SIZE REDUCTION:4 WORDS
                 SUBOPT_0x6:
00020c efef      	LDI  R30,LOW(65535)
00020d efff      	LDI  R31,HIGH(65535)
00020e 9508      	RET
                 
                 ;OPTIMIZER ADDED SUBROUTINE, CALLED 3 TIMES, CODE SIZE REDUCTION:16 WORDS
                 SUBOPT_0x7:
00020f 85ef      	LDD  R30,Y+15
000210 89f8      	LDD  R31,Y+15+1
000211 9734      	SBIW R30,4
000212 87ef      	STD  Y+15,R30
000213 8bf8      	STD  Y+15+1,R31
000214 85af      	LDD  R26,Y+15
000215 89b8      	LDD  R27,Y+15+1
000216 9614      	ADIW R26,4
000217 910d      	LD   R16,X+
000218 911c      	LD   R17,X
000219 9508      	RET
                 
                 
                 	.CSEG
                 _delay_ms:
00021a 91e9      	ld   r30,y+
00021b 91f9      	ld   r31,y+
00021c 9630      	adiw r30,0
00021d f039      	breq __delay_ms1
                 __delay_ms0:
                +
00021e ed80     +LDI R24 , LOW ( 0x7D0 )
00021f e097     +LDI R25 , HIGH ( 0x7D0 )
                +__DELAY_USW_LOOP :
000220 9701     +SBIW R24 , 1
000221 f7f1     +BRNE __DELAY_USW_LOOP
                 	__DELAY_USW 0x7D0
000222 95a8      	wdr
000223 9731      	sbiw r30,1
000224 f7c9      	brne __delay_ms0
                 __delay_ms1:
000225 9508      	ret
                 
                 __ADDW2R15:
000226 2400      	CLR  R0
000227 0daf      	ADD  R26,R15
000228 1db0      	ADC  R27,R0
000229 9508      	RET
                 
                 __ANEGW1:
00022a 95f1      	NEG  R31
00022b 95e1      	NEG  R30
00022c 40f0      	SBCI R31,0
00022d 9508      	RET
                 
                 __LSLW4:
00022e 0fee      	LSL  R30
00022f 1fff      	ROL  R31
                 __LSLW3:
000230 0fee      	LSL  R30
000231 1fff      	ROL  R31
                 __LSLW2:
000232 0fee      	LSL  R30
000233 1fff      	ROL  R31
000234 0fee      	LSL  R30
000235 1fff      	ROL  R31
000236 9508      	RET
                 
                 __MULW12U:
000237 9ffa      	MUL  R31,R26
000238 2df0      	MOV  R31,R0
000239 9feb      	MUL  R30,R27
00023a 0df0      	ADD  R31,R0
00023b 9fea      	MUL  R30,R26
00023c 2de0      	MOV  R30,R0
00023d 0df1      	ADD  R31,R1
00023e 9508      	RET
                 
                 __DIVW21U:
00023f 2400      	CLR  R0
000240 2411      	CLR  R1
000241 e190      	LDI  R25,16
                 __DIVW21U1:
000242 0faa      	LSL  R26
000243 1fbb      	ROL  R27
000244 1c00      	ROL  R0
000245 1c11      	ROL  R1
000246 1a0e      	SUB  R0,R30
000247 0a1f      	SBC  R1,R31
000248 f418      	BRCC __DIVW21U2
000249 0e0e      	ADD  R0,R30
00024a 1e1f      	ADC  R1,R31
00024b c001      	RJMP __DIVW21U3
                 __DIVW21U2:
00024c 60a1      	SBR  R26,1
                 __DIVW21U3:
00024d 959a      	DEC  R25
00024e f799      	BRNE __DIVW21U1
00024f 01fd      	MOVW R30,R26
000250 01d0      	MOVW R26,R0
000251 9508      	RET
                 
                 __DIVW21:
000252 d012      	RCALL __CHKSIGNW
000253 dfeb      	RCALL __DIVW21U
000254 f40e      	BRTC __DIVW211
000255 dfd4      	RCALL __ANEGW1
                 __DIVW211:
000256 9508      	RET
                 
                 __MODW21:
000257 94e8      	CLT
000258 ffb7      	SBRS R27,7
000259 c004      	RJMP __MODW211
00025a 95a0      	COM  R26
00025b 95b0      	COM  R27
00025c 9611      	ADIW R26,1
00025d 9468      	SET
                 __MODW211:
00025e fdf7      	SBRC R31,7
00025f dfca      	RCALL __ANEGW1
000260 dfde      	RCALL __DIVW21U
000261 01fd      	MOVW R30,R26
000262 f40e      	BRTC __MODW212
000263 dfc6      	RCALL __ANEGW1
                 __MODW212:
000264 9508      	RET
                 
                 __CHKSIGNW:
000265 94e8      	CLT
000266 fff7      	SBRS R31,7
000267 c002      	RJMP __CHKSW1
000268 dfc1      	RCALL __ANEGW1
000269 9468      	SET
                 __CHKSW1:
00026a ffb7      	SBRS R27,7
00026b c006      	RJMP __CHKSW2
00026c 95a0      	COM  R26
00026d 95b0      	COM  R27
00026e 9611      	ADIW R26,1
00026f f800      	BLD  R0,0
000270 9403      	INC  R0
000271 fa00      	BST  R0,0
                 __CHKSW2:
000272 9508      	RET
                 
                 __GETW1P:
000273 91ed      	LD   R30,X+
000274 91fc      	LD   R31,X
000275 9711      	SBIW R26,1
000276 9508      	RET
                 
                 __PUTPARD1L:
000277 e060      	LDI  R22,0
000278 e070      	LDI  R23,0
                 __PUTPARD1:
000279 937a      	ST   -Y,R23
00027a 936a      	ST   -Y,R22
00027b 93fa      	ST   -Y,R31
00027c 93ea      	ST   -Y,R30
00027d 9508      	RET
                 
                 __SAVELOCR6:
00027e 935a      	ST   -Y,R21
                 __SAVELOCR5:
00027f 934a      	ST   -Y,R20
                 __SAVELOCR4:
000280 933a      	ST   -Y,R19
                 __SAVELOCR3:
000281 932a      	ST   -Y,R18
                 __SAVELOCR2:
000282 931a      	ST   -Y,R17
000283 930a      	ST   -Y,R16
000284 9508      	RET
                 
                 __LOADLOCR6:
000285 815d      	LDD  R21,Y+5
                 __LOADLOCR5:
000286 814c      	LDD  R20,Y+4
                 __LOADLOCR4:
000287 813b      	LDD  R19,Y+3
                 __LOADLOCR3:
000288 812a      	LDD  R18,Y+2
                 __LOADLOCR2:
000289 8119      	LDD  R17,Y+1
00028a 8108      	LD   R16,Y
00028b 9508      	RET
                 
                 ;END OF CODE MARKER
                 __END_OF_CODE:


RESOURCE USE INFORMATION
------------------------

Notice:
The register and instruction counts are symbol table hit counts,
and hence implicitly used resources are not counted, eg, the
'lpm' instruction without operands implicitly uses r0 and z,
none of which are counted.

x,y,z are separate entities in the symbol table and are
counted separately from r26..r31 here.

.dseg memory usage only counts static data declared with .byte

ATmega8535 register use summary:
r0 :  14 r1 :   5 r2 :   0 r3 :   0 r4 :   0 r5 :   0 r6 :   0 r7 :   0 
r8 :   0 r9 :   0 r10:   0 r11:   0 r12:   0 r13:   0 r14:   0 r15:   4 
r16:  15 r17:  15 r18:  11 r19:  28 r20:  20 r21:  12 r22:   2 r23:   2 
r24:   8 r25:   4 r26:  38 r27:  17 r28:  11 r29:   1 r30: 190 r31:  68 
x  :  15 y  :  81 z  :   2 
Registers used: 22 out of 35 (62.9%)

ATmega8535 instruction use summary:
.lds  :   0 .lds.l:   0 .sts  :   0 .sts.l:   0 adc   :   4 add   :   7 
adiw  :  14 and   :   0 andi  :   1 asr   :   0 bclr  :   0 bld   :   1 
brbc  :   0 brbs  :   0 brcc  :   1 brcs  :   4 break :   0 breq  :  13 
brge  :   6 brhc  :   0 brhs  :   0 brid  :   0 brie  :   0 brlo  :   8 
brlt  :   0 brmi  :   0 brne  :  22 brpl  :   0 brsh  :   1 brtc  :   2 
brts  :   0 brvc  :   0 brvs  :   0 bset  :   0 bst   :   1 cbi   :   0 
cbr   :   0 clc   :   0 clh   :   0 cli   :   1 cln   :   0 clr   :   8 
cls   :   0 clt   :   2 clv   :   0 clz   :   0 com   :   4 cp    :   1 
cpc   :   0 cpi   :  38 cpse  :   0 dec   :   2 des   :   0 eor   :   0 
fmul  :   0 fmuls :   0 fmulsu:   0 icall :   1 ijmp  :   0 in    :  15 
inc   :   1 ld    :  12 ldd   :  34 ldi   :  58 lds   :   0 lpm   :   3 
lsl   :   5 lsr   :   0 mov   :  24 movw  :  16 mul   :   4 muls  :   0 
mulsu :   0 neg   :   2 nop   :   0 or    :   0 ori   :   0 out   :  44 
pop   :  11 push  :  11 rcall :  73 ret   :  29 reti  :   0 rjmp  :  67 
rol   :   7 ror   :   0 sbc   :   1 sbci  :   2 sbi   :   0 sbic  :   0 
sbis  :   1 sbiw  :  10 sbr   :   1 sbrc  :   2 sbrs  :   3 sec   :   0 
seh   :   0 sei   :   0 sen   :   0 ser   :   1 ses   :   0 set   :   2 
sev   :   0 sez   :   0 sleep :   0 spm   :   0 st    :  30 std   :  20 
sts   :   0 sub   :   1 subi  :   9 swap  :   0 tst   :   0 wdr   :   1 

Instructions used: 54 out of 114 (47.4%)

ATmega8535 memory use summary [bytes]:
Segment   Begin    End      Code   Data   Used    Size   Use%
---------------------------------------------------------------
[.cseg] 0x000000 0x000518   1282     22   1304    8192  15.9%
[.dseg] 0x000060 0x0000e0      0      0      0     512   0.0%
[.eseg] 0x000000 0x000000      0      0      0     512   0.0%

Assembly complete, 0 errors, 1 warnings
